2026-08-29 07:47:30.455 INFO: ===========VERIFYING SETTINGS===========
2026-08-29 07:47:30.456 INFO: MACE version: 0.3.14
2026-08-29 07:47:30.664 INFO: CUDA version: 12.8, CUDA device: 0
2026-08-29 07:47:30.838 INFO: ===========LOADING INPUT DATA===========
2026-08-29 07:47:30.838 INFO: Using heads: ['Default']
2026-08-29 07:47:30.838 INFO: Using the key specifications to parse data:
2026-08-29 07:47:30.838 INFO: Default: KeySpecification(info_keys={'energy': 'energy', 'stress': 'REF_stress', 'virials': 'REF_virials', 'dipole': 'dipole', 'head': 'head', 'elec_temp': 'elec_temp', 'total_charge': 'total_charge', 'polarizability': 'polarizability', 'total_spin': 'total_spin'}, arrays_keys={'forces': 'forces', 'charges': 'REF_charges'})
2026-08-29 07:47:30.838 INFO: =============    Processing head Default     ===========
2026-08-29 07:47:30.900 WARNING: Since ASE version 3.23.0b1, using energy_key 'energy' is no longer safe when communicating between MACE and ASE. We recommend using a different key, rewriting 'energy' to 'REF_energy'. You need to use --energy_key='REF_energy' to specify the chosen key name.
2026-08-29 07:47:30.907 WARNING: Since ASE version 3.23.0b1, using forces_key 'forces' is no longer safe when communicating between MACE and ASE. We recommend using a different key, rewriting 'forces' to 'REF_forces'. You need to use --forces_key='REF_forces' to specify the chosen key name.
2026-08-29 07:47:30.915 INFO: Training set 1/1 [energy: 50, stress: 0, virials: 0, dipole components: 0, head: 50, elec_temp: 0, total_charge: 0, polarizability: 0, total_spin: 0, forces: 50, charges: 0]
2026-08-29 07:47:30.915 INFO: Total Training set [energy: 50, stress: 0, virials: 0, dipole components: 0, head: 50, elec_temp: 0, total_charge: 0, polarizability: 0, total_spin: 0, forces: 50, charges: 0]
2026-08-29 07:47:31.415 WARNING: Since ASE version 3.23.0b1, using energy_key 'energy' is no longer safe when communicating between MACE and ASE. We recommend using a different key, rewriting 'energy' to 'REF_energy'. You need to use --energy_key='REF_energy' to specify the chosen key name.
2026-08-29 07:47:31.506 WARNING: Since ASE version 3.23.0b1, using forces_key 'forces' is no longer safe when communicating between MACE and ASE. We recommend using a different key, rewriting 'forces' to 'REF_forces'. You need to use --forces_key='REF_forces' to specify the chosen key name.
2026-08-29 07:47:31.629 INFO: Validation set 1/1 [energy: 800, stress: 0, virials: 0, dipole components: 0, head: 800, elec_temp: 0, total_charge: 0, polarizability: 0, total_spin: 0, forces: 800, charges: 0]
2026-08-29 07:47:31.632 INFO: Total Validation set [energy: 800, stress: 0, virials: 0, dipole components: 0, head: 800, elec_temp: 0, total_charge: 0, polarizability: 0, total_spin: 0, forces: 800, charges: 0]
2026-08-29 07:47:40.605 WARNING: Since ASE version 3.23.0b1, using energy_key 'energy' is no longer safe when communicating between MACE and ASE. We recommend using a different key, rewriting 'energy' to 'REF_energy'. You need to use --energy_key='REF_energy' to specify the chosen key name.
2026-08-29 07:47:42.415 WARNING: Since ASE version 3.23.0b1, using forces_key 'forces' is no longer safe when communicating between MACE and ASE. We recommend using a different key, rewriting 'forces' to 'REF_forces'. You need to use --forces_key='REF_forces' to specify the chosen key name.
2026-08-29 07:47:44.838 INFO: Test set 1/1 [energy: 15150, stress: 0, virials: 0, dipole components: 0, head: 15150, elec_temp: 0, total_charge: 0, polarizability: 0, total_spin: 0, forces: 15150, charges: 0]
2026-08-29 07:47:44.903 INFO: Total Test set [energy: 15150, stress: 0, virials: 0, dipole components: 0, head: 15150, elec_temp: 0, total_charge: 0, polarizability: 0, total_spin: 0, forces: 15150, charges: 0]
2026-08-29 07:47:44.903 INFO: Total number of configurations: train=50, valid=800, tests=[Default_Default: 15150],
2026-08-29 07:47:44.915 INFO: Atomic Numbers used: [3, 15, 16]
2026-08-29 07:47:44.915 INFO: Isolated Atomic Energies (E0s) not in training file, using command line argument
2026-08-29 07:47:44.915 INFO: Computing average Atomic Energies using least squares regression
2026-08-29 07:47:44.933 INFO: Atomic Energies used (z: eV) for head Default: {3: -3.947292652083176, 15: -1.3157642173610586, 16: -5.263056869444234}
2026-08-29 07:47:44.933 INFO: Processing datasets for head 'Default'
2026-08-29 07:47:45.036 INFO: Combining 1 list datasets for head 'Default'
2026-08-29 07:47:46.161 INFO: Combining 1 list datasets for head 'Default_valid'
2026-08-29 07:47:46.161 INFO: Combined validation datasets for Default
2026-08-29 07:47:46.161 INFO: Head 'Default' training dataset size: 50
2026-08-29 07:47:46.162 INFO: Computing average number of neighbors
2026-08-29 07:47:46.539 INFO: Average number of neighbors: 25.0576171875
2026-08-29 07:47:46.540 INFO: During training the following quantities will be reported: energy, forces
2026-08-29 07:47:46.540 INFO: ===========MODEL DETAILS===========
2026-08-29 07:47:46.616 INFO: Building model
2026-08-29 07:47:46.616 INFO: Message passing with 64 channels and max_L=1 (64x0e + 64x1o)
2026-08-29 07:47:46.616 INFO: 2 layers, each with correlation order: 3 (body order: 4) and spherical harmonics up to: l=3
2026-08-29 07:47:46.616 INFO: 8 radial and 5 basis functions
2026-08-29 07:47:46.616 INFO: Radial cutoff: 5.0 A (total receptive field for each atom: 10.0 A)
2026-08-29 07:47:46.616 INFO: Distance transform for radial basis functions: None
2026-08-29 07:47:46.616 INFO: Hidden irreps: 64x0e + 64x1o
2026-08-29 07:47:48.131 INFO: Total number of parameters: 241296
2026-08-29 07:47:48.132 INFO: 
2026-08-29 07:47:48.132 INFO: ===========OPTIMIZER INFORMATION===========
2026-08-29 07:47:48.132 INFO: Using ADAM as parameter optimizer
2026-08-29 07:47:48.132 INFO: Batch size: 4
2026-08-29 07:47:48.132 INFO: Using Exponential Moving Average with decay: 0.99
2026-08-29 07:47:48.132 INFO: Number of gradient updates: 6250
2026-08-29 07:47:48.132 INFO: Learning rate: 0.01, weight decay: 5e-07
2026-08-29 07:47:48.132 INFO: WeightedEnergyForcesLoss(energy_weight=1.000, forces_weight=20.000)
2026-08-29 07:47:48.134 WARNING: Cannot find checkpoint with tag 'MACE_FPS_50_DFT_Li3PS4_run-123' in './checkpoints'
2026-08-29 07:47:48.139 INFO: Using gradient clipping with tolerance=10.000
2026-08-29 07:47:48.139 INFO: 
2026-08-29 07:47:48.139 INFO: ===========TRAINING===========
2026-08-29 07:47:48.139 INFO: Started training, reporting errors on validation set
2026-08-29 07:47:48.139 INFO: Loss metrics on validation set
2026-08-29 07:47:58.748 INFO: Initial: head: Default, loss=1.92835581, RMSE_E_per_atom=   55.85 meV, RMSE_F=  620.90 meV / A
2026-08-29 07:48:08.411 INFO: Epoch 0: head: Default, loss=0.96919310, RMSE_E_per_atom=  291.79 meV, RMSE_F=  435.41 meV / A
2026-08-29 07:48:14.821 INFO: Epoch 1: head: Default, loss=0.56116354, RMSE_E_per_atom=  369.24 meV, RMSE_F=  324.68 meV / A
2026-08-29 07:48:20.984 INFO: Epoch 2: head: Default, loss=0.42499977, RMSE_E_per_atom=  365.57 meV, RMSE_F=  279.85 meV / A
2026-08-29 07:48:27.196 INFO: Epoch 3: head: Default, loss=0.33286536, RMSE_E_per_atom=  333.18 meV, RMSE_F=  247.03 meV / A
2026-08-29 07:48:33.373 INFO: Epoch 4: head: Default, loss=0.24092311, RMSE_E_per_atom=  263.20 meV, RMSE_F=  211.47 meV / A
2026-08-29 07:48:39.538 INFO: Epoch 5: head: Default, loss=0.18687248, RMSE_E_per_atom=  177.65 meV, RMSE_F=  189.20 meV / A
2026-08-29 07:48:45.790 INFO: Epoch 6: head: Default, loss=0.15718046, RMSE_E_per_atom=  110.63 meV, RMSE_F=  175.57 meV / A
2026-08-29 07:48:51.942 INFO: Epoch 7: head: Default, loss=0.13750860, RMSE_E_per_atom=   81.30 meV, RMSE_F=  164.84 meV / A
2026-08-29 07:48:58.144 INFO: Epoch 8: head: Default, loss=0.11806382, RMSE_E_per_atom=   69.09 meV, RMSE_F=  152.89 meV / A
2026-08-29 07:49:04.341 INFO: Epoch 9: head: Default, loss=0.10196867, RMSE_E_per_atom=   59.80 meV, RMSE_F=  142.18 meV / A
2026-08-29 07:49:10.567 INFO: Epoch 10: head: Default, loss=0.08969333, RMSE_E_per_atom=   55.83 meV, RMSE_F=  133.35 meV / A
2026-08-29 07:49:16.752 INFO: Epoch 11: head: Default, loss=0.07920368, RMSE_E_per_atom=   52.47 meV, RMSE_F=  125.31 meV / A
2026-08-29 07:49:22.952 INFO: Epoch 12: head: Default, loss=0.07016754, RMSE_E_per_atom=   44.58 meV, RMSE_F=  118.04 meV / A
2026-08-29 07:49:29.172 INFO: Epoch 13: head: Default, loss=0.06239472, RMSE_E_per_atom=   40.51 meV, RMSE_F=  111.34 meV / A
2026-08-29 07:49:35.343 INFO: Epoch 14: head: Default, loss=0.05609627, RMSE_E_per_atom=   36.90 meV, RMSE_F=  105.60 meV / A
2026-08-29 07:49:41.589 INFO: Epoch 15: head: Default, loss=0.05088278, RMSE_E_per_atom=   31.25 meV, RMSE_F=  100.64 meV / A
2026-08-29 07:49:47.780 INFO: Epoch 16: head: Default, loss=0.04696227, RMSE_E_per_atom=   28.92 meV, RMSE_F=   96.70 meV / A
2026-08-29 07:49:54.015 INFO: Epoch 17: head: Default, loss=0.04351222, RMSE_E_per_atom=   25.58 meV, RMSE_F=   93.11 meV / A
2026-08-29 07:50:00.258 INFO: Epoch 18: head: Default, loss=0.04074452, RMSE_E_per_atom=   23.62 meV, RMSE_F=   90.12 meV / A
2026-08-29 07:50:06.448 INFO: Epoch 19: head: Default, loss=0.03830184, RMSE_E_per_atom=   22.52 meV, RMSE_F=   87.38 meV / A
2026-08-29 07:50:12.683 INFO: Epoch 20: head: Default, loss=0.03616652, RMSE_E_per_atom=   21.40 meV, RMSE_F=   84.91 meV / A
2026-08-29 07:50:18.903 INFO: Epoch 21: head: Default, loss=0.03427317, RMSE_E_per_atom=   19.25 meV, RMSE_F=   82.68 meV / A
2026-08-29 07:50:25.119 INFO: Epoch 22: head: Default, loss=0.03264117, RMSE_E_per_atom=   16.14 meV, RMSE_F=   80.72 meV / A
2026-08-29 07:50:31.297 INFO: Epoch 23: head: Default, loss=0.03124522, RMSE_E_per_atom=   14.73 meV, RMSE_F=   78.98 meV / A
2026-08-29 07:50:37.478 INFO: Epoch 24: head: Default, loss=0.02992998, RMSE_E_per_atom=   11.76 meV, RMSE_F=   77.32 meV / A
2026-08-29 07:50:43.691 INFO: Epoch 25: head: Default, loss=0.02872861, RMSE_E_per_atom=   11.35 meV, RMSE_F=   75.76 meV / A
2026-08-29 07:50:49.889 INFO: Epoch 26: head: Default, loss=0.02770940, RMSE_E_per_atom=    9.80 meV, RMSE_F=   74.41 meV / A
2026-08-29 07:50:56.057 INFO: Epoch 27: head: Default, loss=0.02663178, RMSE_E_per_atom=    9.58 meV, RMSE_F=   72.95 meV / A
2026-08-29 07:51:02.236 INFO: Epoch 28: head: Default, loss=0.02574253, RMSE_E_per_atom=    9.64 meV, RMSE_F=   71.72 meV / A
2026-08-29 07:51:08.405 INFO: Epoch 29: head: Default, loss=0.02491539, RMSE_E_per_atom=    9.27 meV, RMSE_F=   70.56 meV / A
2026-08-29 07:51:14.574 INFO: Epoch 30: head: Default, loss=0.02413754, RMSE_E_per_atom=    8.31 meV, RMSE_F=   69.46 meV / A
2026-08-29 07:51:20.750 INFO: Epoch 31: head: Default, loss=0.02334082, RMSE_E_per_atom=    7.37 meV, RMSE_F=   68.30 meV / A
2026-08-29 07:51:26.905 INFO: Epoch 32: head: Default, loss=0.02252967, RMSE_E_per_atom=    6.85 meV, RMSE_F=   67.11 meV / A
2026-08-29 07:51:33.086 INFO: Epoch 33: head: Default, loss=0.02175140, RMSE_E_per_atom=    5.92 meV, RMSE_F=   65.94 meV / A
2026-08-29 07:51:39.234 INFO: Epoch 34: head: Default, loss=0.02098921, RMSE_E_per_atom=    5.50 meV, RMSE_F=   64.78 meV / A
2026-08-29 07:51:45.375 INFO: Epoch 35: head: Default, loss=0.02027173, RMSE_E_per_atom=    5.73 meV, RMSE_F=   63.66 meV / A
2026-08-29 07:51:51.504 INFO: Epoch 36: head: Default, loss=0.01963360, RMSE_E_per_atom=    5.08 meV, RMSE_F=   62.65 meV / A
2026-08-29 07:51:57.659 INFO: Epoch 37: head: Default, loss=0.01901899, RMSE_E_per_atom=    5.03 meV, RMSE_F=   61.66 meV / A
2026-08-29 07:52:03.808 INFO: Epoch 38: head: Default, loss=0.01844263, RMSE_E_per_atom=    4.69 meV, RMSE_F=   60.72 meV / A
2026-08-29 07:52:09.944 INFO: Epoch 39: head: Default, loss=0.01791843, RMSE_E_per_atom=    4.56 meV, RMSE_F=   59.86 meV / A
2026-08-29 07:52:16.094 INFO: Epoch 40: head: Default, loss=0.01742383, RMSE_E_per_atom=    5.18 meV, RMSE_F=   59.02 meV / A
2026-08-29 07:52:22.247 INFO: Epoch 41: head: Default, loss=0.01702910, RMSE_E_per_atom=    6.08 meV, RMSE_F=   58.34 meV / A
2026-08-29 07:52:28.387 INFO: Epoch 42: head: Default, loss=0.01662707, RMSE_E_per_atom=    5.48 meV, RMSE_F=   57.65 meV / A
2026-08-29 07:52:34.539 INFO: Epoch 43: head: Default, loss=0.01623964, RMSE_E_per_atom=    5.62 meV, RMSE_F=   56.98 meV / A
2026-08-29 07:52:40.666 INFO: Epoch 44: head: Default, loss=0.01585226, RMSE_E_per_atom=    5.41 meV, RMSE_F=   56.29 meV / A
2026-08-29 07:52:46.793 INFO: Epoch 45: head: Default, loss=0.01547644, RMSE_E_per_atom=    4.93 meV, RMSE_F=   55.62 meV / A
2026-08-29 07:52:52.929 INFO: Epoch 46: head: Default, loss=0.01512991, RMSE_E_per_atom=    5.07 meV, RMSE_F=   55.00 meV / A
2026-08-29 07:52:59.066 INFO: Epoch 47: head: Default, loss=0.01479407, RMSE_E_per_atom=    4.66 meV, RMSE_F=   54.38 meV / A
2026-08-29 07:53:05.204 INFO: Epoch 48: head: Default, loss=0.01449081, RMSE_E_per_atom=    4.57 meV, RMSE_F=   53.82 meV / A
2026-08-29 07:53:11.342 INFO: Epoch 49: head: Default, loss=0.01421369, RMSE_E_per_atom=    5.07 meV, RMSE_F=   53.31 meV / A
2026-08-29 07:53:17.488 INFO: Epoch 50: head: Default, loss=0.01394511, RMSE_E_per_atom=    4.96 meV, RMSE_F=   52.80 meV / A
2026-08-29 07:53:23.638 INFO: Epoch 51: head: Default, loss=0.01369359, RMSE_E_per_atom=    5.12 meV, RMSE_F=   52.32 meV / A
2026-08-29 07:53:29.779 INFO: Epoch 52: head: Default, loss=0.01350076, RMSE_E_per_atom=    5.32 meV, RMSE_F=   51.95 meV / A
2026-08-29 07:53:35.925 INFO: Epoch 53: head: Default, loss=0.01335376, RMSE_E_per_atom=    6.80 meV, RMSE_F=   51.66 meV / A
2026-08-29 07:53:42.049 INFO: Epoch 54: head: Default, loss=0.01316273, RMSE_E_per_atom=    6.91 meV, RMSE_F=   51.29 meV / A
2026-08-29 07:53:48.195 INFO: Epoch 55: head: Default, loss=0.01295757, RMSE_E_per_atom=    6.12 meV, RMSE_F=   50.89 meV / A
2026-08-29 07:53:54.365 INFO: Epoch 56: head: Default, loss=0.01275311, RMSE_E_per_atom=    6.30 meV, RMSE_F=   50.48 meV / A
2026-08-29 07:54:00.489 INFO: Epoch 57: head: Default, loss=0.01254975, RMSE_E_per_atom=    5.40 meV, RMSE_F=   50.08 meV / A
2026-08-29 07:54:06.615 INFO: Epoch 58: head: Default, loss=0.01235263, RMSE_E_per_atom=    5.45 meV, RMSE_F=   49.69 meV / A
2026-08-29 07:54:12.740 INFO: Epoch 59: head: Default, loss=0.01217215, RMSE_E_per_atom=    5.22 meV, RMSE_F=   49.33 meV / A
2026-08-29 07:54:18.869 INFO: Epoch 60: head: Default, loss=0.01199101, RMSE_E_per_atom=    5.03 meV, RMSE_F=   48.96 meV / A
2026-08-29 07:54:25.016 INFO: Epoch 61: head: Default, loss=0.01184682, RMSE_E_per_atom=    5.35 meV, RMSE_F=   48.66 meV / A
2026-08-29 07:54:31.142 INFO: Epoch 62: head: Default, loss=0.01170728, RMSE_E_per_atom=    5.42 meV, RMSE_F=   48.37 meV / A
2026-08-29 07:54:37.294 INFO: Epoch 63: head: Default, loss=0.01159550, RMSE_E_per_atom=    6.01 meV, RMSE_F=   48.14 meV / A
2026-08-29 07:54:43.453 INFO: Epoch 64: head: Default, loss=0.01148279, RMSE_E_per_atom=    5.65 meV, RMSE_F=   47.91 meV / A
2026-08-29 07:54:49.617 INFO: Epoch 65: head: Default, loss=0.01136985, RMSE_E_per_atom=    5.40 meV, RMSE_F=   47.67 meV / A
2026-08-29 07:54:55.769 INFO: Epoch 66: head: Default, loss=0.01126881, RMSE_E_per_atom=    5.96 meV, RMSE_F=   47.46 meV / A
2026-08-29 07:55:01.919 INFO: Epoch 67: head: Default, loss=0.01115567, RMSE_E_per_atom=    5.73 meV, RMSE_F=   47.22 meV / A
2026-08-29 07:55:08.076 INFO: Epoch 68: head: Default, loss=0.01102721, RMSE_E_per_atom=    5.23 meV, RMSE_F=   46.95 meV / A
2026-08-29 07:55:14.226 INFO: Epoch 69: head: Default, loss=0.01090207, RMSE_E_per_atom=    4.92 meV, RMSE_F=   46.68 meV / A
2026-08-29 07:55:20.348 INFO: Epoch 70: head: Default, loss=0.01077679, RMSE_E_per_atom=    4.59 meV, RMSE_F=   46.41 meV / A
2026-08-29 07:55:26.485 INFO: Epoch 71: head: Default, loss=0.01065020, RMSE_E_per_atom=    4.23 meV, RMSE_F=   46.14 meV / A
2026-08-29 07:55:32.606 INFO: Epoch 72: head: Default, loss=0.01053377, RMSE_E_per_atom=    4.05 meV, RMSE_F=   45.89 meV / A
2026-08-29 07:55:38.746 INFO: Epoch 73: head: Default, loss=0.01041752, RMSE_E_per_atom=    3.84 meV, RMSE_F=   45.64 meV / A
2026-08-29 07:55:44.869 INFO: Epoch 74: head: Default, loss=0.01030630, RMSE_E_per_atom=    3.54 meV, RMSE_F=   45.39 meV / A
2026-08-29 07:55:51.027 INFO: Epoch 75: head: Default, loss=0.01019845, RMSE_E_per_atom=    3.62 meV, RMSE_F=   45.16 meV / A
2026-08-29 07:55:57.208 INFO: Epoch 76: head: Default, loss=0.01009236, RMSE_E_per_atom=    3.26 meV, RMSE_F=   44.92 meV / A
2026-08-29 07:56:03.358 INFO: Epoch 77: head: Default, loss=0.00999412, RMSE_E_per_atom=    3.15 meV, RMSE_F=   44.70 meV / A
2026-08-29 07:56:09.544 INFO: Epoch 78: head: Default, loss=0.00989585, RMSE_E_per_atom=    3.15 meV, RMSE_F=   44.48 meV / A
2026-08-29 07:56:15.693 INFO: Epoch 79: head: Default, loss=0.00980078, RMSE_E_per_atom=    2.94 meV, RMSE_F=   44.27 meV / A
2026-08-29 07:56:21.849 INFO: Epoch 80: head: Default, loss=0.00972174, RMSE_E_per_atom=    3.24 meV, RMSE_F=   44.09 meV / A
2026-08-29 07:56:28.010 INFO: Epoch 81: head: Default, loss=0.00963195, RMSE_E_per_atom=    3.16 meV, RMSE_F=   43.88 meV / A
2026-08-29 07:56:34.149 INFO: Epoch 82: head: Default, loss=0.00955454, RMSE_E_per_atom=    3.06 meV, RMSE_F=   43.71 meV / A
2026-08-29 07:56:40.282 INFO: Epoch 83: head: Default, loss=0.00947788, RMSE_E_per_atom=    2.91 meV, RMSE_F=   43.53 meV / A
2026-08-29 07:56:46.399 INFO: Epoch 84: head: Default, loss=0.00939435, RMSE_E_per_atom=    3.00 meV, RMSE_F=   43.34 meV / A
2026-08-29 07:56:52.521 INFO: Epoch 85: head: Default, loss=0.00931095, RMSE_E_per_atom=    2.77 meV, RMSE_F=   43.15 meV / A
2026-08-29 07:56:58.645 INFO: Epoch 86: head: Default, loss=0.00922736, RMSE_E_per_atom=    2.71 meV, RMSE_F=   42.95 meV / A
2026-08-29 07:57:04.774 INFO: Epoch 87: head: Default, loss=0.00915155, RMSE_E_per_atom=    2.50 meV, RMSE_F=   42.78 meV / A
2026-08-29 07:57:10.906 INFO: Epoch 88: head: Default, loss=0.00907251, RMSE_E_per_atom=    2.62 meV, RMSE_F=   42.59 meV / A
2026-08-29 07:57:17.032 INFO: Epoch 89: head: Default, loss=0.00899149, RMSE_E_per_atom=    2.34 meV, RMSE_F=   42.40 meV / A
2026-08-29 07:57:23.151 INFO: Epoch 90: head: Default, loss=0.00891980, RMSE_E_per_atom=    2.32 meV, RMSE_F=   42.23 meV / A
2026-08-29 07:57:29.297 INFO: Epoch 91: head: Default, loss=0.00884550, RMSE_E_per_atom=    2.02 meV, RMSE_F=   42.06 meV / A
2026-08-29 07:57:35.420 INFO: Epoch 92: head: Default, loss=0.00877942, RMSE_E_per_atom=    2.29 meV, RMSE_F=   41.90 meV / A
2026-08-29 07:57:41.556 INFO: Epoch 93: head: Default, loss=0.00871094, RMSE_E_per_atom=    2.05 meV, RMSE_F=   41.74 meV / A
2026-08-29 07:57:47.676 INFO: Epoch 94: head: Default, loss=0.00864853, RMSE_E_per_atom=    2.17 meV, RMSE_F=   41.59 meV / A
2026-08-29 07:57:53.800 INFO: Epoch 95: head: Default, loss=0.00859791, RMSE_E_per_atom=    2.29 meV, RMSE_F=   41.46 meV / A
2026-08-29 07:57:59.935 INFO: Epoch 96: head: Default, loss=0.00854881, RMSE_E_per_atom=    2.20 meV, RMSE_F=   41.35 meV / A
2026-08-29 07:58:06.061 INFO: Epoch 97: head: Default, loss=0.00849143, RMSE_E_per_atom=    2.40 meV, RMSE_F=   41.21 meV / A
2026-08-29 07:58:12.184 INFO: Epoch 98: head: Default, loss=0.00843597, RMSE_E_per_atom=    2.33 meV, RMSE_F=   41.07 meV / A
2026-08-29 07:58:18.310 INFO: Epoch 99: head: Default, loss=0.00838205, RMSE_E_per_atom=    2.13 meV, RMSE_F=   40.94 meV / A
2026-08-29 07:58:24.451 INFO: Epoch 100: head: Default, loss=0.00832963, RMSE_E_per_atom=    2.05 meV, RMSE_F=   40.81 meV / A
2026-08-29 07:58:30.578 INFO: Epoch 101: head: Default, loss=0.00827655, RMSE_E_per_atom=    1.98 meV, RMSE_F=   40.68 meV / A
2026-08-29 07:58:36.694 INFO: Epoch 102: head: Default, loss=0.00822571, RMSE_E_per_atom=    1.90 meV, RMSE_F=   40.56 meV / A
2026-08-29 07:58:42.823 INFO: Epoch 103: head: Default, loss=0.00817506, RMSE_E_per_atom=    1.76 meV, RMSE_F=   40.43 meV / A
2026-08-29 07:58:48.937 INFO: Epoch 104: head: Default, loss=0.00812253, RMSE_E_per_atom=    1.85 meV, RMSE_F=   40.30 meV / A
2026-08-29 07:58:55.064 INFO: Epoch 105: head: Default, loss=0.00807013, RMSE_E_per_atom=    1.77 meV, RMSE_F=   40.17 meV / A
2026-08-29 07:59:01.193 INFO: Epoch 106: head: Default, loss=0.00802024, RMSE_E_per_atom=    1.72 meV, RMSE_F=   40.05 meV / A
2026-08-29 07:59:07.313 INFO: Epoch 107: head: Default, loss=0.00796968, RMSE_E_per_atom=    1.58 meV, RMSE_F=   39.92 meV / A
2026-08-29 07:59:13.429 INFO: Epoch 108: head: Default, loss=0.00791907, RMSE_E_per_atom=    1.53 meV, RMSE_F=   39.80 meV / A
2026-08-29 07:59:19.546 INFO: Epoch 109: head: Default, loss=0.00787280, RMSE_E_per_atom=    1.51 meV, RMSE_F=   39.68 meV / A
2026-08-29 07:59:25.675 INFO: Epoch 110: head: Default, loss=0.00782424, RMSE_E_per_atom=    1.59 meV, RMSE_F=   39.56 meV / A
2026-08-29 07:59:31.787 INFO: Epoch 111: head: Default, loss=0.00777937, RMSE_E_per_atom=    1.56 meV, RMSE_F=   39.44 meV / A
2026-08-29 07:59:37.902 INFO: Epoch 112: head: Default, loss=0.00773974, RMSE_E_per_atom=    1.55 meV, RMSE_F=   39.34 meV / A
2026-08-29 07:59:44.028 INFO: Epoch 113: head: Default, loss=0.00769860, RMSE_E_per_atom=    1.44 meV, RMSE_F=   39.24 meV / A
2026-08-29 07:59:50.140 INFO: Epoch 114: head: Default, loss=0.00766288, RMSE_E_per_atom=    1.44 meV, RMSE_F=   39.15 meV / A
2026-08-29 07:59:56.275 INFO: Epoch 115: head: Default, loss=0.00762577, RMSE_E_per_atom=    1.54 meV, RMSE_F=   39.05 meV / A
2026-08-29 08:00:02.385 INFO: Epoch 116: head: Default, loss=0.00758796, RMSE_E_per_atom=    1.64 meV, RMSE_F=   38.95 meV / A
2026-08-29 08:00:08.500 INFO: Epoch 117: head: Default, loss=0.00755150, RMSE_E_per_atom=    1.52 meV, RMSE_F=   38.86 meV / A
2026-08-29 08:00:14.623 INFO: Epoch 118: head: Default, loss=0.00751877, RMSE_E_per_atom=    1.64 meV, RMSE_F=   38.78 meV / A
2026-08-29 08:00:20.734 INFO: Epoch 119: head: Default, loss=0.00748336, RMSE_E_per_atom=    1.43 meV, RMSE_F=   38.69 meV / A
2026-08-29 08:00:26.845 INFO: Epoch 120: head: Default, loss=0.00744912, RMSE_E_per_atom=    1.33 meV, RMSE_F=   38.60 meV / A
2026-08-29 08:00:32.952 INFO: Epoch 121: head: Default, loss=0.00741646, RMSE_E_per_atom=    1.27 meV, RMSE_F=   38.51 meV / A
2026-08-29 08:00:39.059 INFO: Epoch 122: head: Default, loss=0.00738567, RMSE_E_per_atom=    1.29 meV, RMSE_F=   38.43 meV / A
2026-08-29 08:00:45.168 INFO: Epoch 123: head: Default, loss=0.00735517, RMSE_E_per_atom=    1.29 meV, RMSE_F=   38.35 meV / A
2026-08-29 08:00:51.270 INFO: Epoch 124: head: Default, loss=0.00732350, RMSE_E_per_atom=    1.27 meV, RMSE_F=   38.27 meV / A
2026-08-29 08:00:57.363 INFO: Epoch 125: head: Default, loss=0.00728954, RMSE_E_per_atom=    1.18 meV, RMSE_F=   38.18 meV / A
2026-08-29 08:01:03.454 INFO: Epoch 126: head: Default, loss=0.00725858, RMSE_E_per_atom=    1.15 meV, RMSE_F=   38.10 meV / A
2026-08-29 08:01:09.541 INFO: Epoch 127: head: Default, loss=0.00722612, RMSE_E_per_atom=    1.22 meV, RMSE_F=   38.02 meV / A
2026-08-29 08:01:15.627 INFO: Epoch 128: head: Default, loss=0.00719437, RMSE_E_per_atom=    1.06 meV, RMSE_F=   37.93 meV / A
2026-08-29 08:01:21.707 INFO: Epoch 129: head: Default, loss=0.00716297, RMSE_E_per_atom=    1.21 meV, RMSE_F=   37.85 meV / A
2026-08-29 08:01:27.782 INFO: Epoch 130: head: Default, loss=0.00713434, RMSE_E_per_atom=    1.18 meV, RMSE_F=   37.77 meV / A
2026-08-29 08:01:33.852 INFO: Epoch 131: head: Default, loss=0.00710579, RMSE_E_per_atom=    1.19 meV, RMSE_F=   37.70 meV / A
2026-08-29 08:01:39.920 INFO: Epoch 132: head: Default, loss=0.00707932, RMSE_E_per_atom=    1.16 meV, RMSE_F=   37.63 meV / A
2026-08-29 08:01:45.992 INFO: Epoch 133: head: Default, loss=0.00705395, RMSE_E_per_atom=    1.11 meV, RMSE_F=   37.56 meV / A
2026-08-29 08:01:52.053 INFO: Epoch 134: head: Default, loss=0.00702991, RMSE_E_per_atom=    1.10 meV, RMSE_F=   37.50 meV / A
2026-08-29 08:01:58.106 INFO: Epoch 135: head: Default, loss=0.00700728, RMSE_E_per_atom=    0.99 meV, RMSE_F=   37.44 meV / A
2026-08-29 08:02:04.159 INFO: Epoch 136: head: Default, loss=0.00698482, RMSE_E_per_atom=    1.16 meV, RMSE_F=   37.38 meV / A
2026-08-29 08:02:10.232 INFO: Epoch 137: head: Default, loss=0.00696087, RMSE_E_per_atom=    1.21 meV, RMSE_F=   37.31 meV / A
2026-08-29 08:02:16.277 INFO: Epoch 138: head: Default, loss=0.00693752, RMSE_E_per_atom=    1.05 meV, RMSE_F=   37.25 meV / A
2026-08-29 08:02:22.323 INFO: Epoch 139: head: Default, loss=0.00691556, RMSE_E_per_atom=    1.18 meV, RMSE_F=   37.19 meV / A
2026-08-29 08:02:28.371 INFO: Epoch 140: head: Default, loss=0.00689401, RMSE_E_per_atom=    1.12 meV, RMSE_F=   37.13 meV / A
2026-08-29 08:02:34.422 INFO: Epoch 141: head: Default, loss=0.00687125, RMSE_E_per_atom=    1.08 meV, RMSE_F=   37.07 meV / A
2026-08-29 08:02:40.492 INFO: Epoch 142: head: Default, loss=0.00684799, RMSE_E_per_atom=    1.00 meV, RMSE_F=   37.01 meV / A
2026-08-29 08:02:46.543 INFO: Epoch 143: head: Default, loss=0.00682088, RMSE_E_per_atom=    1.05 meV, RMSE_F=   36.93 meV / A
2026-08-29 08:02:52.594 INFO: Epoch 144: head: Default, loss=0.00679853, RMSE_E_per_atom=    0.97 meV, RMSE_F=   36.87 meV / A
2026-08-29 08:02:58.686 INFO: Epoch 145: head: Default, loss=0.00677688, RMSE_E_per_atom=    0.92 meV, RMSE_F=   36.81 meV / A
2026-08-29 08:03:04.789 INFO: Epoch 146: head: Default, loss=0.00675264, RMSE_E_per_atom=    0.93 meV, RMSE_F=   36.75 meV / A
2026-08-29 08:03:10.900 INFO: Epoch 147: head: Default, loss=0.00673262, RMSE_E_per_atom=    0.87 meV, RMSE_F=   36.69 meV / A
2026-08-29 08:03:16.977 INFO: Epoch 148: head: Default, loss=0.00671444, RMSE_E_per_atom=    0.82 meV, RMSE_F=   36.64 meV / A
2026-08-29 08:03:23.098 INFO: Epoch 149: head: Default, loss=0.00669507, RMSE_E_per_atom=    0.99 meV, RMSE_F=   36.59 meV / A
2026-08-29 08:03:29.221 INFO: Epoch 150: head: Default, loss=0.00667573, RMSE_E_per_atom=    0.90 meV, RMSE_F=   36.54 meV / A
2026-08-29 08:03:35.338 INFO: Epoch 151: head: Default, loss=0.00665696, RMSE_E_per_atom=    1.08 meV, RMSE_F=   36.49 meV / A
2026-08-29 08:03:41.481 INFO: Epoch 152: head: Default, loss=0.00663971, RMSE_E_per_atom=    1.08 meV, RMSE_F=   36.44 meV / A
2026-08-29 08:03:47.607 INFO: Epoch 153: head: Default, loss=0.00662073, RMSE_E_per_atom=    1.11 meV, RMSE_F=   36.39 meV / A
2026-08-29 08:03:53.722 INFO: Epoch 154: head: Default, loss=0.00660344, RMSE_E_per_atom=    1.16 meV, RMSE_F=   36.34 meV / A
2026-08-29 08:03:59.884 INFO: Epoch 155: head: Default, loss=0.00658973, RMSE_E_per_atom=    1.13 meV, RMSE_F=   36.30 meV / A
2026-08-29 08:04:05.978 INFO: Epoch 156: head: Default, loss=0.00657820, RMSE_E_per_atom=    1.24 meV, RMSE_F=   36.27 meV / A
2026-08-29 08:04:12.083 INFO: Epoch 157: head: Default, loss=0.00656708, RMSE_E_per_atom=    0.98 meV, RMSE_F=   36.24 meV / A
2026-08-29 08:04:18.156 INFO: Epoch 158: head: Default, loss=0.00655392, RMSE_E_per_atom=    1.10 meV, RMSE_F=   36.20 meV / A
2026-08-29 08:04:24.290 INFO: Epoch 159: head: Default, loss=0.00653867, RMSE_E_per_atom=    1.05 meV, RMSE_F=   36.16 meV / A
2026-08-29 08:04:30.412 INFO: Epoch 160: head: Default, loss=0.00652484, RMSE_E_per_atom=    0.96 meV, RMSE_F=   36.12 meV / A
2026-08-29 08:04:36.531 INFO: Epoch 161: head: Default, loss=0.00650752, RMSE_E_per_atom=    0.86 meV, RMSE_F=   36.08 meV / A
2026-08-29 08:04:42.721 INFO: Epoch 162: head: Default, loss=0.00649329, RMSE_E_per_atom=    0.93 meV, RMSE_F=   36.04 meV / A
2026-08-29 08:04:48.889 INFO: Epoch 163: head: Default, loss=0.00648097, RMSE_E_per_atom=    0.93 meV, RMSE_F=   36.00 meV / A
2026-08-29 08:04:55.046 INFO: Epoch 164: head: Default, loss=0.00646748, RMSE_E_per_atom=    0.88 meV, RMSE_F=   35.96 meV / A
2026-08-29 08:05:01.181 INFO: Epoch 165: head: Default, loss=0.00645543, RMSE_E_per_atom=    0.86 meV, RMSE_F=   35.93 meV / A
2026-08-29 08:05:07.327 INFO: Epoch 166: head: Default, loss=0.00644390, RMSE_E_per_atom=    0.94 meV, RMSE_F=   35.90 meV / A
2026-08-29 08:05:13.507 INFO: Epoch 167: head: Default, loss=0.00642709, RMSE_E_per_atom=    0.89 meV, RMSE_F=   35.85 meV / A
2026-08-29 08:05:19.640 INFO: Epoch 168: head: Default, loss=0.00641108, RMSE_E_per_atom=    0.95 meV, RMSE_F=   35.81 meV / A
2026-08-29 08:05:25.779 INFO: Epoch 169: head: Default, loss=0.00639564, RMSE_E_per_atom=    0.95 meV, RMSE_F=   35.76 meV / A
2026-08-29 08:05:31.876 INFO: Epoch 170: head: Default, loss=0.00638156, RMSE_E_per_atom=    1.07 meV, RMSE_F=   35.72 meV / A
2026-08-29 08:05:37.925 INFO: Epoch 171: head: Default, loss=0.00636673, RMSE_E_per_atom=    0.97 meV, RMSE_F=   35.68 meV / A
2026-08-29 08:05:43.981 INFO: Epoch 172: head: Default, loss=0.00635413, RMSE_E_per_atom=    0.92 meV, RMSE_F=   35.65 meV / A
2026-08-29 08:05:50.028 INFO: Epoch 173: head: Default, loss=0.00634216, RMSE_E_per_atom=    0.97 meV, RMSE_F=   35.61 meV / A
2026-08-29 08:05:56.075 INFO: Epoch 174: head: Default, loss=0.00632875, RMSE_E_per_atom=    0.89 meV, RMSE_F=   35.58 meV / A
2026-08-29 08:06:02.119 INFO: Epoch 175: head: Default, loss=0.00631239, RMSE_E_per_atom=    0.80 meV, RMSE_F=   35.53 meV / A
2026-08-29 08:06:08.166 INFO: Epoch 176: head: Default, loss=0.00629890, RMSE_E_per_atom=    0.86 meV, RMSE_F=   35.49 meV / A
2026-08-29 08:06:14.228 INFO: Epoch 177: head: Default, loss=0.00628609, RMSE_E_per_atom=    0.86 meV, RMSE_F=   35.46 meV / A
2026-08-29 08:06:20.278 INFO: Epoch 178: head: Default, loss=0.00627146, RMSE_E_per_atom=    0.85 meV, RMSE_F=   35.42 meV / A
2026-08-29 08:06:26.336 INFO: Epoch 179: head: Default, loss=0.00625866, RMSE_E_per_atom=    0.81 meV, RMSE_F=   35.38 meV / A
2026-08-29 08:06:32.383 INFO: Epoch 180: head: Default, loss=0.00624763, RMSE_E_per_atom=    0.88 meV, RMSE_F=   35.35 meV / A
2026-08-29 08:06:38.429 INFO: Epoch 181: head: Default, loss=0.00623870, RMSE_E_per_atom=    0.80 meV, RMSE_F=   35.32 meV / A
2026-08-29 08:06:44.485 INFO: Epoch 182: head: Default, loss=0.00622791, RMSE_E_per_atom=    0.73 meV, RMSE_F=   35.29 meV / A
2026-08-29 08:06:50.536 INFO: Epoch 183: head: Default, loss=0.00621470, RMSE_E_per_atom=    0.74 meV, RMSE_F=   35.25 meV / A
2026-08-29 08:06:56.580 INFO: Epoch 184: head: Default, loss=0.00620406, RMSE_E_per_atom=    0.74 meV, RMSE_F=   35.22 meV / A
2026-08-29 08:07:02.639 INFO: Epoch 185: head: Default, loss=0.00619181, RMSE_E_per_atom=    0.76 meV, RMSE_F=   35.19 meV / A
2026-08-29 08:07:08.687 INFO: Epoch 186: head: Default, loss=0.00618056, RMSE_E_per_atom=    0.81 meV, RMSE_F=   35.16 meV / A
2026-08-29 08:07:14.743 INFO: Epoch 187: head: Default, loss=0.00616648, RMSE_E_per_atom=    0.81 meV, RMSE_F=   35.12 meV / A
2026-08-29 08:07:20.792 INFO: Epoch 188: head: Default, loss=0.00615515, RMSE_E_per_atom=    0.81 meV, RMSE_F=   35.09 meV / A
2026-08-29 08:07:26.840 INFO: Epoch 189: head: Default, loss=0.00614407, RMSE_E_per_atom=    0.77 meV, RMSE_F=   35.05 meV / A
2026-08-29 08:07:32.889 INFO: Epoch 190: head: Default, loss=0.00613536, RMSE_E_per_atom=    0.82 meV, RMSE_F=   35.03 meV / A
2026-08-29 08:07:38.936 INFO: Epoch 191: head: Default, loss=0.00612434, RMSE_E_per_atom=    0.86 meV, RMSE_F=   35.00 meV / A
2026-08-29 08:07:45.023 INFO: Epoch 192: head: Default, loss=0.00611478, RMSE_E_per_atom=    0.94 meV, RMSE_F=   34.97 meV / A
2026-08-29 08:07:51.068 INFO: Epoch 193: head: Default, loss=0.00610488, RMSE_E_per_atom=    1.02 meV, RMSE_F=   34.94 meV / A
2026-08-29 08:07:57.119 INFO: Epoch 194: head: Default, loss=0.00609541, RMSE_E_per_atom=    0.98 meV, RMSE_F=   34.91 meV / A
2026-08-29 08:08:03.175 INFO: Epoch 195: head: Default, loss=0.00609007, RMSE_E_per_atom=    0.96 meV, RMSE_F=   34.90 meV / A
2026-08-29 08:08:09.233 INFO: Epoch 196: head: Default, loss=0.00608075, RMSE_E_per_atom=    0.88 meV, RMSE_F=   34.87 meV / A
2026-08-29 08:08:15.291 INFO: Epoch 197: head: Default, loss=0.00606849, RMSE_E_per_atom=    1.11 meV, RMSE_F=   34.84 meV / A
2026-08-29 08:08:21.340 INFO: Epoch 198: head: Default, loss=0.00606015, RMSE_E_per_atom=    1.01 meV, RMSE_F=   34.81 meV / A
2026-08-29 08:08:27.404 INFO: Epoch 199: head: Default, loss=0.00605248, RMSE_E_per_atom=    0.95 meV, RMSE_F=   34.79 meV / A
2026-08-29 08:08:33.450 INFO: Epoch 200: head: Default, loss=0.00604643, RMSE_E_per_atom=    1.01 meV, RMSE_F=   34.77 meV / A
2026-08-29 08:08:39.510 INFO: Epoch 201: head: Default, loss=0.00603935, RMSE_E_per_atom=    0.90 meV, RMSE_F=   34.75 meV / A
2026-08-29 08:08:45.607 INFO: Epoch 202: head: Default, loss=0.00603404, RMSE_E_per_atom=    0.88 meV, RMSE_F=   34.74 meV / A
2026-08-29 08:08:51.641 INFO: Epoch 203: head: Default, loss=0.00602671, RMSE_E_per_atom=    0.82 meV, RMSE_F=   34.72 meV / A
2026-08-29 08:08:57.681 INFO: Epoch 204: head: Default, loss=0.00602224, RMSE_E_per_atom=    0.93 meV, RMSE_F=   34.70 meV / A
2026-08-29 08:09:03.711 INFO: Epoch 205: head: Default, loss=0.00601499, RMSE_E_per_atom=    0.80 meV, RMSE_F=   34.68 meV / A
2026-08-29 08:09:09.755 INFO: Epoch 206: head: Default, loss=0.00601248, RMSE_E_per_atom=    0.90 meV, RMSE_F=   34.68 meV / A
2026-08-29 08:09:15.790 INFO: Epoch 207: head: Default, loss=0.00600843, RMSE_E_per_atom=    1.00 meV, RMSE_F=   34.66 meV / A
2026-08-29 08:09:21.855 INFO: Epoch 208: head: Default, loss=0.00600121, RMSE_E_per_atom=    0.90 meV, RMSE_F=   34.64 meV / A
2026-08-29 08:09:27.924 INFO: Epoch 209: head: Default, loss=0.00599330, RMSE_E_per_atom=    0.88 meV, RMSE_F=   34.62 meV / A
2026-08-29 08:09:33.976 INFO: Epoch 210: head: Default, loss=0.00598724, RMSE_E_per_atom=    0.82 meV, RMSE_F=   34.60 meV / A
2026-08-29 08:09:40.030 INFO: Epoch 211: head: Default, loss=0.00597969, RMSE_E_per_atom=    0.85 meV, RMSE_F=   34.58 meV / A
2026-08-29 08:09:46.065 INFO: Epoch 212: head: Default, loss=0.00597003, RMSE_E_per_atom=    1.03 meV, RMSE_F=   34.55 meV / A
2026-08-29 08:09:52.099 INFO: Epoch 213: head: Default, loss=0.00596167, RMSE_E_per_atom=    0.92 meV, RMSE_F=   34.53 meV / A
2026-08-29 08:09:58.134 INFO: Epoch 214: head: Default, loss=0.00595475, RMSE_E_per_atom=    0.93 meV, RMSE_F=   34.51 meV / A
2026-08-29 08:10:04.171 INFO: Epoch 215: head: Default, loss=0.00594403, RMSE_E_per_atom=    0.90 meV, RMSE_F=   34.48 meV / A
2026-08-29 08:10:10.220 INFO: Epoch 216: head: Default, loss=0.00593913, RMSE_E_per_atom=    0.82 meV, RMSE_F=   34.46 meV / A
2026-08-29 08:10:16.253 INFO: Epoch 217: head: Default, loss=0.00593563, RMSE_E_per_atom=    0.77 meV, RMSE_F=   34.45 meV / A
2026-08-29 08:10:22.288 INFO: Epoch 218: head: Default, loss=0.00592995, RMSE_E_per_atom=    0.85 meV, RMSE_F=   34.44 meV / A
2026-08-29 08:10:28.342 INFO: Epoch 219: head: Default, loss=0.00592074, RMSE_E_per_atom=    0.75 meV, RMSE_F=   34.41 meV / A
2026-08-29 08:10:34.374 INFO: Epoch 220: head: Default, loss=0.00591143, RMSE_E_per_atom=    0.80 meV, RMSE_F=   34.38 meV / A
2026-08-29 08:10:40.417 INFO: Epoch 221: head: Default, loss=0.00590579, RMSE_E_per_atom=    0.79 meV, RMSE_F=   34.37 meV / A
2026-08-29 08:10:46.454 INFO: Epoch 222: head: Default, loss=0.00590071, RMSE_E_per_atom=    0.74 meV, RMSE_F=   34.35 meV / A
2026-08-29 08:10:52.491 INFO: Epoch 223: head: Default, loss=0.00589598, RMSE_E_per_atom=    0.72 meV, RMSE_F=   34.34 meV / A
2026-08-29 08:10:58.535 INFO: Epoch 224: head: Default, loss=0.00588834, RMSE_E_per_atom=    0.76 meV, RMSE_F=   34.32 meV / A
2026-08-29 08:11:04.565 INFO: Epoch 225: head: Default, loss=0.00588145, RMSE_E_per_atom=    0.78 meV, RMSE_F=   34.30 meV / A
2026-08-29 08:11:10.621 INFO: Epoch 226: head: Default, loss=0.00587149, RMSE_E_per_atom=    0.76 meV, RMSE_F=   34.27 meV / A
2026-08-29 08:11:16.681 INFO: Epoch 227: head: Default, loss=0.00585787, RMSE_E_per_atom=    0.88 meV, RMSE_F=   34.23 meV / A
2026-08-29 08:11:22.738 INFO: Epoch 228: head: Default, loss=0.00585368, RMSE_E_per_atom=    0.91 meV, RMSE_F=   34.22 meV / A
2026-08-29 08:11:28.801 INFO: Epoch 229: head: Default, loss=0.00584638, RMSE_E_per_atom=    0.76 meV, RMSE_F=   34.19 meV / A
2026-08-29 08:11:34.860 INFO: Epoch 230: head: Default, loss=0.00583954, RMSE_E_per_atom=    0.77 meV, RMSE_F=   34.17 meV / A
2026-08-29 08:11:40.932 INFO: Epoch 231: head: Default, loss=0.00583443, RMSE_E_per_atom=    0.79 meV, RMSE_F=   34.16 meV / A
2026-08-29 08:11:46.990 INFO: Epoch 232: head: Default, loss=0.00582998, RMSE_E_per_atom=    0.75 meV, RMSE_F=   34.15 meV / A
2026-08-29 08:11:53.052 INFO: Epoch 233: head: Default, loss=0.00582127, RMSE_E_per_atom=    0.72 meV, RMSE_F=   34.12 meV / A
2026-08-29 08:11:59.111 INFO: Epoch 234: head: Default, loss=0.00581421, RMSE_E_per_atom=    0.72 meV, RMSE_F=   34.10 meV / A
2026-08-29 08:12:05.155 INFO: Epoch 235: head: Default, loss=0.00580955, RMSE_E_per_atom=    0.71 meV, RMSE_F=   34.09 meV / A
2026-08-29 08:12:11.191 INFO: Epoch 236: head: Default, loss=0.00580518, RMSE_E_per_atom=    0.76 meV, RMSE_F=   34.07 meV / A
2026-08-29 08:12:17.230 INFO: Epoch 237: head: Default, loss=0.00580100, RMSE_E_per_atom=    0.72 meV, RMSE_F=   34.06 meV / A
2026-08-29 08:12:23.292 INFO: Epoch 238: head: Default, loss=0.00579501, RMSE_E_per_atom=    0.73 meV, RMSE_F=   34.04 meV / A
2026-08-29 08:12:29.341 INFO: Epoch 239: head: Default, loss=0.00578970, RMSE_E_per_atom=    0.68 meV, RMSE_F=   34.03 meV / A
2026-08-29 08:12:35.388 INFO: Epoch 240: head: Default, loss=0.00578517, RMSE_E_per_atom=    0.70 meV, RMSE_F=   34.01 meV / A
2026-08-29 08:12:41.448 INFO: Epoch 241: head: Default, loss=0.00578309, RMSE_E_per_atom=    0.68 meV, RMSE_F=   34.01 meV / A
2026-08-29 08:12:47.513 INFO: Epoch 242: head: Default, loss=0.00577855, RMSE_E_per_atom=    0.65 meV, RMSE_F=   34.00 meV / A
2026-08-29 08:12:53.579 INFO: Epoch 243: head: Default, loss=0.00577422, RMSE_E_per_atom=    0.72 meV, RMSE_F=   33.98 meV / A
2026-08-29 08:12:59.645 INFO: Epoch 244: head: Default, loss=0.00576829, RMSE_E_per_atom=    0.67 meV, RMSE_F=   33.97 meV / A
2026-08-29 08:13:05.726 INFO: Epoch 245: head: Default, loss=0.00576229, RMSE_E_per_atom=    0.68 meV, RMSE_F=   33.95 meV / A
2026-08-29 08:13:11.801 INFO: Epoch 246: head: Default, loss=0.00575896, RMSE_E_per_atom=    0.68 meV, RMSE_F=   33.94 meV / A
2026-08-29 08:13:17.868 INFO: Epoch 247: head: Default, loss=0.00575270, RMSE_E_per_atom=    0.65 meV, RMSE_F=   33.92 meV / A
2026-08-29 08:13:23.959 INFO: Epoch 248: head: Default, loss=0.00574738, RMSE_E_per_atom=    0.66 meV, RMSE_F=   33.90 meV / A
2026-08-29 08:13:30.021 INFO: Epoch 249: head: Default, loss=0.00574348, RMSE_E_per_atom=    0.68 meV, RMSE_F=   33.89 meV / A
2026-08-29 08:13:36.098 INFO: Epoch 250: head: Default, loss=0.00573719, RMSE_E_per_atom=    0.69 meV, RMSE_F=   33.87 meV / A
2026-08-29 08:13:42.175 INFO: Epoch 251: head: Default, loss=0.00573013, RMSE_E_per_atom=    0.69 meV, RMSE_F=   33.85 meV / A
2026-08-29 08:13:48.242 INFO: Epoch 252: head: Default, loss=0.00572498, RMSE_E_per_atom=    0.76 meV, RMSE_F=   33.84 meV / A
2026-08-29 08:13:54.322 INFO: Epoch 253: head: Default, loss=0.00572330, RMSE_E_per_atom=    0.74 meV, RMSE_F=   33.83 meV / A
2026-08-29 08:14:00.386 INFO: Epoch 254: head: Default, loss=0.00572402, RMSE_E_per_atom=    0.72 meV, RMSE_F=   33.83 meV / A
2026-08-29 08:14:06.433 INFO: Epoch 255: head: Default, loss=0.00572253, RMSE_E_per_atom=    0.75 meV, RMSE_F=   33.83 meV / A
2026-08-29 08:14:12.509 INFO: Epoch 256: head: Default, loss=0.00572062, RMSE_E_per_atom=    0.69 meV, RMSE_F=   33.82 meV / A
2026-08-29 08:14:18.573 INFO: Epoch 257: head: Default, loss=0.00571662, RMSE_E_per_atom=    0.72 meV, RMSE_F=   33.81 meV / A
2026-08-29 08:14:24.658 INFO: Epoch 258: head: Default, loss=0.00571370, RMSE_E_per_atom=    0.68 meV, RMSE_F=   33.80 meV / A
2026-08-29 08:14:30.722 INFO: Epoch 259: head: Default, loss=0.00570870, RMSE_E_per_atom=    0.66 meV, RMSE_F=   33.79 meV / A
2026-08-29 08:14:36.798 INFO: Epoch 260: head: Default, loss=0.00570386, RMSE_E_per_atom=    0.62 meV, RMSE_F=   33.78 meV / A
2026-08-29 08:14:42.867 INFO: Epoch 261: head: Default, loss=0.00569935, RMSE_E_per_atom=    0.64 meV, RMSE_F=   33.76 meV / A
2026-08-29 08:14:48.933 INFO: Epoch 262: head: Default, loss=0.00569737, RMSE_E_per_atom=    0.63 meV, RMSE_F=   33.76 meV / A
2026-08-29 08:14:55.000 INFO: Epoch 263: head: Default, loss=0.00569534, RMSE_E_per_atom=    0.64 meV, RMSE_F=   33.75 meV / A
2026-08-29 08:15:01.063 INFO: Epoch 264: head: Default, loss=0.00569056, RMSE_E_per_atom=    0.65 meV, RMSE_F=   33.74 meV / A
2026-08-29 08:15:07.155 INFO: Epoch 265: head: Default, loss=0.00568828, RMSE_E_per_atom=    0.68 meV, RMSE_F=   33.73 meV / A
2026-08-29 08:15:13.219 INFO: Epoch 266: head: Default, loss=0.00568451, RMSE_E_per_atom=    0.66 meV, RMSE_F=   33.72 meV / A
2026-08-29 08:15:19.287 INFO: Epoch 267: head: Default, loss=0.00567961, RMSE_E_per_atom=    0.62 meV, RMSE_F=   33.70 meV / A
2026-08-29 08:15:25.358 INFO: Epoch 268: head: Default, loss=0.00567722, RMSE_E_per_atom=    0.63 meV, RMSE_F=   33.70 meV / A
2026-08-29 08:15:31.422 INFO: Epoch 269: head: Default, loss=0.00567537, RMSE_E_per_atom=    0.64 meV, RMSE_F=   33.69 meV / A
2026-08-29 08:15:37.493 INFO: Epoch 270: head: Default, loss=0.00567078, RMSE_E_per_atom=    0.67 meV, RMSE_F=   33.68 meV / A
2026-08-29 08:15:43.555 INFO: Epoch 271: head: Default, loss=0.00566923, RMSE_E_per_atom=    0.63 meV, RMSE_F=   33.67 meV / A
2026-08-29 08:15:49.629 INFO: Epoch 272: head: Default, loss=0.00566615, RMSE_E_per_atom=    0.63 meV, RMSE_F=   33.66 meV / A
2026-08-29 08:15:55.708 INFO: Epoch 273: head: Default, loss=0.00566362, RMSE_E_per_atom=    0.68 meV, RMSE_F=   33.66 meV / A
2026-08-29 08:16:01.770 INFO: Epoch 274: head: Default, loss=0.00566146, RMSE_E_per_atom=    0.60 meV, RMSE_F=   33.65 meV / A
2026-08-29 08:16:07.845 INFO: Epoch 275: head: Default, loss=0.00565711, RMSE_E_per_atom=    0.62 meV, RMSE_F=   33.64 meV / A
2026-08-29 08:16:13.906 INFO: Epoch 276: head: Default, loss=0.00565111, RMSE_E_per_atom=    0.62 meV, RMSE_F=   33.62 meV / A
2026-08-29 08:16:19.984 INFO: Epoch 277: head: Default, loss=0.00564667, RMSE_E_per_atom=    0.61 meV, RMSE_F=   33.61 meV / A
2026-08-29 08:16:26.045 INFO: Epoch 278: head: Default, loss=0.00564565, RMSE_E_per_atom=    0.60 meV, RMSE_F=   33.60 meV / A
2026-08-29 08:16:32.104 INFO: Epoch 279: head: Default, loss=0.00564209, RMSE_E_per_atom=    0.61 meV, RMSE_F=   33.59 meV / A
2026-08-29 08:16:38.188 INFO: Epoch 280: head: Default, loss=0.00563992, RMSE_E_per_atom=    0.59 meV, RMSE_F=   33.59 meV / A
2026-08-29 08:16:44.245 INFO: Epoch 281: head: Default, loss=0.00563890, RMSE_E_per_atom=    0.61 meV, RMSE_F=   33.58 meV / A
2026-08-29 08:16:50.310 INFO: Epoch 282: head: Default, loss=0.00563483, RMSE_E_per_atom=    0.59 meV, RMSE_F=   33.57 meV / A
2026-08-29 08:16:56.384 INFO: Epoch 283: head: Default, loss=0.00562510, RMSE_E_per_atom=    0.57 meV, RMSE_F=   33.54 meV / A
2026-08-29 08:17:02.441 INFO: Epoch 284: head: Default, loss=0.00561987, RMSE_E_per_atom=    0.62 meV, RMSE_F=   33.53 meV / A
2026-08-29 08:17:08.505 INFO: Epoch 285: head: Default, loss=0.00561670, RMSE_E_per_atom=    0.59 meV, RMSE_F=   33.52 meV / A
2026-08-29 08:17:14.563 INFO: Epoch 286: head: Default, loss=0.00561277, RMSE_E_per_atom=    0.60 meV, RMSE_F=   33.50 meV / A
2026-08-29 08:17:20.640 INFO: Epoch 287: head: Default, loss=0.00560621, RMSE_E_per_atom=    0.60 meV, RMSE_F=   33.48 meV / A
2026-08-29 08:17:26.693 INFO: Epoch 288: head: Default, loss=0.00560373, RMSE_E_per_atom=    0.62 meV, RMSE_F=   33.48 meV / A
2026-08-29 08:17:32.751 INFO: Epoch 289: head: Default, loss=0.00560126, RMSE_E_per_atom=    0.62 meV, RMSE_F=   33.47 meV / A
2026-08-29 08:17:38.824 INFO: Epoch 290: head: Default, loss=0.00559655, RMSE_E_per_atom=    0.58 meV, RMSE_F=   33.46 meV / A
2026-08-29 08:17:44.878 INFO: Epoch 291: head: Default, loss=0.00559393, RMSE_E_per_atom=    0.61 meV, RMSE_F=   33.45 meV / A
2026-08-29 08:17:50.949 INFO: Epoch 292: head: Default, loss=0.00559087, RMSE_E_per_atom=    0.59 meV, RMSE_F=   33.44 meV / A
2026-08-29 08:17:57.014 INFO: Epoch 293: head: Default, loss=0.00558871, RMSE_E_per_atom=    0.60 meV, RMSE_F=   33.43 meV / A
2026-08-29 08:18:03.132 INFO: Epoch 294: head: Default, loss=0.00558701, RMSE_E_per_atom=    0.64 meV, RMSE_F=   33.43 meV / A
2026-08-29 08:18:09.259 INFO: Epoch 295: head: Default, loss=0.00558543, RMSE_E_per_atom=    0.60 meV, RMSE_F=   33.42 meV / A
2026-08-29 08:18:15.350 INFO: Epoch 296: head: Default, loss=0.00558530, RMSE_E_per_atom=    0.60 meV, RMSE_F=   33.42 meV / A
2026-08-29 08:18:21.456 INFO: Epoch 297: head: Default, loss=0.00558293, RMSE_E_per_atom=    0.66 meV, RMSE_F=   33.42 meV / A
2026-08-29 08:18:27.560 INFO: Epoch 298: head: Default, loss=0.00558066, RMSE_E_per_atom=    0.63 meV, RMSE_F=   33.41 meV / A
2026-08-29 08:18:33.699 INFO: Epoch 299: head: Default, loss=0.00557439, RMSE_E_per_atom=    0.61 meV, RMSE_F=   33.39 meV / A
2026-08-29 08:18:39.830 INFO: Epoch 300: head: Default, loss=0.00557159, RMSE_E_per_atom=    0.62 meV, RMSE_F=   33.38 meV / A
2026-08-29 08:18:45.951 INFO: Epoch 301: head: Default, loss=0.00557134, RMSE_E_per_atom=    0.60 meV, RMSE_F=   33.38 meV / A
2026-08-29 08:18:52.085 INFO: Epoch 302: head: Default, loss=0.00556788, RMSE_E_per_atom=    0.60 meV, RMSE_F=   33.37 meV / A
2026-08-29 08:18:58.162 INFO: Epoch 303: head: Default, loss=0.00556380, RMSE_E_per_atom=    0.65 meV, RMSE_F=   33.36 meV / A
2026-08-29 08:19:04.252 INFO: Epoch 304: head: Default, loss=0.00556119, RMSE_E_per_atom=    0.58 meV, RMSE_F=   33.35 meV / A
2026-08-29 08:19:10.388 INFO: Epoch 305: head: Default, loss=0.00555977, RMSE_E_per_atom=    0.61 meV, RMSE_F=   33.35 meV / A
2026-08-29 08:19:16.491 INFO: Epoch 306: head: Default, loss=0.00555703, RMSE_E_per_atom=    0.59 meV, RMSE_F=   33.34 meV / A
2026-08-29 08:19:22.601 INFO: Epoch 307: head: Default, loss=0.00555681, RMSE_E_per_atom=    0.60 meV, RMSE_F=   33.34 meV / A
2026-08-29 08:19:28.677 INFO: Epoch 308: head: Default, loss=0.00555207, RMSE_E_per_atom=    0.59 meV, RMSE_F=   33.32 meV / A
2026-08-29 08:19:34.771 INFO: Epoch 309: head: Default, loss=0.00554953, RMSE_E_per_atom=    0.60 meV, RMSE_F=   33.31 meV / A
2026-08-29 08:19:40.868 INFO: Epoch 310: head: Default, loss=0.00554789, RMSE_E_per_atom=    0.60 meV, RMSE_F=   33.31 meV / A
2026-08-29 08:19:47.013 INFO: Epoch 311: head: Default, loss=0.00554878, RMSE_E_per_atom=    0.59 meV, RMSE_F=   33.31 meV / A
2026-08-29 08:19:53.080 INFO: Epoch 312: head: Default, loss=0.00554733, RMSE_E_per_atom=    0.58 meV, RMSE_F=   33.31 meV / A
2026-08-29 08:19:59.226 INFO: Epoch 313: head: Default, loss=0.00554666, RMSE_E_per_atom=    0.59 meV, RMSE_F=   33.31 meV / A
2026-08-29 08:20:05.373 INFO: Epoch 314: head: Default, loss=0.00554761, RMSE_E_per_atom=    0.58 meV, RMSE_F=   33.31 meV / A
2026-08-29 08:20:11.447 INFO: Epoch 315: head: Default, loss=0.00554603, RMSE_E_per_atom=    0.58 meV, RMSE_F=   33.30 meV / A
2026-08-29 08:20:17.536 INFO: Epoch 316: head: Default, loss=0.00554469, RMSE_E_per_atom=    0.57 meV, RMSE_F=   33.30 meV / A
2026-08-29 08:20:23.658 INFO: Epoch 317: head: Default, loss=0.00554096, RMSE_E_per_atom=    0.57 meV, RMSE_F=   33.29 meV / A
2026-08-29 08:20:29.836 INFO: Epoch 318: head: Default, loss=0.00553883, RMSE_E_per_atom=    0.58 meV, RMSE_F=   33.28 meV / A
2026-08-29 08:20:35.913 INFO: Epoch 319: head: Default, loss=0.00553472, RMSE_E_per_atom=    0.60 meV, RMSE_F=   33.27 meV / A
2026-08-29 08:20:41.949 INFO: Epoch 320: head: Default, loss=0.00553074, RMSE_E_per_atom=    0.58 meV, RMSE_F=   33.26 meV / A
2026-08-29 08:20:47.984 INFO: Epoch 321: head: Default, loss=0.00553133, RMSE_E_per_atom=    0.62 meV, RMSE_F=   33.26 meV / A
2026-08-29 08:20:53.988 INFO: Epoch 322: head: Default, loss=0.00553121, RMSE_E_per_atom=    0.59 meV, RMSE_F=   33.26 meV / A
2026-08-29 08:20:59.988 INFO: Epoch 323: head: Default, loss=0.00553056, RMSE_E_per_atom=    0.57 meV, RMSE_F=   33.26 meV / A
2026-08-29 08:21:06.031 INFO: Epoch 324: head: Default, loss=0.00552480, RMSE_E_per_atom=    0.57 meV, RMSE_F=   33.24 meV / A
2026-08-29 08:21:12.070 INFO: Epoch 325: head: Default, loss=0.00552193, RMSE_E_per_atom=    0.60 meV, RMSE_F=   33.23 meV / A
2026-08-29 08:21:18.106 INFO: Epoch 326: head: Default, loss=0.00551623, RMSE_E_per_atom=    0.60 meV, RMSE_F=   33.21 meV / A
2026-08-29 08:21:24.144 INFO: Epoch 327: head: Default, loss=0.00551372, RMSE_E_per_atom=    0.60 meV, RMSE_F=   33.21 meV / A
2026-08-29 08:21:30.183 INFO: Epoch 328: head: Default, loss=0.00550983, RMSE_E_per_atom=    0.59 meV, RMSE_F=   33.20 meV / A
2026-08-29 08:21:36.217 INFO: Epoch 329: head: Default, loss=0.00550921, RMSE_E_per_atom=    0.56 meV, RMSE_F=   33.19 meV / A
2026-08-29 08:21:42.252 INFO: Epoch 330: head: Default, loss=0.00550991, RMSE_E_per_atom=    0.57 meV, RMSE_F=   33.20 meV / A
2026-08-29 08:21:48.266 INFO: Epoch 331: head: Default, loss=0.00550783, RMSE_E_per_atom=    0.57 meV, RMSE_F=   33.19 meV / A
2026-08-29 08:21:54.297 INFO: Epoch 332: head: Default, loss=0.00550908, RMSE_E_per_atom=    0.58 meV, RMSE_F=   33.19 meV / A
2026-08-29 08:22:00.296 INFO: Epoch 333: head: Default, loss=0.00550829, RMSE_E_per_atom=    0.58 meV, RMSE_F=   33.19 meV / A
2026-08-29 08:22:06.319 INFO: Epoch 334: head: Default, loss=0.00550968, RMSE_E_per_atom=    0.56 meV, RMSE_F=   33.20 meV / A
2026-08-29 08:22:12.322 INFO: Epoch 335: head: Default, loss=0.00551132, RMSE_E_per_atom=    0.56 meV, RMSE_F=   33.20 meV / A
2026-08-29 08:22:18.328 INFO: Epoch 336: head: Default, loss=0.00550983, RMSE_E_per_atom=    0.56 meV, RMSE_F=   33.20 meV / A
2026-08-29 08:22:24.336 INFO: Epoch 337: head: Default, loss=0.00550280, RMSE_E_per_atom=    0.56 meV, RMSE_F=   33.17 meV / A
2026-08-29 08:22:30.365 INFO: Epoch 338: head: Default, loss=0.00549840, RMSE_E_per_atom=    0.57 meV, RMSE_F=   33.16 meV / A
2026-08-29 08:22:36.405 INFO: Epoch 339: head: Default, loss=0.00549592, RMSE_E_per_atom=    0.57 meV, RMSE_F=   33.15 meV / A
2026-08-29 08:22:42.437 INFO: Epoch 340: head: Default, loss=0.00549071, RMSE_E_per_atom=    0.56 meV, RMSE_F=   33.14 meV / A
2026-08-29 08:22:48.466 INFO: Epoch 341: head: Default, loss=0.00548908, RMSE_E_per_atom=    0.60 meV, RMSE_F=   33.13 meV / A
2026-08-29 08:22:54.504 INFO: Epoch 342: head: Default, loss=0.00548818, RMSE_E_per_atom=    0.60 meV, RMSE_F=   33.13 meV / A
2026-08-29 08:23:00.533 INFO: Epoch 343: head: Default, loss=0.00548619, RMSE_E_per_atom=    0.58 meV, RMSE_F=   33.12 meV / A
2026-08-29 08:23:06.582 INFO: Epoch 344: head: Default, loss=0.00548017, RMSE_E_per_atom=    0.64 meV, RMSE_F=   33.11 meV / A
2026-08-29 08:23:12.614 INFO: Epoch 345: head: Default, loss=0.00547781, RMSE_E_per_atom=    0.67 meV, RMSE_F=   33.10 meV / A
2026-08-29 08:23:18.652 INFO: Epoch 346: head: Default, loss=0.00547415, RMSE_E_per_atom=    0.63 meV, RMSE_F=   33.09 meV / A
2026-08-29 08:23:24.683 INFO: Epoch 347: head: Default, loss=0.00546976, RMSE_E_per_atom=    0.69 meV, RMSE_F=   33.07 meV / A
2026-08-29 08:23:30.716 INFO: Epoch 348: head: Default, loss=0.00546769, RMSE_E_per_atom=    0.68 meV, RMSE_F=   33.07 meV / A
2026-08-29 08:23:36.766 INFO: Epoch 349: head: Default, loss=0.00546489, RMSE_E_per_atom=    0.66 meV, RMSE_F=   33.06 meV / A
2026-08-29 08:23:42.808 INFO: Epoch 350: head: Default, loss=0.00546661, RMSE_E_per_atom=    0.65 meV, RMSE_F=   33.07 meV / A
2026-08-29 08:23:48.810 INFO: Epoch 351: head: Default, loss=0.00546670, RMSE_E_per_atom=    0.68 meV, RMSE_F=   33.07 meV / A
2026-08-29 08:23:54.814 INFO: Epoch 352: head: Default, loss=0.00546570, RMSE_E_per_atom=    0.66 meV, RMSE_F=   33.06 meV / A
2026-08-29 08:24:00.827 INFO: Epoch 353: head: Default, loss=0.00546668, RMSE_E_per_atom=    0.64 meV, RMSE_F=   33.07 meV / A
2026-08-29 08:24:06.844 INFO: Epoch 354: head: Default, loss=0.00546924, RMSE_E_per_atom=    0.60 meV, RMSE_F=   33.07 meV / A
2026-08-29 08:24:12.849 INFO: Epoch 355: head: Default, loss=0.00547095, RMSE_E_per_atom=    0.65 meV, RMSE_F=   33.08 meV / A
2026-08-29 08:24:18.869 INFO: Epoch 356: head: Default, loss=0.00547221, RMSE_E_per_atom=    0.61 meV, RMSE_F=   33.08 meV / A
2026-08-29 08:24:24.872 INFO: Epoch 357: head: Default, loss=0.00547350, RMSE_E_per_atom=    0.64 meV, RMSE_F=   33.09 meV / A
2026-08-29 08:24:30.879 INFO: Epoch 358: head: Default, loss=0.00547232, RMSE_E_per_atom=    0.64 meV, RMSE_F=   33.08 meV / A
2026-08-29 08:24:36.879 INFO: Epoch 359: head: Default, loss=0.00546868, RMSE_E_per_atom=    0.65 meV, RMSE_F=   33.07 meV / A
2026-08-29 08:24:42.886 INFO: Epoch 360: head: Default, loss=0.00546583, RMSE_E_per_atom=    0.68 meV, RMSE_F=   33.06 meV / A
2026-08-29 08:24:48.886 INFO: Epoch 361: head: Default, loss=0.00546441, RMSE_E_per_atom=    0.65 meV, RMSE_F=   33.06 meV / A
2026-08-29 08:24:54.919 INFO: Epoch 362: head: Default, loss=0.00546544, RMSE_E_per_atom=    0.70 meV, RMSE_F=   33.06 meV / A
2026-08-29 08:25:00.939 INFO: Epoch 363: head: Default, loss=0.00546198, RMSE_E_per_atom=    0.63 meV, RMSE_F=   33.05 meV / A
2026-08-29 08:25:06.974 INFO: Epoch 364: head: Default, loss=0.00545982, RMSE_E_per_atom=    0.66 meV, RMSE_F=   33.04 meV / A
2026-08-29 08:25:13.008 INFO: Epoch 365: head: Default, loss=0.00545383, RMSE_E_per_atom=    0.63 meV, RMSE_F=   33.03 meV / A
2026-08-29 08:25:19.042 INFO: Epoch 366: head: Default, loss=0.00545416, RMSE_E_per_atom=    0.67 meV, RMSE_F=   33.03 meV / A
2026-08-29 08:25:25.040 INFO: Epoch 367: head: Default, loss=0.00545529, RMSE_E_per_atom=    0.65 meV, RMSE_F=   33.03 meV / A
2026-08-29 08:25:31.057 INFO: Epoch 368: head: Default, loss=0.00545673, RMSE_E_per_atom=    0.63 meV, RMSE_F=   33.04 meV / A
2026-08-29 08:25:37.055 INFO: Epoch 369: head: Default, loss=0.00545761, RMSE_E_per_atom=    0.68 meV, RMSE_F=   33.04 meV / A
2026-08-29 08:25:43.057 INFO: Epoch 370: head: Default, loss=0.00546181, RMSE_E_per_atom=    0.62 meV, RMSE_F=   33.05 meV / A
2026-08-29 08:25:49.211 INFO: Epoch 371: head: Default, loss=0.00546115, RMSE_E_per_atom=    0.62 meV, RMSE_F=   33.05 meV / A
2026-08-29 08:25:55.193 INFO: Epoch 372: head: Default, loss=0.00546207, RMSE_E_per_atom=    0.59 meV, RMSE_F=   33.05 meV / A
2026-08-29 08:26:01.184 INFO: Epoch 373: head: Default, loss=0.00546358, RMSE_E_per_atom=    0.60 meV, RMSE_F=   33.06 meV / A
2026-08-29 08:26:07.167 INFO: Epoch 374: head: Default, loss=0.00546495, RMSE_E_per_atom=    0.59 meV, RMSE_F=   33.06 meV / A
2026-08-29 08:26:13.160 INFO: Epoch 375: head: Default, loss=0.00546638, RMSE_E_per_atom=    0.59 meV, RMSE_F=   33.06 meV / A
2026-08-29 08:26:19.142 INFO: Epoch 376: head: Default, loss=0.00546567, RMSE_E_per_atom=    0.57 meV, RMSE_F=   33.06 meV / A
2026-08-29 08:26:25.124 INFO: Epoch 377: head: Default, loss=0.00546477, RMSE_E_per_atom=    0.58 meV, RMSE_F=   33.06 meV / A
2026-08-29 08:26:31.108 INFO: Epoch 378: head: Default, loss=0.00546339, RMSE_E_per_atom=    0.57 meV, RMSE_F=   33.06 meV / A
2026-08-29 08:26:37.094 INFO: Epoch 379: head: Default, loss=0.00546954, RMSE_E_per_atom=    0.59 meV, RMSE_F=   33.07 meV / A
2026-08-29 08:26:43.099 INFO: Epoch 380: head: Default, loss=0.00547046, RMSE_E_per_atom=    0.60 meV, RMSE_F=   33.08 meV / A
2026-08-29 08:26:49.083 INFO: Epoch 381: head: Default, loss=0.00547054, RMSE_E_per_atom=    0.58 meV, RMSE_F=   33.08 meV / A
2026-08-29 08:26:55.075 INFO: Epoch 382: head: Default, loss=0.00547130, RMSE_E_per_atom=    0.57 meV, RMSE_F=   33.08 meV / A
2026-08-29 08:27:01.061 INFO: Epoch 383: head: Default, loss=0.00546752, RMSE_E_per_atom=    0.58 meV, RMSE_F=   33.07 meV / A
2026-08-29 08:27:07.043 INFO: Epoch 384: head: Default, loss=0.00546711, RMSE_E_per_atom=    0.58 meV, RMSE_F=   33.07 meV / A
2026-08-29 08:27:13.050 INFO: Epoch 385: head: Default, loss=0.00546556, RMSE_E_per_atom=    0.57 meV, RMSE_F=   33.06 meV / A
2026-08-29 08:27:19.043 INFO: Epoch 386: head: Default, loss=0.00546312, RMSE_E_per_atom=    0.61 meV, RMSE_F=   33.05 meV / A
2026-08-29 08:27:25.032 INFO: Epoch 387: head: Default, loss=0.00545962, RMSE_E_per_atom=    0.59 meV, RMSE_F=   33.04 meV / A
2026-08-29 08:27:31.020 INFO: Epoch 388: head: Default, loss=0.00545827, RMSE_E_per_atom=    0.58 meV, RMSE_F=   33.04 meV / A
2026-08-29 08:27:37.005 INFO: Epoch 389: head: Default, loss=0.00545531, RMSE_E_per_atom=    0.59 meV, RMSE_F=   33.03 meV / A
2026-08-29 08:27:42.989 INFO: Epoch 390: head: Default, loss=0.00545605, RMSE_E_per_atom=    0.58 meV, RMSE_F=   33.03 meV / A
2026-08-29 08:27:48.973 INFO: Epoch 391: head: Default, loss=0.00545598, RMSE_E_per_atom=    0.58 meV, RMSE_F=   33.03 meV / A
2026-08-29 08:27:54.957 INFO: Epoch 392: head: Default, loss=0.00545372, RMSE_E_per_atom=    0.61 meV, RMSE_F=   33.03 meV / A
2026-08-29 08:28:00.981 INFO: Epoch 393: head: Default, loss=0.00545182, RMSE_E_per_atom=    0.64 meV, RMSE_F=   33.02 meV / A
2026-08-29 08:28:07.026 INFO: Epoch 394: head: Default, loss=0.00544669, RMSE_E_per_atom=    0.59 meV, RMSE_F=   33.00 meV / A
2026-08-29 08:28:13.067 INFO: Epoch 395: head: Default, loss=0.00543721, RMSE_E_per_atom=    0.63 meV, RMSE_F=   32.98 meV / A
2026-08-29 08:28:19.102 INFO: Epoch 396: head: Default, loss=0.00543200, RMSE_E_per_atom=    0.65 meV, RMSE_F=   32.96 meV / A
2026-08-29 08:28:25.134 INFO: Epoch 397: head: Default, loss=0.00543066, RMSE_E_per_atom=    0.60 meV, RMSE_F=   32.96 meV / A
2026-08-29 08:28:31.158 INFO: Epoch 398: head: Default, loss=0.00542871, RMSE_E_per_atom=    0.63 meV, RMSE_F=   32.95 meV / A
2026-08-29 08:28:37.198 INFO: Epoch 399: head: Default, loss=0.00542995, RMSE_E_per_atom=    0.66 meV, RMSE_F=   32.95 meV / A
2026-08-29 08:28:43.207 INFO: Epoch 400: head: Default, loss=0.00542905, RMSE_E_per_atom=    0.64 meV, RMSE_F=   32.95 meV / A
2026-08-29 08:28:49.200 INFO: Epoch 401: head: Default, loss=0.00542980, RMSE_E_per_atom=    0.62 meV, RMSE_F=   32.95 meV / A
2026-08-29 08:28:55.197 INFO: Epoch 402: head: Default, loss=0.00542911, RMSE_E_per_atom=    0.62 meV, RMSE_F=   32.95 meV / A
2026-08-29 08:29:01.187 INFO: Epoch 403: head: Default, loss=0.00542784, RMSE_E_per_atom=    0.59 meV, RMSE_F=   32.95 meV / A
2026-08-29 08:29:07.217 INFO: Epoch 404: head: Default, loss=0.00542513, RMSE_E_per_atom=    0.63 meV, RMSE_F=   32.94 meV / A
2026-08-29 08:29:13.238 INFO: Epoch 405: head: Default, loss=0.00542668, RMSE_E_per_atom=    0.61 meV, RMSE_F=   32.94 meV / A
2026-08-29 08:29:19.239 INFO: Epoch 406: head: Default, loss=0.00543058, RMSE_E_per_atom=    0.61 meV, RMSE_F=   32.96 meV / A
2026-08-29 08:29:25.233 INFO: Epoch 407: head: Default, loss=0.00543210, RMSE_E_per_atom=    0.64 meV, RMSE_F=   32.96 meV / A
2026-08-29 08:29:31.223 INFO: Epoch 408: head: Default, loss=0.00543269, RMSE_E_per_atom=    0.61 meV, RMSE_F=   32.96 meV / A
2026-08-29 08:29:37.226 INFO: Epoch 409: head: Default, loss=0.00543402, RMSE_E_per_atom=    0.60 meV, RMSE_F=   32.97 meV / A
2026-08-29 08:29:43.217 INFO: Epoch 410: head: Default, loss=0.00543534, RMSE_E_per_atom=    0.60 meV, RMSE_F=   32.97 meV / A
2026-08-29 08:29:49.209 INFO: Epoch 411: head: Default, loss=0.00543786, RMSE_E_per_atom=    0.60 meV, RMSE_F=   32.98 meV / A
2026-08-29 08:29:55.210 INFO: Epoch 412: head: Default, loss=0.00544053, RMSE_E_per_atom=    0.59 meV, RMSE_F=   32.99 meV / A
2026-08-29 08:30:01.202 INFO: Epoch 413: head: Default, loss=0.00544423, RMSE_E_per_atom=    0.59 meV, RMSE_F=   33.00 meV / A
2026-08-29 08:30:07.212 INFO: Epoch 414: head: Default, loss=0.00544657, RMSE_E_per_atom=    0.59 meV, RMSE_F=   33.00 meV / A
2026-08-29 08:30:13.210 INFO: Epoch 415: head: Default, loss=0.00544881, RMSE_E_per_atom=    0.58 meV, RMSE_F=   33.01 meV / A
2026-08-29 08:30:19.205 INFO: Epoch 416: head: Default, loss=0.00544866, RMSE_E_per_atom=    0.60 meV, RMSE_F=   33.01 meV / A
2026-08-29 08:30:25.208 INFO: Epoch 417: head: Default, loss=0.00544853, RMSE_E_per_atom=    0.59 meV, RMSE_F=   33.01 meV / A
2026-08-29 08:30:31.199 INFO: Epoch 418: head: Default, loss=0.00545086, RMSE_E_per_atom=    0.60 meV, RMSE_F=   33.02 meV / A
2026-08-29 08:30:37.195 INFO: Epoch 419: head: Default, loss=0.00545511, RMSE_E_per_atom=    0.59 meV, RMSE_F=   33.03 meV / A
2026-08-29 08:30:43.190 INFO: Epoch 420: head: Default, loss=0.00545650, RMSE_E_per_atom=    0.59 meV, RMSE_F=   33.03 meV / A
2026-08-29 08:30:49.193 INFO: Epoch 421: head: Default, loss=0.00545893, RMSE_E_per_atom=    0.60 meV, RMSE_F=   33.04 meV / A
2026-08-29 08:30:55.184 INFO: Epoch 422: head: Default, loss=0.00546082, RMSE_E_per_atom=    0.60 meV, RMSE_F=   33.05 meV / A
2026-08-29 08:31:01.178 INFO: Epoch 423: head: Default, loss=0.00545993, RMSE_E_per_atom=    0.59 meV, RMSE_F=   33.04 meV / A
2026-08-29 08:31:07.172 INFO: Epoch 424: head: Default, loss=0.00545838, RMSE_E_per_atom=    0.58 meV, RMSE_F=   33.04 meV / A
2026-08-29 08:31:13.168 INFO: Epoch 425: head: Default, loss=0.00545860, RMSE_E_per_atom=    0.61 meV, RMSE_F=   33.04 meV / A
2026-08-29 08:31:19.161 INFO: Epoch 426: head: Default, loss=0.00545609, RMSE_E_per_atom=    0.59 meV, RMSE_F=   33.03 meV / A
2026-08-29 08:31:25.155 INFO: Epoch 427: head: Default, loss=0.00545268, RMSE_E_per_atom=    0.59 meV, RMSE_F=   33.02 meV / A
2026-08-29 08:31:31.155 INFO: Epoch 428: head: Default, loss=0.00544905, RMSE_E_per_atom=    0.60 meV, RMSE_F=   33.01 meV / A
2026-08-29 08:31:37.154 INFO: Epoch 429: head: Default, loss=0.00545047, RMSE_E_per_atom=    0.59 meV, RMSE_F=   33.02 meV / A
2026-08-29 08:31:43.148 INFO: Epoch 430: head: Default, loss=0.00545141, RMSE_E_per_atom=    0.60 meV, RMSE_F=   33.02 meV / A
2026-08-29 08:31:49.139 INFO: Epoch 431: head: Default, loss=0.00545111, RMSE_E_per_atom=    0.59 meV, RMSE_F=   33.02 meV / A
2026-08-29 08:31:55.131 INFO: Epoch 432: head: Default, loss=0.00545246, RMSE_E_per_atom=    0.58 meV, RMSE_F=   33.02 meV / A
2026-08-29 08:32:01.132 INFO: Epoch 433: head: Default, loss=0.00545296, RMSE_E_per_atom=    0.59 meV, RMSE_F=   33.02 meV / A
2026-08-29 08:32:07.128 INFO: Epoch 434: head: Default, loss=0.00545165, RMSE_E_per_atom=    0.61 meV, RMSE_F=   33.02 meV / A
2026-08-29 08:32:13.122 INFO: Epoch 435: head: Default, loss=0.00544640, RMSE_E_per_atom=    0.61 meV, RMSE_F=   33.00 meV / A
2026-08-29 08:32:19.114 INFO: Epoch 436: head: Default, loss=0.00544242, RMSE_E_per_atom=    0.61 meV, RMSE_F=   32.99 meV / A
2026-08-29 08:32:25.108 INFO: Epoch 437: head: Default, loss=0.00543493, RMSE_E_per_atom=    0.61 meV, RMSE_F=   32.97 meV / A
2026-08-29 08:32:31.112 INFO: Epoch 438: head: Default, loss=0.00542627, RMSE_E_per_atom=    0.60 meV, RMSE_F=   32.94 meV / A
2026-08-29 08:32:37.104 INFO: Epoch 439: head: Default, loss=0.00542599, RMSE_E_per_atom=    0.66 meV, RMSE_F=   32.94 meV / A
2026-08-29 08:32:43.106 INFO: Epoch 440: head: Default, loss=0.00542509, RMSE_E_per_atom=    0.60 meV, RMSE_F=   32.94 meV / A
2026-08-29 08:32:49.141 INFO: Epoch 441: head: Default, loss=0.00542443, RMSE_E_per_atom=    0.60 meV, RMSE_F=   32.94 meV / A
2026-08-29 08:32:55.173 INFO: Epoch 442: head: Default, loss=0.00542451, RMSE_E_per_atom=    0.60 meV, RMSE_F=   32.94 meV / A
2026-08-29 08:33:01.200 INFO: Epoch 443: head: Default, loss=0.00542545, RMSE_E_per_atom=    0.58 meV, RMSE_F=   32.94 meV / A
2026-08-29 08:33:07.263 INFO: Epoch 444: head: Default, loss=0.00542757, RMSE_E_per_atom=    0.60 meV, RMSE_F=   32.95 meV / A
2026-08-29 08:33:13.294 INFO: Epoch 445: head: Default, loss=0.00542946, RMSE_E_per_atom=    0.59 meV, RMSE_F=   32.95 meV / A
2026-08-29 08:33:19.306 INFO: Epoch 446: head: Default, loss=0.00543156, RMSE_E_per_atom=    0.61 meV, RMSE_F=   32.96 meV / A
2026-08-29 08:33:25.363 INFO: Epoch 447: head: Default, loss=0.00543250, RMSE_E_per_atom=    0.58 meV, RMSE_F=   32.96 meV / A
2026-08-29 08:33:31.417 INFO: Epoch 448: head: Default, loss=0.00543148, RMSE_E_per_atom=    0.58 meV, RMSE_F=   32.96 meV / A
2026-08-29 08:33:37.457 INFO: Epoch 449: head: Default, loss=0.00543386, RMSE_E_per_atom=    0.59 meV, RMSE_F=   32.97 meV / A
2026-08-29 08:33:43.501 INFO: Epoch 450: head: Default, loss=0.00543485, RMSE_E_per_atom=    0.61 meV, RMSE_F=   32.97 meV / A
2026-08-29 08:33:49.533 INFO: Epoch 451: head: Default, loss=0.00543494, RMSE_E_per_atom=    0.59 meV, RMSE_F=   32.97 meV / A
2026-08-29 08:33:55.593 INFO: Epoch 452: head: Default, loss=0.00543899, RMSE_E_per_atom=    0.59 meV, RMSE_F=   32.98 meV / A
2026-08-29 08:34:01.634 INFO: Epoch 453: head: Default, loss=0.00544198, RMSE_E_per_atom=    0.60 meV, RMSE_F=   32.99 meV / A
2026-08-29 08:34:07.670 INFO: Epoch 454: head: Default, loss=0.00544606, RMSE_E_per_atom=    0.58 meV, RMSE_F=   33.00 meV / A
2026-08-29 08:34:13.734 INFO: Epoch 455: head: Default, loss=0.00544866, RMSE_E_per_atom=    0.58 meV, RMSE_F=   33.01 meV / A
2026-08-29 08:34:19.783 INFO: Epoch 456: head: Default, loss=0.00545085, RMSE_E_per_atom=    0.58 meV, RMSE_F=   33.02 meV / A
2026-08-29 08:34:25.831 INFO: Epoch 457: head: Default, loss=0.00545374, RMSE_E_per_atom=    0.58 meV, RMSE_F=   33.03 meV / A
2026-08-29 08:34:31.857 INFO: Epoch 458: head: Default, loss=0.00545277, RMSE_E_per_atom=    0.58 meV, RMSE_F=   33.02 meV / A
2026-08-29 08:34:37.895 INFO: Epoch 459: head: Default, loss=0.00544456, RMSE_E_per_atom=    0.62 meV, RMSE_F=   33.00 meV / A
2026-08-29 08:34:43.992 INFO: Epoch 460: head: Default, loss=0.00542115, RMSE_E_per_atom=    0.80 meV, RMSE_F=   32.93 meV / A
2026-08-29 08:34:50.104 INFO: Epoch 461: head: Default, loss=0.00539269, RMSE_E_per_atom=    0.77 meV, RMSE_F=   32.84 meV / A
2026-08-29 08:34:56.263 INFO: Epoch 462: head: Default, loss=0.00536925, RMSE_E_per_atom=    0.88 meV, RMSE_F=   32.77 meV / A
2026-08-29 08:35:02.383 INFO: Epoch 463: head: Default, loss=0.00535757, RMSE_E_per_atom=    0.76 meV, RMSE_F=   32.73 meV / A
2026-08-29 08:35:08.482 INFO: Epoch 464: head: Default, loss=0.00535617, RMSE_E_per_atom=    0.81 meV, RMSE_F=   32.73 meV / A
2026-08-29 08:35:14.633 INFO: Epoch 465: head: Default, loss=0.00535775, RMSE_E_per_atom=    0.77 meV, RMSE_F=   32.73 meV / A
2026-08-29 08:35:20.674 INFO: Epoch 466: head: Default, loss=0.00536237, RMSE_E_per_atom=    0.81 meV, RMSE_F=   32.75 meV / A
2026-08-29 08:35:26.773 INFO: Epoch 467: head: Default, loss=0.00537087, RMSE_E_per_atom=    0.74 meV, RMSE_F=   32.77 meV / A
2026-08-29 08:35:32.808 INFO: Epoch 468: head: Default, loss=0.00537590, RMSE_E_per_atom=    0.75 meV, RMSE_F=   32.79 meV / A
2026-08-29 08:35:38.787 INFO: Epoch 469: head: Default, loss=0.00538294, RMSE_E_per_atom=    0.71 meV, RMSE_F=   32.81 meV / A
2026-08-29 08:35:44.766 INFO: Epoch 470: head: Default, loss=0.00539232, RMSE_E_per_atom=    0.69 meV, RMSE_F=   32.84 meV / A
2026-08-29 08:35:50.782 INFO: Epoch 471: head: Default, loss=0.00539951, RMSE_E_per_atom=    0.70 meV, RMSE_F=   32.86 meV / A
2026-08-29 08:35:56.834 INFO: Epoch 472: head: Default, loss=0.00540623, RMSE_E_per_atom=    0.65 meV, RMSE_F=   32.88 meV / A
2026-08-29 08:36:02.869 INFO: Epoch 473: head: Default, loss=0.00541379, RMSE_E_per_atom=    0.66 meV, RMSE_F=   32.90 meV / A
2026-08-29 08:36:08.915 INFO: Epoch 474: head: Default, loss=0.00542101, RMSE_E_per_atom=    0.66 meV, RMSE_F=   32.93 meV / A
2026-08-29 08:36:14.975 INFO: Epoch 475: head: Default, loss=0.00542693, RMSE_E_per_atom=    0.63 meV, RMSE_F=   32.94 meV / A
2026-08-29 08:36:21.094 INFO: Epoch 476: head: Default, loss=0.00543199, RMSE_E_per_atom=    0.63 meV, RMSE_F=   32.96 meV / A
2026-08-29 08:36:27.144 INFO: Epoch 477: head: Default, loss=0.00543754, RMSE_E_per_atom=    0.65 meV, RMSE_F=   32.98 meV / A
2026-08-29 08:36:33.236 INFO: Epoch 478: head: Default, loss=0.00544060, RMSE_E_per_atom=    0.65 meV, RMSE_F=   32.99 meV / A
2026-08-29 08:36:39.277 INFO: Epoch 479: head: Default, loss=0.00543780, RMSE_E_per_atom=    0.61 meV, RMSE_F=   32.98 meV / A
2026-08-29 08:36:45.313 INFO: Epoch 480: head: Default, loss=0.00543658, RMSE_E_per_atom=    0.66 meV, RMSE_F=   32.97 meV / A
2026-08-29 08:36:51.337 INFO: Epoch 481: head: Default, loss=0.00544034, RMSE_E_per_atom=    0.64 meV, RMSE_F=   32.99 meV / A
2026-08-29 08:36:57.367 INFO: Epoch 482: head: Default, loss=0.00544445, RMSE_E_per_atom=    0.63 meV, RMSE_F=   33.00 meV / A
2026-08-29 08:37:03.397 INFO: Epoch 483: head: Default, loss=0.00544535, RMSE_E_per_atom=    0.63 meV, RMSE_F=   33.00 meV / A
2026-08-29 08:37:09.441 INFO: Epoch 484: head: Default, loss=0.00544777, RMSE_E_per_atom=    0.62 meV, RMSE_F=   33.01 meV / A
2026-08-29 08:37:15.485 INFO: Epoch 485: head: Default, loss=0.00545277, RMSE_E_per_atom=    0.62 meV, RMSE_F=   33.02 meV / A
2026-08-29 08:37:21.508 INFO: Epoch 486: head: Default, loss=0.00545632, RMSE_E_per_atom=    0.62 meV, RMSE_F=   33.03 meV / A
2026-08-29 08:37:27.535 INFO: Epoch 487: head: Default, loss=0.00545954, RMSE_E_per_atom=    0.63 meV, RMSE_F=   33.04 meV / A
2026-08-29 08:37:33.560 INFO: Epoch 488: head: Default, loss=0.00546364, RMSE_E_per_atom=    0.63 meV, RMSE_F=   33.06 meV / A
2026-08-29 08:37:39.600 INFO: Epoch 489: head: Default, loss=0.00546235, RMSE_E_per_atom=    0.63 meV, RMSE_F=   33.05 meV / A
2026-08-29 08:37:45.632 INFO: Epoch 490: head: Default, loss=0.00546162, RMSE_E_per_atom=    0.61 meV, RMSE_F=   33.05 meV / A
2026-08-29 08:37:51.653 INFO: Epoch 491: head: Default, loss=0.00546160, RMSE_E_per_atom=    0.63 meV, RMSE_F=   33.05 meV / A
2026-08-29 08:37:57.675 INFO: Epoch 492: head: Default, loss=0.00545971, RMSE_E_per_atom=    0.61 meV, RMSE_F=   33.04 meV / A
2026-08-29 08:38:03.697 INFO: Epoch 493: head: Default, loss=0.00545808, RMSE_E_per_atom=    0.60 meV, RMSE_F=   33.04 meV / A
2026-08-29 08:38:09.729 INFO: Epoch 494: head: Default, loss=0.00545856, RMSE_E_per_atom=    0.63 meV, RMSE_F=   33.04 meV / A
2026-08-29 08:38:15.750 INFO: Epoch 495: head: Default, loss=0.00545742, RMSE_E_per_atom=    0.63 meV, RMSE_F=   33.04 meV / A
2026-08-29 08:38:21.775 INFO: Epoch 496: head: Default, loss=0.00545598, RMSE_E_per_atom=    0.62 meV, RMSE_F=   33.03 meV / A
2026-08-29 08:38:27.804 INFO: Epoch 497: head: Default, loss=0.00545299, RMSE_E_per_atom=    0.62 meV, RMSE_F=   33.02 meV / A
2026-08-29 08:38:33.823 INFO: Epoch 498: head: Default, loss=0.00545291, RMSE_E_per_atom=    0.63 meV, RMSE_F=   33.02 meV / A
2026-08-29 08:38:39.866 INFO: Epoch 499: head: Default, loss=0.00545530, RMSE_E_per_atom=    0.61 meV, RMSE_F=   33.03 meV / A
2026-08-29 08:38:39.866 INFO: Training complete
2026-08-29 08:38:39.866 INFO: 
2026-08-29 08:38:39.866 INFO: ===========RESULTS===========
2026-08-29 08:39:01.486 INFO: Loading checkpoint: ./checkpoints/MACE_FPS_50_DFT_Li3PS4_run-123_epoch-464.pt
2026-08-29 08:39:01.520 INFO: Loaded Stage one model from epoch 464 for evaluation
2026-08-29 08:39:01.520 INFO: Saving model to checkpoints/MACE_FPS_50_DFT_Li3PS4_run-123.model
2026-08-29 08:39:01.683 INFO: Compiling model, saving metadata to MACE_FPS_50_DFT_Li3PS4_compiled.model
2026-08-29 08:39:02.287 INFO: Computing metrics for training, validation, and test sets
2026-08-29 08:39:02.287 INFO: Skipping evaluation for heads: ['pt_head']
2026-08-29 08:39:02.287 INFO: Evaluating train_Default ...
2026-08-29 08:39:02.592 INFO: Evaluating valid_Default ...
2026-08-29 08:39:08.079 INFO: Error-table on TRAIN and VALID:
+---------------+---------------------+------------------+-------------------+
|  config_type  | RMSE E / meV / atom | RMSE F / meV / A | relative F RMSE % |
+---------------+---------------------+------------------+-------------------+
| train_Default |            0.7      |         13.6     |          2.03     |
| valid_Default |            0.8      |         32.7     |          5.26     |
+---------------+---------------------+------------------+-------------------+
2026-08-29 08:39:08.079 INFO: Evaluating Default_Default ...
2026-08-29 08:45:10.753 INFO: Error-table on TEST:
+-----------------+---------------------+------------------+-------------------+
|   config_type   | RMSE E / meV / atom | RMSE F / meV / A | relative F RMSE % |
+-----------------+---------------------+------------------+-------------------+
| Default_Default |            0.8      |         33.4     |          5.35     |
+-----------------+---------------------+------------------+-------------------+
2026-08-29 08:45:10.793 INFO: Done
