2026-08-29 07:30:45.376 INFO: ===========VERIFYING SETTINGS===========
2026-08-29 07:30:45.377 INFO: MACE version: 0.3.14
2026-08-29 07:30:45.596 INFO: CUDA version: 12.8, CUDA device: 0
2026-08-29 07:30:45.801 INFO: ===========LOADING INPUT DATA===========
2026-08-29 07:30:45.801 INFO: Using heads: ['Default']
2026-08-29 07:30:45.801 INFO: Using the key specifications to parse data:
2026-08-29 07:30:45.802 INFO: Default: KeySpecification(info_keys={'energy': 'energy', 'stress': 'REF_stress', 'virials': 'REF_virials', 'dipole': 'dipole', 'head': 'head', 'elec_temp': 'elec_temp', 'total_charge': 'total_charge', 'polarizability': 'polarizability', 'total_spin': 'total_spin'}, arrays_keys={'forces': 'forces', 'charges': 'REF_charges'})
2026-08-29 07:30:45.802 INFO: =============    Processing head Default     ===========
2026-08-29 07:30:45.924 WARNING: Since ASE version 3.23.0b1, using energy_key 'energy' is no longer safe when communicating between MACE and ASE. We recommend using a different key, rewriting 'energy' to 'REF_energy'. You need to use --energy_key='REF_energy' to specify the chosen key name.
2026-08-29 07:30:45.943 WARNING: Since ASE version 3.23.0b1, using forces_key 'forces' is no longer safe when communicating between MACE and ASE. We recommend using a different key, rewriting 'forces' to 'REF_forces'. You need to use --forces_key='REF_forces' to specify the chosen key name.
2026-08-29 07:30:45.967 INFO: Training set 1/1 [energy: 150, stress: 0, virials: 0, dipole components: 0, head: 150, elec_temp: 0, total_charge: 0, polarizability: 0, total_spin: 0, forces: 150, charges: 0]
2026-08-29 07:30:45.968 INFO: Total Training set [energy: 150, stress: 0, virials: 0, dipole components: 0, head: 150, elec_temp: 0, total_charge: 0, polarizability: 0, total_spin: 0, forces: 150, charges: 0]
2026-08-29 07:30:46.470 WARNING: Since ASE version 3.23.0b1, using energy_key 'energy' is no longer safe when communicating between MACE and ASE. We recommend using a different key, rewriting 'energy' to 'REF_energy'. You need to use --energy_key='REF_energy' to specify the chosen key name.
2026-08-29 07:30:46.567 WARNING: Since ASE version 3.23.0b1, using forces_key 'forces' is no longer safe when communicating between MACE and ASE. We recommend using a different key, rewriting 'forces' to 'REF_forces'. You need to use --forces_key='REF_forces' to specify the chosen key name.
2026-08-29 07:30:46.696 INFO: Validation set 1/1 [energy: 800, stress: 0, virials: 0, dipole components: 0, head: 800, elec_temp: 0, total_charge: 0, polarizability: 0, total_spin: 0, forces: 800, charges: 0]
2026-08-29 07:30:46.700 INFO: Total Validation set [energy: 800, stress: 0, virials: 0, dipole components: 0, head: 800, elec_temp: 0, total_charge: 0, polarizability: 0, total_spin: 0, forces: 800, charges: 0]
2026-08-29 07:30:55.659 WARNING: Since ASE version 3.23.0b1, using energy_key 'energy' is no longer safe when communicating between MACE and ASE. We recommend using a different key, rewriting 'energy' to 'REF_energy'. You need to use --energy_key='REF_energy' to specify the chosen key name.
2026-08-29 07:30:57.575 WARNING: Since ASE version 3.23.0b1, using forces_key 'forces' is no longer safe when communicating between MACE and ASE. We recommend using a different key, rewriting 'forces' to 'REF_forces'. You need to use --forces_key='REF_forces' to specify the chosen key name.
2026-08-29 07:31:00.086 INFO: Test set 1/1 [energy: 15050, stress: 0, virials: 0, dipole components: 0, head: 15050, elec_temp: 0, total_charge: 0, polarizability: 0, total_spin: 0, forces: 15050, charges: 0]
2026-08-29 07:31:00.149 INFO: Total Test set [energy: 15050, stress: 0, virials: 0, dipole components: 0, head: 15050, elec_temp: 0, total_charge: 0, polarizability: 0, total_spin: 0, forces: 15050, charges: 0]
2026-08-29 07:31:00.150 INFO: Total number of configurations: train=150, valid=800, tests=[Default_Default: 15050],
2026-08-29 07:31:00.163 INFO: Atomic Numbers used: [3, 15, 16]
2026-08-29 07:31:00.163 INFO: Isolated Atomic Energies (E0s) not in training file, using command line argument
2026-08-29 07:31:00.163 INFO: Computing average Atomic Energies using least squares regression
2026-08-29 07:31:00.181 INFO: Atomic Energies used (z: eV) for head Default: {3: -3.950045776090865, 15: -1.316681925363624, 16: -5.266727701454495}
2026-08-29 07:31:00.181 INFO: Processing datasets for head 'Default'
2026-08-29 07:31:00.427 INFO: Combining 1 list datasets for head 'Default'
2026-08-29 07:31:01.586 INFO: Combining 1 list datasets for head 'Default_valid'
2026-08-29 07:31:01.586 INFO: Combined validation datasets for Default
2026-08-29 07:31:01.586 INFO: Head 'Default' training dataset size: 150
2026-08-29 07:31:01.587 INFO: Computing average number of neighbors
2026-08-29 07:31:02.029 INFO: Average number of neighbors: 25.1335506439209
2026-08-29 07:31:02.029 INFO: During training the following quantities will be reported: energy, forces
2026-08-29 07:31:02.029 INFO: ===========MODEL DETAILS===========
2026-08-29 07:31:02.131 INFO: Building model
2026-08-29 07:31:02.131 INFO: Message passing with 64 channels and max_L=1 (64x0e + 64x1o)
2026-08-29 07:31:02.131 INFO: 2 layers, each with correlation order: 3 (body order: 4) and spherical harmonics up to: l=3
2026-08-29 07:31:02.132 INFO: 8 radial and 5 basis functions
2026-08-29 07:31:02.132 INFO: Radial cutoff: 5.0 A (total receptive field for each atom: 10.0 A)
2026-08-29 07:31:02.132 INFO: Distance transform for radial basis functions: None
2026-08-29 07:31:02.132 INFO: Hidden irreps: 64x0e + 64x1o
2026-08-29 07:31:03.453 INFO: Total number of parameters: 241296
2026-08-29 07:31:03.453 INFO: 
2026-08-29 07:31:03.453 INFO: ===========OPTIMIZER INFORMATION===========
2026-08-29 07:31:03.453 INFO: Using ADAM as parameter optimizer
2026-08-29 07:31:03.453 INFO: Batch size: 4
2026-08-29 07:31:03.453 INFO: Using Exponential Moving Average with decay: 0.99
2026-08-29 07:31:03.454 INFO: Number of gradient updates: 18750
2026-08-29 07:31:03.454 INFO: Learning rate: 0.01, weight decay: 5e-07
2026-08-29 07:31:03.454 INFO: WeightedEnergyForcesLoss(energy_weight=1.000, forces_weight=20.000)
2026-08-29 07:31:03.454 WARNING: Cannot find checkpoint with tag 'MACE_FPS_150_DFT_Li3PS4_run-123' in './checkpoints'
2026-08-29 07:31:03.458 INFO: Using gradient clipping with tolerance=10.000
2026-08-29 07:31:03.458 INFO: 
2026-08-29 07:31:03.458 INFO: ===========TRAINING===========
2026-08-29 07:31:03.458 INFO: Started training, reporting errors on validation set
2026-08-29 07:31:03.459 INFO: Loss metrics on validation set
2026-08-29 07:31:13.583 INFO: Initial: head: Default, loss=1.93428242, RMSE_E_per_atom=   54.80 meV, RMSE_F=  621.86 meV / A
2026-08-29 07:31:24.492 INFO: Epoch 0: head: Default, loss=0.42580608, RMSE_E_per_atom=  348.97 meV, RMSE_F=  281.20 meV / A
2026-08-29 07:31:32.040 INFO: Epoch 1: head: Default, loss=0.19554476, RMSE_E_per_atom=  180.17 meV, RMSE_F=  193.61 meV / A
2026-08-29 07:31:39.501 INFO: Epoch 2: head: Default, loss=0.12650321, RMSE_E_per_atom=   82.44 meV, RMSE_F=  157.99 meV / A
2026-08-29 07:31:46.960 INFO: Epoch 3: head: Default, loss=0.08351284, RMSE_E_per_atom=   59.94 meV, RMSE_F=  128.54 meV / A
2026-08-29 07:31:54.428 INFO: Epoch 4: head: Default, loss=0.05953293, RMSE_E_per_atom=   39.80 meV, RMSE_F=  108.75 meV / A
2026-08-29 07:32:01.894 INFO: Epoch 5: head: Default, loss=0.04409088, RMSE_E_per_atom=   28.76 meV, RMSE_F=   93.68 meV / A
2026-08-29 07:32:09.372 INFO: Epoch 6: head: Default, loss=0.03593498, RMSE_E_per_atom=   24.99 meV, RMSE_F=   84.59 meV / A
2026-08-29 07:32:16.839 INFO: Epoch 7: head: Default, loss=0.03087753, RMSE_E_per_atom=   19.33 meV, RMSE_F=   78.47 meV / A
2026-08-29 07:32:24.311 INFO: Epoch 8: head: Default, loss=0.02707436, RMSE_E_per_atom=   14.03 meV, RMSE_F=   73.52 meV / A
2026-08-29 07:32:31.780 INFO: Epoch 9: head: Default, loss=0.02407921, RMSE_E_per_atom=   10.18 meV, RMSE_F=   69.36 meV / A
2026-08-29 07:32:39.240 INFO: Epoch 10: head: Default, loss=0.02147411, RMSE_E_per_atom=    7.63 meV, RMSE_F=   65.51 meV / A
2026-08-29 07:32:46.719 INFO: Epoch 11: head: Default, loss=0.01919107, RMSE_E_per_atom=    5.88 meV, RMSE_F=   61.94 meV / A
2026-08-29 07:32:54.216 INFO: Epoch 12: head: Default, loss=0.01720762, RMSE_E_per_atom=    5.46 meV, RMSE_F=   58.65 meV / A
2026-08-29 07:33:01.883 INFO: Epoch 13: head: Default, loss=0.01561294, RMSE_E_per_atom=    5.40 meV, RMSE_F=   55.87 meV / A
2026-08-29 07:33:09.464 INFO: Epoch 14: head: Default, loss=0.01435101, RMSE_E_per_atom=    5.20 meV, RMSE_F=   53.56 meV / A
2026-08-29 07:33:17.059 INFO: Epoch 15: head: Default, loss=0.01336262, RMSE_E_per_atom=    5.84 meV, RMSE_F=   51.68 meV / A
2026-08-29 07:33:24.729 INFO: Epoch 16: head: Default, loss=0.01246936, RMSE_E_per_atom=    5.04 meV, RMSE_F=   49.93 meV / A
2026-08-29 07:33:32.337 INFO: Epoch 17: head: Default, loss=0.01175244, RMSE_E_per_atom=    4.90 meV, RMSE_F=   48.47 meV / A
2026-08-29 07:33:39.929 INFO: Epoch 18: head: Default, loss=0.01110065, RMSE_E_per_atom=    3.75 meV, RMSE_F=   47.11 meV / A
2026-08-29 07:33:47.579 INFO: Epoch 19: head: Default, loss=0.01051847, RMSE_E_per_atom=    3.87 meV, RMSE_F=   45.86 meV / A
2026-08-29 07:33:55.260 INFO: Epoch 20: head: Default, loss=0.01011240, RMSE_E_per_atom=    5.02 meV, RMSE_F=   44.96 meV / A
2026-08-29 07:34:02.916 INFO: Epoch 21: head: Default, loss=0.00974674, RMSE_E_per_atom=    4.63 meV, RMSE_F=   44.14 meV / A
2026-08-29 07:34:10.507 INFO: Epoch 22: head: Default, loss=0.00936468, RMSE_E_per_atom=    3.76 meV, RMSE_F=   43.27 meV / A
2026-08-29 07:34:18.080 INFO: Epoch 23: head: Default, loss=0.00898978, RMSE_E_per_atom=    3.20 meV, RMSE_F=   42.40 meV / A
2026-08-29 07:34:25.737 INFO: Epoch 24: head: Default, loss=0.00866192, RMSE_E_per_atom=    2.65 meV, RMSE_F=   41.62 meV / A
2026-08-29 07:34:33.325 INFO: Epoch 25: head: Default, loss=0.00835043, RMSE_E_per_atom=    2.59 meV, RMSE_F=   40.86 meV / A
2026-08-29 07:34:40.888 INFO: Epoch 26: head: Default, loss=0.00805007, RMSE_E_per_atom=    2.15 meV, RMSE_F=   40.12 meV / A
2026-08-29 07:34:48.578 INFO: Epoch 27: head: Default, loss=0.00779769, RMSE_E_per_atom=    2.50 meV, RMSE_F=   39.49 meV / A
2026-08-29 07:34:56.289 INFO: Epoch 28: head: Default, loss=0.00754431, RMSE_E_per_atom=    1.84 meV, RMSE_F=   38.84 meV / A
2026-08-29 07:35:04.030 INFO: Epoch 29: head: Default, loss=0.00730435, RMSE_E_per_atom=    2.28 meV, RMSE_F=   38.22 meV / A
2026-08-29 07:35:11.723 INFO: Epoch 30: head: Default, loss=0.00714706, RMSE_E_per_atom=    2.81 meV, RMSE_F=   37.80 meV / A
2026-08-29 07:35:19.449 INFO: Epoch 31: head: Default, loss=0.00696694, RMSE_E_per_atom=    2.49 meV, RMSE_F=   37.32 meV / A
2026-08-29 07:35:27.132 INFO: Epoch 32: head: Default, loss=0.00678110, RMSE_E_per_atom=    1.99 meV, RMSE_F=   36.82 meV / A
2026-08-29 07:35:34.599 INFO: Epoch 33: head: Default, loss=0.00659291, RMSE_E_per_atom=    1.49 meV, RMSE_F=   36.31 meV / A
2026-08-29 07:35:42.050 INFO: Epoch 34: head: Default, loss=0.00642636, RMSE_E_per_atom=    1.46 meV, RMSE_F=   35.85 meV / A
2026-08-29 07:35:49.512 INFO: Epoch 35: head: Default, loss=0.00627677, RMSE_E_per_atom=    1.42 meV, RMSE_F=   35.43 meV / A
2026-08-29 07:35:56.965 INFO: Epoch 36: head: Default, loss=0.00612684, RMSE_E_per_atom=    1.49 meV, RMSE_F=   35.00 meV / A
2026-08-29 07:36:04.416 INFO: Epoch 37: head: Default, loss=0.00598951, RMSE_E_per_atom=    1.17 meV, RMSE_F=   34.61 meV / A
2026-08-29 07:36:11.909 INFO: Epoch 38: head: Default, loss=0.00586305, RMSE_E_per_atom=    1.38 meV, RMSE_F=   34.24 meV / A
2026-08-29 07:36:19.418 INFO: Epoch 39: head: Default, loss=0.00575217, RMSE_E_per_atom=    1.28 meV, RMSE_F=   33.92 meV / A
2026-08-29 07:36:26.929 INFO: Epoch 40: head: Default, loss=0.00564096, RMSE_E_per_atom=    1.15 meV, RMSE_F=   33.59 meV / A
2026-08-29 07:36:34.440 INFO: Epoch 41: head: Default, loss=0.00555876, RMSE_E_per_atom=    1.04 meV, RMSE_F=   33.34 meV / A
2026-08-29 07:36:41.939 INFO: Epoch 42: head: Default, loss=0.00545957, RMSE_E_per_atom=    1.17 meV, RMSE_F=   33.04 meV / A
2026-08-29 07:36:49.389 INFO: Epoch 43: head: Default, loss=0.00538798, RMSE_E_per_atom=    1.58 meV, RMSE_F=   32.82 meV / A
2026-08-29 07:36:56.834 INFO: Epoch 44: head: Default, loss=0.00530310, RMSE_E_per_atom=    1.20 meV, RMSE_F=   32.57 meV / A
2026-08-29 07:37:04.261 INFO: Epoch 45: head: Default, loss=0.00521829, RMSE_E_per_atom=    1.18 meV, RMSE_F=   32.30 meV / A
2026-08-29 07:37:11.684 INFO: Epoch 46: head: Default, loss=0.00514229, RMSE_E_per_atom=    1.26 meV, RMSE_F=   32.07 meV / A
2026-08-29 07:37:19.114 INFO: Epoch 47: head: Default, loss=0.00507650, RMSE_E_per_atom=    1.42 meV, RMSE_F=   31.86 meV / A
2026-08-29 07:37:26.544 INFO: Epoch 48: head: Default, loss=0.00502878, RMSE_E_per_atom=    1.27 meV, RMSE_F=   31.71 meV / A
2026-08-29 07:37:33.950 INFO: Epoch 49: head: Default, loss=0.00496866, RMSE_E_per_atom=    1.24 meV, RMSE_F=   31.52 meV / A
2026-08-29 07:37:41.360 INFO: Epoch 50: head: Default, loss=0.00490425, RMSE_E_per_atom=    1.21 meV, RMSE_F=   31.32 meV / A
2026-08-29 07:37:48.769 INFO: Epoch 51: head: Default, loss=0.00484055, RMSE_E_per_atom=    1.19 meV, RMSE_F=   31.11 meV / A
2026-08-29 07:37:56.163 INFO: Epoch 52: head: Default, loss=0.00477520, RMSE_E_per_atom=    1.04 meV, RMSE_F=   30.90 meV / A
2026-08-29 07:38:03.575 INFO: Epoch 53: head: Default, loss=0.00471586, RMSE_E_per_atom=    1.00 meV, RMSE_F=   30.71 meV / A
2026-08-29 07:38:10.974 INFO: Epoch 54: head: Default, loss=0.00467347, RMSE_E_per_atom=    1.24 meV, RMSE_F=   30.57 meV / A
2026-08-29 07:38:18.375 INFO: Epoch 55: head: Default, loss=0.00465560, RMSE_E_per_atom=    1.38 meV, RMSE_F=   30.51 meV / A
2026-08-29 07:38:25.754 INFO: Epoch 56: head: Default, loss=0.00461657, RMSE_E_per_atom=    1.45 meV, RMSE_F=   30.38 meV / A
2026-08-29 07:38:33.146 INFO: Epoch 57: head: Default, loss=0.00457178, RMSE_E_per_atom=    1.31 meV, RMSE_F=   30.24 meV / A
2026-08-29 07:38:40.517 INFO: Epoch 58: head: Default, loss=0.00452505, RMSE_E_per_atom=    1.11 meV, RMSE_F=   30.08 meV / A
2026-08-29 07:38:47.887 INFO: Epoch 59: head: Default, loss=0.00447957, RMSE_E_per_atom=    1.06 meV, RMSE_F=   29.93 meV / A
2026-08-29 07:38:55.285 INFO: Epoch 60: head: Default, loss=0.00443337, RMSE_E_per_atom=    0.91 meV, RMSE_F=   29.78 meV / A
2026-08-29 07:39:02.670 INFO: Epoch 61: head: Default, loss=0.00438933, RMSE_E_per_atom=    1.02 meV, RMSE_F=   29.63 meV / A
2026-08-29 07:39:10.040 INFO: Epoch 62: head: Default, loss=0.00434850, RMSE_E_per_atom=    0.89 meV, RMSE_F=   29.49 meV / A
2026-08-29 07:39:17.419 INFO: Epoch 63: head: Default, loss=0.00432966, RMSE_E_per_atom=    1.45 meV, RMSE_F=   29.42 meV / A
2026-08-29 07:39:24.811 INFO: Epoch 64: head: Default, loss=0.00430920, RMSE_E_per_atom=    1.28 meV, RMSE_F=   29.36 meV / A
2026-08-29 07:39:32.209 INFO: Epoch 65: head: Default, loss=0.00427517, RMSE_E_per_atom=    1.14 meV, RMSE_F=   29.24 meV / A
2026-08-29 07:39:39.628 INFO: Epoch 66: head: Default, loss=0.00424710, RMSE_E_per_atom=    1.03 meV, RMSE_F=   29.14 meV / A
2026-08-29 07:39:47.034 INFO: Epoch 67: head: Default, loss=0.00421700, RMSE_E_per_atom=    1.15 meV, RMSE_F=   29.04 meV / A
2026-08-29 07:39:54.468 INFO: Epoch 68: head: Default, loss=0.00418675, RMSE_E_per_atom=    0.93 meV, RMSE_F=   28.94 meV / A
2026-08-29 07:40:01.896 INFO: Epoch 69: head: Default, loss=0.00415603, RMSE_E_per_atom=    0.90 meV, RMSE_F=   28.83 meV / A
2026-08-29 07:40:09.301 INFO: Epoch 70: head: Default, loss=0.00412499, RMSE_E_per_atom=    0.77 meV, RMSE_F=   28.72 meV / A
2026-08-29 07:40:16.707 INFO: Epoch 71: head: Default, loss=0.00409220, RMSE_E_per_atom=    0.95 meV, RMSE_F=   28.61 meV / A
2026-08-29 07:40:24.138 INFO: Epoch 72: head: Default, loss=0.00406359, RMSE_E_per_atom=    0.81 meV, RMSE_F=   28.51 meV / A
2026-08-29 07:40:31.549 INFO: Epoch 73: head: Default, loss=0.00403242, RMSE_E_per_atom=    0.80 meV, RMSE_F=   28.40 meV / A
2026-08-29 07:40:38.966 INFO: Epoch 74: head: Default, loss=0.00400893, RMSE_E_per_atom=    0.70 meV, RMSE_F=   28.32 meV / A
2026-08-29 07:40:46.384 INFO: Epoch 75: head: Default, loss=0.00398855, RMSE_E_per_atom=    0.92 meV, RMSE_F=   28.24 meV / A
2026-08-29 07:40:53.817 INFO: Epoch 76: head: Default, loss=0.00396425, RMSE_E_per_atom=    0.94 meV, RMSE_F=   28.16 meV / A
2026-08-29 07:41:01.260 INFO: Epoch 77: head: Default, loss=0.00393442, RMSE_E_per_atom=    0.76 meV, RMSE_F=   28.05 meV / A
2026-08-29 07:41:08.674 INFO: Epoch 78: head: Default, loss=0.00391322, RMSE_E_per_atom=    0.75 meV, RMSE_F=   27.98 meV / A
2026-08-29 07:41:16.056 INFO: Epoch 79: head: Default, loss=0.00389043, RMSE_E_per_atom=    0.77 meV, RMSE_F=   27.89 meV / A
2026-08-29 07:41:23.433 INFO: Epoch 80: head: Default, loss=0.00386337, RMSE_E_per_atom=    0.79 meV, RMSE_F=   27.80 meV / A
2026-08-29 07:41:30.830 INFO: Epoch 81: head: Default, loss=0.00384364, RMSE_E_per_atom=    0.73 meV, RMSE_F=   27.73 meV / A
2026-08-29 07:41:38.253 INFO: Epoch 82: head: Default, loss=0.00382658, RMSE_E_per_atom=    0.77 meV, RMSE_F=   27.66 meV / A
2026-08-29 07:41:45.682 INFO: Epoch 83: head: Default, loss=0.00380747, RMSE_E_per_atom=    0.77 meV, RMSE_F=   27.59 meV / A
2026-08-29 07:41:53.080 INFO: Epoch 84: head: Default, loss=0.00379010, RMSE_E_per_atom=    0.82 meV, RMSE_F=   27.53 meV / A
2026-08-29 07:42:00.451 INFO: Epoch 85: head: Default, loss=0.00377052, RMSE_E_per_atom=    0.72 meV, RMSE_F=   27.46 meV / A
2026-08-29 07:42:07.853 INFO: Epoch 86: head: Default, loss=0.00374798, RMSE_E_per_atom=    0.61 meV, RMSE_F=   27.38 meV / A
2026-08-29 07:42:15.231 INFO: Epoch 87: head: Default, loss=0.00372569, RMSE_E_per_atom=    0.71 meV, RMSE_F=   27.30 meV / A
2026-08-29 07:42:22.607 INFO: Epoch 88: head: Default, loss=0.00370511, RMSE_E_per_atom=    0.64 meV, RMSE_F=   27.22 meV / A
2026-08-29 07:42:29.998 INFO: Epoch 89: head: Default, loss=0.00368372, RMSE_E_per_atom=    0.67 meV, RMSE_F=   27.14 meV / A
2026-08-29 07:42:37.376 INFO: Epoch 90: head: Default, loss=0.00366491, RMSE_E_per_atom=    0.86 meV, RMSE_F=   27.07 meV / A
2026-08-29 07:42:44.761 INFO: Epoch 91: head: Default, loss=0.00365542, RMSE_E_per_atom=    0.84 meV, RMSE_F=   27.04 meV / A
2026-08-29 07:42:52.136 INFO: Epoch 92: head: Default, loss=0.00363858, RMSE_E_per_atom=    0.77 meV, RMSE_F=   26.98 meV / A
2026-08-29 07:42:59.510 INFO: Epoch 93: head: Default, loss=0.00362515, RMSE_E_per_atom=    0.98 meV, RMSE_F=   26.93 meV / A
2026-08-29 07:43:06.885 INFO: Epoch 94: head: Default, loss=0.00362726, RMSE_E_per_atom=    1.21 meV, RMSE_F=   26.93 meV / A
2026-08-29 07:43:14.232 INFO: Epoch 95: head: Default, loss=0.00361882, RMSE_E_per_atom=    0.75 meV, RMSE_F=   26.90 meV / A
2026-08-29 07:43:21.622 INFO: Epoch 96: head: Default, loss=0.00360224, RMSE_E_per_atom=    0.87 meV, RMSE_F=   26.84 meV / A
2026-08-29 07:43:29.003 INFO: Epoch 97: head: Default, loss=0.00358525, RMSE_E_per_atom=    0.73 meV, RMSE_F=   26.78 meV / A
2026-08-29 07:43:36.385 INFO: Epoch 98: head: Default, loss=0.00356667, RMSE_E_per_atom=    0.81 meV, RMSE_F=   26.71 meV / A
2026-08-29 07:43:43.756 INFO: Epoch 99: head: Default, loss=0.00355655, RMSE_E_per_atom=    0.81 meV, RMSE_F=   26.67 meV / A
2026-08-29 07:43:51.206 INFO: Epoch 100: head: Default, loss=0.00354129, RMSE_E_per_atom=    0.72 meV, RMSE_F=   26.61 meV / A
2026-08-29 07:43:58.629 INFO: Epoch 101: head: Default, loss=0.00352197, RMSE_E_per_atom=    0.70 meV, RMSE_F=   26.54 meV / A
2026-08-29 07:44:06.058 INFO: Epoch 102: head: Default, loss=0.00350664, RMSE_E_per_atom=    0.70 meV, RMSE_F=   26.48 meV / A
2026-08-29 07:44:13.481 INFO: Epoch 103: head: Default, loss=0.00349105, RMSE_E_per_atom=    0.75 meV, RMSE_F=   26.42 meV / A
2026-08-29 07:44:20.915 INFO: Epoch 104: head: Default, loss=0.00347458, RMSE_E_per_atom=    0.65 meV, RMSE_F=   26.36 meV / A
2026-08-29 07:44:28.303 INFO: Epoch 105: head: Default, loss=0.00345936, RMSE_E_per_atom=    0.61 meV, RMSE_F=   26.30 meV / A
2026-08-29 07:44:35.666 INFO: Epoch 106: head: Default, loss=0.00344645, RMSE_E_per_atom=    0.68 meV, RMSE_F=   26.25 meV / A
2026-08-29 07:44:43.033 INFO: Epoch 107: head: Default, loss=0.00343648, RMSE_E_per_atom=    0.71 meV, RMSE_F=   26.22 meV / A
2026-08-29 07:44:50.407 INFO: Epoch 108: head: Default, loss=0.00342592, RMSE_E_per_atom=    0.70 meV, RMSE_F=   26.18 meV / A
2026-08-29 07:44:57.779 INFO: Epoch 109: head: Default, loss=0.00341606, RMSE_E_per_atom=    0.67 meV, RMSE_F=   26.14 meV / A
2026-08-29 07:45:05.171 INFO: Epoch 110: head: Default, loss=0.00340106, RMSE_E_per_atom=    0.59 meV, RMSE_F=   26.08 meV / A
2026-08-29 07:45:12.559 INFO: Epoch 111: head: Default, loss=0.00339352, RMSE_E_per_atom=    0.77 meV, RMSE_F=   26.05 meV / A
2026-08-29 07:45:19.948 INFO: Epoch 112: head: Default, loss=0.00338122, RMSE_E_per_atom=    0.65 meV, RMSE_F=   26.00 meV / A
2026-08-29 07:45:27.367 INFO: Epoch 113: head: Default, loss=0.00336902, RMSE_E_per_atom=    0.59 meV, RMSE_F=   25.96 meV / A
2026-08-29 07:45:34.780 INFO: Epoch 114: head: Default, loss=0.00335880, RMSE_E_per_atom=    0.69 meV, RMSE_F=   25.92 meV / A
2026-08-29 07:45:42.195 INFO: Epoch 115: head: Default, loss=0.00335041, RMSE_E_per_atom=    0.70 meV, RMSE_F=   25.89 meV / A
2026-08-29 07:45:49.612 INFO: Epoch 116: head: Default, loss=0.00334125, RMSE_E_per_atom=    0.67 meV, RMSE_F=   25.85 meV / A
2026-08-29 07:45:57.014 INFO: Epoch 117: head: Default, loss=0.00332995, RMSE_E_per_atom=    0.65 meV, RMSE_F=   25.81 meV / A
2026-08-29 07:46:04.417 INFO: Epoch 118: head: Default, loss=0.00331778, RMSE_E_per_atom=    0.66 meV, RMSE_F=   25.76 meV / A
2026-08-29 07:46:11.835 INFO: Epoch 119: head: Default, loss=0.00330597, RMSE_E_per_atom=    0.63 meV, RMSE_F=   25.71 meV / A
2026-08-29 07:46:19.237 INFO: Epoch 120: head: Default, loss=0.00329477, RMSE_E_per_atom=    0.56 meV, RMSE_F=   25.67 meV / A
2026-08-29 07:46:26.640 INFO: Epoch 121: head: Default, loss=0.00328557, RMSE_E_per_atom=    0.64 meV, RMSE_F=   25.63 meV / A
2026-08-29 07:46:34.048 INFO: Epoch 122: head: Default, loss=0.00327497, RMSE_E_per_atom=    0.60 meV, RMSE_F=   25.59 meV / A
2026-08-29 07:46:41.452 INFO: Epoch 123: head: Default, loss=0.00326580, RMSE_E_per_atom=    0.65 meV, RMSE_F=   25.56 meV / A
2026-08-29 07:46:48.851 INFO: Epoch 124: head: Default, loss=0.00325681, RMSE_E_per_atom=    0.59 meV, RMSE_F=   25.52 meV / A
2026-08-29 07:46:56.261 INFO: Epoch 125: head: Default, loss=0.00324565, RMSE_E_per_atom=    0.66 meV, RMSE_F=   25.48 meV / A
2026-08-29 07:47:03.673 INFO: Epoch 126: head: Default, loss=0.00323429, RMSE_E_per_atom=    0.55 meV, RMSE_F=   25.43 meV / A
2026-08-29 07:47:11.091 INFO: Epoch 127: head: Default, loss=0.00322341, RMSE_E_per_atom=    0.55 meV, RMSE_F=   25.39 meV / A
2026-08-29 07:47:18.496 INFO: Epoch 128: head: Default, loss=0.00321272, RMSE_E_per_atom=    0.59 meV, RMSE_F=   25.35 meV / A
2026-08-29 07:47:25.906 INFO: Epoch 129: head: Default, loss=0.00320462, RMSE_E_per_atom=    0.71 meV, RMSE_F=   25.32 meV / A
2026-08-29 07:47:33.315 INFO: Epoch 130: head: Default, loss=0.00319781, RMSE_E_per_atom=    0.71 meV, RMSE_F=   25.29 meV / A
2026-08-29 07:47:40.714 INFO: Epoch 131: head: Default, loss=0.00319063, RMSE_E_per_atom=    0.57 meV, RMSE_F=   25.26 meV / A
2026-08-29 07:47:48.118 INFO: Epoch 132: head: Default, loss=0.00318479, RMSE_E_per_atom=    0.61 meV, RMSE_F=   25.24 meV / A
2026-08-29 07:47:55.588 INFO: Epoch 133: head: Default, loss=0.00317791, RMSE_E_per_atom=    0.57 meV, RMSE_F=   25.21 meV / A
2026-08-29 07:48:03.150 INFO: Epoch 134: head: Default, loss=0.00317085, RMSE_E_per_atom=    0.59 meV, RMSE_F=   25.18 meV / A
2026-08-29 07:48:10.666 INFO: Epoch 135: head: Default, loss=0.00316299, RMSE_E_per_atom=    0.58 meV, RMSE_F=   25.15 meV / A
2026-08-29 07:48:18.179 INFO: Epoch 136: head: Default, loss=0.00315811, RMSE_E_per_atom=    0.55 meV, RMSE_F=   25.13 meV / A
2026-08-29 07:48:25.698 INFO: Epoch 137: head: Default, loss=0.00315276, RMSE_E_per_atom=    0.49 meV, RMSE_F=   25.11 meV / A
2026-08-29 07:48:33.271 INFO: Epoch 138: head: Default, loss=0.00314578, RMSE_E_per_atom=    0.50 meV, RMSE_F=   25.08 meV / A
2026-08-29 07:48:40.821 INFO: Epoch 139: head: Default, loss=0.00314226, RMSE_E_per_atom=    0.56 meV, RMSE_F=   25.07 meV / A
2026-08-29 07:48:48.348 INFO: Epoch 140: head: Default, loss=0.00313391, RMSE_E_per_atom=    0.63 meV, RMSE_F=   25.04 meV / A
2026-08-29 07:48:55.891 INFO: Epoch 141: head: Default, loss=0.00312592, RMSE_E_per_atom=    0.55 meV, RMSE_F=   25.00 meV / A
2026-08-29 07:49:03.450 INFO: Epoch 142: head: Default, loss=0.00311901, RMSE_E_per_atom=    0.56 meV, RMSE_F=   24.98 meV / A
2026-08-29 07:49:10.993 INFO: Epoch 143: head: Default, loss=0.00311350, RMSE_E_per_atom=    0.56 meV, RMSE_F=   24.95 meV / A
2026-08-29 07:49:18.530 INFO: Epoch 144: head: Default, loss=0.00311342, RMSE_E_per_atom=    0.69 meV, RMSE_F=   24.95 meV / A
2026-08-29 07:49:26.026 INFO: Epoch 145: head: Default, loss=0.00312948, RMSE_E_per_atom=    0.62 meV, RMSE_F=   25.02 meV / A
2026-08-29 07:49:33.513 INFO: Epoch 146: head: Default, loss=0.00312981, RMSE_E_per_atom=    0.62 meV, RMSE_F=   25.02 meV / A
2026-08-29 07:49:41.069 INFO: Epoch 147: head: Default, loss=0.00312223, RMSE_E_per_atom=    0.65 meV, RMSE_F=   24.99 meV / A
2026-08-29 07:49:48.661 INFO: Epoch 148: head: Default, loss=0.00311550, RMSE_E_per_atom=    0.60 meV, RMSE_F=   24.96 meV / A
2026-08-29 07:49:56.201 INFO: Epoch 149: head: Default, loss=0.00310870, RMSE_E_per_atom=    0.57 meV, RMSE_F=   24.93 meV / A
2026-08-29 07:50:03.860 INFO: Epoch 150: head: Default, loss=0.00309946, RMSE_E_per_atom=    0.58 meV, RMSE_F=   24.90 meV / A
2026-08-29 07:50:11.534 INFO: Epoch 151: head: Default, loss=0.00309262, RMSE_E_per_atom=    0.59 meV, RMSE_F=   24.87 meV / A
2026-08-29 07:50:19.174 INFO: Epoch 152: head: Default, loss=0.00308385, RMSE_E_per_atom=    0.56 meV, RMSE_F=   24.83 meV / A
2026-08-29 07:50:26.850 INFO: Epoch 153: head: Default, loss=0.00307547, RMSE_E_per_atom=    0.59 meV, RMSE_F=   24.80 meV / A
2026-08-29 07:50:34.219 INFO: Epoch 154: head: Default, loss=0.00306998, RMSE_E_per_atom=    0.51 meV, RMSE_F=   24.78 meV / A
2026-08-29 07:50:41.582 INFO: Epoch 155: head: Default, loss=0.00306290, RMSE_E_per_atom=    0.53 meV, RMSE_F=   24.75 meV / A
2026-08-29 07:50:48.964 INFO: Epoch 156: head: Default, loss=0.00305439, RMSE_E_per_atom=    0.58 meV, RMSE_F=   24.72 meV / A
2026-08-29 07:50:56.342 INFO: Epoch 157: head: Default, loss=0.00304837, RMSE_E_per_atom=    0.58 meV, RMSE_F=   24.69 meV / A
2026-08-29 07:51:03.705 INFO: Epoch 158: head: Default, loss=0.00304209, RMSE_E_per_atom=    0.54 meV, RMSE_F=   24.67 meV / A
2026-08-29 07:51:11.064 INFO: Epoch 159: head: Default, loss=0.00303876, RMSE_E_per_atom=    0.53 meV, RMSE_F=   24.65 meV / A
2026-08-29 07:51:18.435 INFO: Epoch 160: head: Default, loss=0.00303459, RMSE_E_per_atom=    0.53 meV, RMSE_F=   24.64 meV / A
2026-08-29 07:51:25.788 INFO: Epoch 161: head: Default, loss=0.00302965, RMSE_E_per_atom=    0.53 meV, RMSE_F=   24.62 meV / A
2026-08-29 07:51:33.144 INFO: Epoch 162: head: Default, loss=0.00302161, RMSE_E_per_atom=    0.49 meV, RMSE_F=   24.58 meV / A
2026-08-29 07:51:40.522 INFO: Epoch 163: head: Default, loss=0.00301413, RMSE_E_per_atom=    0.51 meV, RMSE_F=   24.55 meV / A
2026-08-29 07:51:47.887 INFO: Epoch 164: head: Default, loss=0.00301041, RMSE_E_per_atom=    0.51 meV, RMSE_F=   24.54 meV / A
2026-08-29 07:51:55.240 INFO: Epoch 165: head: Default, loss=0.00300448, RMSE_E_per_atom=    0.48 meV, RMSE_F=   24.51 meV / A
2026-08-29 07:52:02.596 INFO: Epoch 166: head: Default, loss=0.00299965, RMSE_E_per_atom=    0.51 meV, RMSE_F=   24.49 meV / A
2026-08-29 07:52:09.992 INFO: Epoch 167: head: Default, loss=0.00299270, RMSE_E_per_atom=    0.49 meV, RMSE_F=   24.46 meV / A
2026-08-29 07:52:17.513 INFO: Epoch 168: head: Default, loss=0.00298916, RMSE_E_per_atom=    0.51 meV, RMSE_F=   24.45 meV / A
2026-08-29 07:52:24.883 INFO: Epoch 169: head: Default, loss=0.00298118, RMSE_E_per_atom=    0.53 meV, RMSE_F=   24.42 meV / A
2026-08-29 07:52:32.318 INFO: Epoch 170: head: Default, loss=0.00298295, RMSE_E_per_atom=    0.72 meV, RMSE_F=   24.42 meV / A
2026-08-29 07:52:39.659 INFO: Epoch 171: head: Default, loss=0.00298110, RMSE_E_per_atom=    0.63 meV, RMSE_F=   24.42 meV / A
2026-08-29 07:52:47.026 INFO: Epoch 172: head: Default, loss=0.00297780, RMSE_E_per_atom=    0.64 meV, RMSE_F=   24.40 meV / A
2026-08-29 07:52:54.394 INFO: Epoch 173: head: Default, loss=0.00297548, RMSE_E_per_atom=    0.51 meV, RMSE_F=   24.39 meV / A
2026-08-29 07:53:01.763 INFO: Epoch 174: head: Default, loss=0.00296829, RMSE_E_per_atom=    0.53 meV, RMSE_F=   24.36 meV / A
2026-08-29 07:53:09.131 INFO: Epoch 175: head: Default, loss=0.00296246, RMSE_E_per_atom=    0.52 meV, RMSE_F=   24.34 meV / A
2026-08-29 07:53:16.499 INFO: Epoch 176: head: Default, loss=0.00295973, RMSE_E_per_atom=    0.49 meV, RMSE_F=   24.33 meV / A
2026-08-29 07:53:23.872 INFO: Epoch 177: head: Default, loss=0.00295537, RMSE_E_per_atom=    0.52 meV, RMSE_F=   24.31 meV / A
2026-08-29 07:53:31.234 INFO: Epoch 178: head: Default, loss=0.00295233, RMSE_E_per_atom=    0.48 meV, RMSE_F=   24.30 meV / A
2026-08-29 07:53:38.597 INFO: Epoch 179: head: Default, loss=0.00294633, RMSE_E_per_atom=    0.48 meV, RMSE_F=   24.27 meV / A
2026-08-29 07:53:45.962 INFO: Epoch 180: head: Default, loss=0.00294023, RMSE_E_per_atom=    0.49 meV, RMSE_F=   24.25 meV / A
2026-08-29 07:53:53.347 INFO: Epoch 181: head: Default, loss=0.00293438, RMSE_E_per_atom=    0.51 meV, RMSE_F=   24.23 meV / A
2026-08-29 07:54:00.722 INFO: Epoch 182: head: Default, loss=0.00293068, RMSE_E_per_atom=    0.53 meV, RMSE_F=   24.21 meV / A
2026-08-29 07:54:08.089 INFO: Epoch 183: head: Default, loss=0.00292684, RMSE_E_per_atom=    0.47 meV, RMSE_F=   24.19 meV / A
2026-08-29 07:54:15.450 INFO: Epoch 184: head: Default, loss=0.00292351, RMSE_E_per_atom=    0.48 meV, RMSE_F=   24.18 meV / A
2026-08-29 07:54:22.855 INFO: Epoch 185: head: Default, loss=0.00291916, RMSE_E_per_atom=    0.46 meV, RMSE_F=   24.16 meV / A
2026-08-29 07:54:30.257 INFO: Epoch 186: head: Default, loss=0.00291547, RMSE_E_per_atom=    0.49 meV, RMSE_F=   24.15 meV / A
2026-08-29 07:54:37.664 INFO: Epoch 187: head: Default, loss=0.00291185, RMSE_E_per_atom=    0.51 meV, RMSE_F=   24.13 meV / A
2026-08-29 07:54:45.044 INFO: Epoch 188: head: Default, loss=0.00290704, RMSE_E_per_atom=    0.48 meV, RMSE_F=   24.11 meV / A
2026-08-29 07:54:52.406 INFO: Epoch 189: head: Default, loss=0.00290291, RMSE_E_per_atom=    0.50 meV, RMSE_F=   24.10 meV / A
2026-08-29 07:54:59.764 INFO: Epoch 190: head: Default, loss=0.00289917, RMSE_E_per_atom=    0.55 meV, RMSE_F=   24.08 meV / A
2026-08-29 07:55:07.173 INFO: Epoch 191: head: Default, loss=0.00289646, RMSE_E_per_atom=    0.50 meV, RMSE_F=   24.07 meV / A
2026-08-29 07:55:14.587 INFO: Epoch 192: head: Default, loss=0.00289445, RMSE_E_per_atom=    0.54 meV, RMSE_F=   24.06 meV / A
2026-08-29 07:55:21.999 INFO: Epoch 193: head: Default, loss=0.00289212, RMSE_E_per_atom=    0.58 meV, RMSE_F=   24.05 meV / A
2026-08-29 07:55:29.396 INFO: Epoch 194: head: Default, loss=0.00288840, RMSE_E_per_atom=    0.47 meV, RMSE_F=   24.03 meV / A
2026-08-29 07:55:36.795 INFO: Epoch 195: head: Default, loss=0.00288538, RMSE_E_per_atom=    0.47 meV, RMSE_F=   24.02 meV / A
2026-08-29 07:55:44.189 INFO: Epoch 196: head: Default, loss=0.00288687, RMSE_E_per_atom=    0.46 meV, RMSE_F=   24.03 meV / A
2026-08-29 07:55:51.548 INFO: Epoch 197: head: Default, loss=0.00288149, RMSE_E_per_atom=    0.53 meV, RMSE_F=   24.01 meV / A
2026-08-29 07:55:58.947 INFO: Epoch 198: head: Default, loss=0.00288019, RMSE_E_per_atom=    0.54 meV, RMSE_F=   24.00 meV / A
2026-08-29 07:56:06.351 INFO: Epoch 199: head: Default, loss=0.00287665, RMSE_E_per_atom=    0.52 meV, RMSE_F=   23.99 meV / A
2026-08-29 07:56:13.739 INFO: Epoch 200: head: Default, loss=0.00287113, RMSE_E_per_atom=    0.47 meV, RMSE_F=   23.96 meV / A
2026-08-29 07:56:21.136 INFO: Epoch 201: head: Default, loss=0.00286822, RMSE_E_per_atom=    0.44 meV, RMSE_F=   23.95 meV / A
2026-08-29 07:56:28.532 INFO: Epoch 202: head: Default, loss=0.00286554, RMSE_E_per_atom=    0.48 meV, RMSE_F=   23.94 meV / A
2026-08-29 07:56:35.934 INFO: Epoch 203: head: Default, loss=0.00286084, RMSE_E_per_atom=    0.48 meV, RMSE_F=   23.92 meV / A
2026-08-29 07:56:43.333 INFO: Epoch 204: head: Default, loss=0.00285682, RMSE_E_per_atom=    0.49 meV, RMSE_F=   23.90 meV / A
2026-08-29 07:56:50.730 INFO: Epoch 205: head: Default, loss=0.00285345, RMSE_E_per_atom=    0.47 meV, RMSE_F=   23.89 meV / A
2026-08-29 07:56:58.126 INFO: Epoch 206: head: Default, loss=0.00285157, RMSE_E_per_atom=    0.50 meV, RMSE_F=   23.88 meV / A
2026-08-29 07:57:05.523 INFO: Epoch 207: head: Default, loss=0.00284819, RMSE_E_per_atom=    0.48 meV, RMSE_F=   23.87 meV / A
2026-08-29 07:57:12.920 INFO: Epoch 208: head: Default, loss=0.00284518, RMSE_E_per_atom=    0.48 meV, RMSE_F=   23.85 meV / A
2026-08-29 07:57:20.320 INFO: Epoch 209: head: Default, loss=0.00284167, RMSE_E_per_atom=    0.49 meV, RMSE_F=   23.84 meV / A
2026-08-29 07:57:27.723 INFO: Epoch 210: head: Default, loss=0.00283988, RMSE_E_per_atom=    0.54 meV, RMSE_F=   23.83 meV / A
2026-08-29 07:57:35.141 INFO: Epoch 211: head: Default, loss=0.00283460, RMSE_E_per_atom=    0.46 meV, RMSE_F=   23.81 meV / A
2026-08-29 07:57:42.540 INFO: Epoch 212: head: Default, loss=0.00283319, RMSE_E_per_atom=    0.48 meV, RMSE_F=   23.80 meV / A
2026-08-29 07:57:49.955 INFO: Epoch 213: head: Default, loss=0.00283403, RMSE_E_per_atom=    0.43 meV, RMSE_F=   23.81 meV / A
2026-08-29 07:57:57.286 INFO: Epoch 214: head: Default, loss=0.00283148, RMSE_E_per_atom=    0.45 meV, RMSE_F=   23.80 meV / A
2026-08-29 07:58:04.647 INFO: Epoch 215: head: Default, loss=0.00282783, RMSE_E_per_atom=    0.45 meV, RMSE_F=   23.78 meV / A
2026-08-29 07:58:12.023 INFO: Epoch 216: head: Default, loss=0.00283179, RMSE_E_per_atom=    0.52 meV, RMSE_F=   23.80 meV / A
2026-08-29 07:58:19.361 INFO: Epoch 217: head: Default, loss=0.00282882, RMSE_E_per_atom=    0.55 meV, RMSE_F=   23.79 meV / A
2026-08-29 07:58:26.699 INFO: Epoch 218: head: Default, loss=0.00283083, RMSE_E_per_atom=    0.58 meV, RMSE_F=   23.79 meV / A
2026-08-29 07:58:34.027 INFO: Epoch 219: head: Default, loss=0.00283089, RMSE_E_per_atom=    0.54 meV, RMSE_F=   23.79 meV / A
2026-08-29 07:58:41.356 INFO: Epoch 220: head: Default, loss=0.00283204, RMSE_E_per_atom=    0.49 meV, RMSE_F=   23.80 meV / A
2026-08-29 07:58:48.682 INFO: Epoch 221: head: Default, loss=0.00282810, RMSE_E_per_atom=    0.46 meV, RMSE_F=   23.78 meV / A
2026-08-29 07:58:56.008 INFO: Epoch 222: head: Default, loss=0.00282572, RMSE_E_per_atom=    0.45 meV, RMSE_F=   23.77 meV / A
2026-08-29 07:59:03.383 INFO: Epoch 223: head: Default, loss=0.00282385, RMSE_E_per_atom=    0.46 meV, RMSE_F=   23.76 meV / A
2026-08-29 07:59:10.751 INFO: Epoch 224: head: Default, loss=0.00282157, RMSE_E_per_atom=    0.45 meV, RMSE_F=   23.76 meV / A
2026-08-29 07:59:18.118 INFO: Epoch 225: head: Default, loss=0.00281874, RMSE_E_per_atom=    0.43 meV, RMSE_F=   23.74 meV / A
2026-08-29 07:59:25.477 INFO: Epoch 226: head: Default, loss=0.00281463, RMSE_E_per_atom=    0.47 meV, RMSE_F=   23.73 meV / A
2026-08-29 07:59:32.838 INFO: Epoch 227: head: Default, loss=0.00281244, RMSE_E_per_atom=    0.47 meV, RMSE_F=   23.72 meV / A
2026-08-29 07:59:40.196 INFO: Epoch 228: head: Default, loss=0.00281005, RMSE_E_per_atom=    0.46 meV, RMSE_F=   23.71 meV / A
2026-08-29 07:59:47.555 INFO: Epoch 229: head: Default, loss=0.00280960, RMSE_E_per_atom=    0.46 meV, RMSE_F=   23.70 meV / A
2026-08-29 07:59:54.917 INFO: Epoch 230: head: Default, loss=0.00280828, RMSE_E_per_atom=    0.48 meV, RMSE_F=   23.70 meV / A
2026-08-29 08:00:02.277 INFO: Epoch 231: head: Default, loss=0.00280661, RMSE_E_per_atom=    0.47 meV, RMSE_F=   23.69 meV / A
2026-08-29 08:00:09.681 INFO: Epoch 232: head: Default, loss=0.00280505, RMSE_E_per_atom=    0.46 meV, RMSE_F=   23.69 meV / A
2026-08-29 08:00:17.035 INFO: Epoch 233: head: Default, loss=0.00280269, RMSE_E_per_atom=    0.43 meV, RMSE_F=   23.68 meV / A
2026-08-29 08:00:24.390 INFO: Epoch 234: head: Default, loss=0.00280181, RMSE_E_per_atom=    0.44 meV, RMSE_F=   23.67 meV / A
2026-08-29 08:00:31.744 INFO: Epoch 235: head: Default, loss=0.00279659, RMSE_E_per_atom=    0.53 meV, RMSE_F=   23.65 meV / A
2026-08-29 08:00:39.108 INFO: Epoch 236: head: Default, loss=0.00279330, RMSE_E_per_atom=    0.52 meV, RMSE_F=   23.64 meV / A
2026-08-29 08:00:46.461 INFO: Epoch 237: head: Default, loss=0.00278682, RMSE_E_per_atom=    0.49 meV, RMSE_F=   23.61 meV / A
2026-08-29 08:00:53.826 INFO: Epoch 238: head: Default, loss=0.00278609, RMSE_E_per_atom=    0.50 meV, RMSE_F=   23.61 meV / A
2026-08-29 08:01:01.173 INFO: Epoch 239: head: Default, loss=0.00278676, RMSE_E_per_atom=    0.47 meV, RMSE_F=   23.61 meV / A
2026-08-29 08:01:08.499 INFO: Epoch 240: head: Default, loss=0.00278716, RMSE_E_per_atom=    0.46 meV, RMSE_F=   23.61 meV / A
2026-08-29 08:01:15.830 INFO: Epoch 241: head: Default, loss=0.00278556, RMSE_E_per_atom=    0.47 meV, RMSE_F=   23.60 meV / A
2026-08-29 08:01:23.224 INFO: Epoch 242: head: Default, loss=0.00278199, RMSE_E_per_atom=    0.48 meV, RMSE_F=   23.59 meV / A
2026-08-29 08:01:30.589 INFO: Epoch 243: head: Default, loss=0.00277912, RMSE_E_per_atom=    0.47 meV, RMSE_F=   23.58 meV / A
2026-08-29 08:01:37.941 INFO: Epoch 244: head: Default, loss=0.00277825, RMSE_E_per_atom=    0.48 meV, RMSE_F=   23.57 meV / A
2026-08-29 08:01:45.291 INFO: Epoch 245: head: Default, loss=0.00277884, RMSE_E_per_atom=    0.48 meV, RMSE_F=   23.57 meV / A
2026-08-29 08:01:52.630 INFO: Epoch 246: head: Default, loss=0.00277564, RMSE_E_per_atom=    0.49 meV, RMSE_F=   23.56 meV / A
2026-08-29 08:01:59.981 INFO: Epoch 247: head: Default, loss=0.00277469, RMSE_E_per_atom=    0.47 meV, RMSE_F=   23.56 meV / A
2026-08-29 08:02:07.337 INFO: Epoch 248: head: Default, loss=0.00277108, RMSE_E_per_atom=    0.52 meV, RMSE_F=   23.54 meV / A
2026-08-29 08:02:14.694 INFO: Epoch 249: head: Default, loss=0.00277065, RMSE_E_per_atom=    0.48 meV, RMSE_F=   23.54 meV / A
2026-08-29 08:02:22.065 INFO: Epoch 250: head: Default, loss=0.00277029, RMSE_E_per_atom=    0.51 meV, RMSE_F=   23.54 meV / A
2026-08-29 08:02:29.419 INFO: Epoch 251: head: Default, loss=0.00276680, RMSE_E_per_atom=    0.53 meV, RMSE_F=   23.52 meV / A
2026-08-29 08:02:36.787 INFO: Epoch 252: head: Default, loss=0.00276678, RMSE_E_per_atom=    0.47 meV, RMSE_F=   23.52 meV / A
2026-08-29 08:02:44.150 INFO: Epoch 253: head: Default, loss=0.00276624, RMSE_E_per_atom=    0.44 meV, RMSE_F=   23.52 meV / A
2026-08-29 08:02:51.515 INFO: Epoch 254: head: Default, loss=0.00276460, RMSE_E_per_atom=    0.55 meV, RMSE_F=   23.51 meV / A
2026-08-29 08:02:58.989 INFO: Epoch 255: head: Default, loss=0.00276353, RMSE_E_per_atom=    0.47 meV, RMSE_F=   23.51 meV / A
2026-08-29 08:03:06.483 INFO: Epoch 256: head: Default, loss=0.00276376, RMSE_E_per_atom=    0.52 meV, RMSE_F=   23.51 meV / A
2026-08-29 08:03:13.902 INFO: Epoch 257: head: Default, loss=0.00276317, RMSE_E_per_atom=    0.49 meV, RMSE_F=   23.51 meV / A
2026-08-29 08:03:21.330 INFO: Epoch 258: head: Default, loss=0.00275944, RMSE_E_per_atom=    0.48 meV, RMSE_F=   23.49 meV / A
2026-08-29 08:03:28.790 INFO: Epoch 259: head: Default, loss=0.00275542, RMSE_E_per_atom=    0.49 meV, RMSE_F=   23.47 meV / A
2026-08-29 08:03:36.313 INFO: Epoch 260: head: Default, loss=0.00275706, RMSE_E_per_atom=    0.47 meV, RMSE_F=   23.48 meV / A
2026-08-29 08:03:43.753 INFO: Epoch 261: head: Default, loss=0.00275639, RMSE_E_per_atom=    0.43 meV, RMSE_F=   23.48 meV / A
2026-08-29 08:03:51.171 INFO: Epoch 262: head: Default, loss=0.00275542, RMSE_E_per_atom=    0.49 meV, RMSE_F=   23.47 meV / A
2026-08-29 08:03:58.637 INFO: Epoch 263: head: Default, loss=0.00274759, RMSE_E_per_atom=    0.47 meV, RMSE_F=   23.44 meV / A
2026-08-29 08:04:06.129 INFO: Epoch 264: head: Default, loss=0.00274869, RMSE_E_per_atom=    0.45 meV, RMSE_F=   23.45 meV / A
2026-08-29 08:04:13.574 INFO: Epoch 265: head: Default, loss=0.00274830, RMSE_E_per_atom=    0.47 meV, RMSE_F=   23.44 meV / A
2026-08-29 08:04:21.088 INFO: Epoch 266: head: Default, loss=0.00274977, RMSE_E_per_atom=    0.44 meV, RMSE_F=   23.45 meV / A
2026-08-29 08:04:28.522 INFO: Epoch 267: head: Default, loss=0.00274849, RMSE_E_per_atom=    0.44 meV, RMSE_F=   23.45 meV / A
2026-08-29 08:04:35.963 INFO: Epoch 268: head: Default, loss=0.00275163, RMSE_E_per_atom=    0.46 meV, RMSE_F=   23.46 meV / A
2026-08-29 08:04:43.461 INFO: Epoch 269: head: Default, loss=0.00275073, RMSE_E_per_atom=    0.45 meV, RMSE_F=   23.45 meV / A
2026-08-29 08:04:51.007 INFO: Epoch 270: head: Default, loss=0.00274797, RMSE_E_per_atom=    0.49 meV, RMSE_F=   23.44 meV / A
2026-08-29 08:04:58.530 INFO: Epoch 271: head: Default, loss=0.00274332, RMSE_E_per_atom=    0.49 meV, RMSE_F=   23.42 meV / A
2026-08-29 08:05:06.120 INFO: Epoch 272: head: Default, loss=0.00274115, RMSE_E_per_atom=    0.45 meV, RMSE_F=   23.41 meV / A
2026-08-29 08:05:13.644 INFO: Epoch 273: head: Default, loss=0.00274173, RMSE_E_per_atom=    0.47 meV, RMSE_F=   23.42 meV / A
2026-08-29 08:05:21.236 INFO: Epoch 274: head: Default, loss=0.00274041, RMSE_E_per_atom=    0.48 meV, RMSE_F=   23.41 meV / A
2026-08-29 08:05:28.869 INFO: Epoch 275: head: Default, loss=0.00274030, RMSE_E_per_atom=    0.48 meV, RMSE_F=   23.41 meV / A
2026-08-29 08:05:36.281 INFO: Epoch 276: head: Default, loss=0.00273771, RMSE_E_per_atom=    0.48 meV, RMSE_F=   23.40 meV / A
2026-08-29 08:05:43.639 INFO: Epoch 277: head: Default, loss=0.00273714, RMSE_E_per_atom=    0.46 meV, RMSE_F=   23.40 meV / A
2026-08-29 08:05:51.006 INFO: Epoch 278: head: Default, loss=0.00273557, RMSE_E_per_atom=    0.45 meV, RMSE_F=   23.39 meV / A
2026-08-29 08:05:58.370 INFO: Epoch 279: head: Default, loss=0.00273530, RMSE_E_per_atom=    0.43 meV, RMSE_F=   23.39 meV / A
2026-08-29 08:06:05.727 INFO: Epoch 280: head: Default, loss=0.00273357, RMSE_E_per_atom=    0.44 meV, RMSE_F=   23.38 meV / A
2026-08-29 08:06:13.080 INFO: Epoch 281: head: Default, loss=0.00273206, RMSE_E_per_atom=    0.43 meV, RMSE_F=   23.38 meV / A
2026-08-29 08:06:20.450 INFO: Epoch 282: head: Default, loss=0.00273003, RMSE_E_per_atom=    0.51 meV, RMSE_F=   23.37 meV / A
2026-08-29 08:06:27.857 INFO: Epoch 283: head: Default, loss=0.00273077, RMSE_E_per_atom=    0.46 meV, RMSE_F=   23.37 meV / A
2026-08-29 08:06:35.213 INFO: Epoch 284: head: Default, loss=0.00273023, RMSE_E_per_atom=    0.45 meV, RMSE_F=   23.37 meV / A
2026-08-29 08:06:42.579 INFO: Epoch 285: head: Default, loss=0.00272945, RMSE_E_per_atom=    0.44 meV, RMSE_F=   23.36 meV / A
2026-08-29 08:06:49.944 INFO: Epoch 286: head: Default, loss=0.00272593, RMSE_E_per_atom=    0.43 meV, RMSE_F=   23.35 meV / A
2026-08-29 08:06:57.308 INFO: Epoch 287: head: Default, loss=0.00272696, RMSE_E_per_atom=    0.46 meV, RMSE_F=   23.35 meV / A
2026-08-29 08:07:04.656 INFO: Epoch 288: head: Default, loss=0.00272529, RMSE_E_per_atom=    0.48 meV, RMSE_F=   23.35 meV / A
2026-08-29 08:07:12.039 INFO: Epoch 289: head: Default, loss=0.00271870, RMSE_E_per_atom=    0.47 meV, RMSE_F=   23.32 meV / A
2026-08-29 08:07:19.412 INFO: Epoch 290: head: Default, loss=0.00271567, RMSE_E_per_atom=    0.47 meV, RMSE_F=   23.31 meV / A
2026-08-29 08:07:26.772 INFO: Epoch 291: head: Default, loss=0.00271383, RMSE_E_per_atom=    0.47 meV, RMSE_F=   23.30 meV / A
2026-08-29 08:07:34.128 INFO: Epoch 292: head: Default, loss=0.00271367, RMSE_E_per_atom=    0.52 meV, RMSE_F=   23.30 meV / A
2026-08-29 08:07:41.496 INFO: Epoch 293: head: Default, loss=0.00271689, RMSE_E_per_atom=    0.46 meV, RMSE_F=   23.31 meV / A
2026-08-29 08:07:48.823 INFO: Epoch 294: head: Default, loss=0.00271355, RMSE_E_per_atom=    0.49 meV, RMSE_F=   23.30 meV / A
2026-08-29 08:07:56.182 INFO: Epoch 295: head: Default, loss=0.00271415, RMSE_E_per_atom=    0.43 meV, RMSE_F=   23.30 meV / A
2026-08-29 08:08:03.523 INFO: Epoch 296: head: Default, loss=0.00271121, RMSE_E_per_atom=    0.48 meV, RMSE_F=   23.29 meV / A
2026-08-29 08:08:10.892 INFO: Epoch 297: head: Default, loss=0.00271267, RMSE_E_per_atom=    0.53 meV, RMSE_F=   23.29 meV / A
2026-08-29 08:08:18.221 INFO: Epoch 298: head: Default, loss=0.00270975, RMSE_E_per_atom=    0.49 meV, RMSE_F=   23.28 meV / A
2026-08-29 08:08:25.579 INFO: Epoch 299: head: Default, loss=0.00271025, RMSE_E_per_atom=    0.50 meV, RMSE_F=   23.28 meV / A
2026-08-29 08:08:32.910 INFO: Epoch 300: head: Default, loss=0.00270823, RMSE_E_per_atom=    0.46 meV, RMSE_F=   23.27 meV / A
2026-08-29 08:08:40.270 INFO: Epoch 301: head: Default, loss=0.00270406, RMSE_E_per_atom=    0.64 meV, RMSE_F=   23.25 meV / A
2026-08-29 08:08:47.637 INFO: Epoch 302: head: Default, loss=0.00270005, RMSE_E_per_atom=    0.73 meV, RMSE_F=   23.24 meV / A
2026-08-29 08:08:54.994 INFO: Epoch 303: head: Default, loss=0.00269551, RMSE_E_per_atom=    0.63 meV, RMSE_F=   23.22 meV / A
2026-08-29 08:09:02.347 INFO: Epoch 304: head: Default, loss=0.00269644, RMSE_E_per_atom=    0.59 meV, RMSE_F=   23.22 meV / A
2026-08-29 08:09:09.678 INFO: Epoch 305: head: Default, loss=0.00269760, RMSE_E_per_atom=    0.56 meV, RMSE_F=   23.23 meV / A
2026-08-29 08:09:17.012 INFO: Epoch 306: head: Default, loss=0.00269905, RMSE_E_per_atom=    0.52 meV, RMSE_F=   23.23 meV / A
2026-08-29 08:09:24.350 INFO: Epoch 307: head: Default, loss=0.00270120, RMSE_E_per_atom=    0.48 meV, RMSE_F=   23.24 meV / A
2026-08-29 08:09:31.696 INFO: Epoch 308: head: Default, loss=0.00270461, RMSE_E_per_atom=    0.45 meV, RMSE_F=   23.26 meV / A
2026-08-29 08:09:39.022 INFO: Epoch 309: head: Default, loss=0.00270399, RMSE_E_per_atom=    0.45 meV, RMSE_F=   23.25 meV / A
2026-08-29 08:09:46.359 INFO: Epoch 310: head: Default, loss=0.00270475, RMSE_E_per_atom=    0.47 meV, RMSE_F=   23.26 meV / A
2026-08-29 08:09:53.684 INFO: Epoch 311: head: Default, loss=0.00270427, RMSE_E_per_atom=    0.43 meV, RMSE_F=   23.26 meV / A
2026-08-29 08:10:01.015 INFO: Epoch 312: head: Default, loss=0.00270434, RMSE_E_per_atom=    0.43 meV, RMSE_F=   23.26 meV / A
2026-08-29 08:10:08.350 INFO: Epoch 313: head: Default, loss=0.00270539, RMSE_E_per_atom=    0.43 meV, RMSE_F=   23.26 meV / A
2026-08-29 08:10:15.691 INFO: Epoch 314: head: Default, loss=0.00270396, RMSE_E_per_atom=    0.44 meV, RMSE_F=   23.25 meV / A
2026-08-29 08:10:23.021 INFO: Epoch 315: head: Default, loss=0.00270214, RMSE_E_per_atom=    0.44 meV, RMSE_F=   23.25 meV / A
2026-08-29 08:10:30.351 INFO: Epoch 316: head: Default, loss=0.00270217, RMSE_E_per_atom=    0.42 meV, RMSE_F=   23.25 meV / A
2026-08-29 08:10:37.679 INFO: Epoch 317: head: Default, loss=0.00270171, RMSE_E_per_atom=    0.43 meV, RMSE_F=   23.25 meV / A
2026-08-29 08:10:45.029 INFO: Epoch 318: head: Default, loss=0.00269964, RMSE_E_per_atom=    0.42 meV, RMSE_F=   23.24 meV / A
2026-08-29 08:10:52.359 INFO: Epoch 319: head: Default, loss=0.00269909, RMSE_E_per_atom=    0.41 meV, RMSE_F=   23.23 meV / A
2026-08-29 08:10:59.689 INFO: Epoch 320: head: Default, loss=0.00269780, RMSE_E_per_atom=    0.42 meV, RMSE_F=   23.23 meV / A
2026-08-29 08:11:07.020 INFO: Epoch 321: head: Default, loss=0.00269674, RMSE_E_per_atom=    0.42 meV, RMSE_F=   23.22 meV / A
2026-08-29 08:11:14.360 INFO: Epoch 322: head: Default, loss=0.00269715, RMSE_E_per_atom=    0.44 meV, RMSE_F=   23.23 meV / A
2026-08-29 08:11:21.691 INFO: Epoch 323: head: Default, loss=0.00269951, RMSE_E_per_atom=    0.41 meV, RMSE_F=   23.24 meV / A
2026-08-29 08:11:29.029 INFO: Epoch 324: head: Default, loss=0.00269769, RMSE_E_per_atom=    0.43 meV, RMSE_F=   23.23 meV / A
2026-08-29 08:11:36.357 INFO: Epoch 325: head: Default, loss=0.00269636, RMSE_E_per_atom=    0.41 meV, RMSE_F=   23.22 meV / A
2026-08-29 08:11:43.687 INFO: Epoch 326: head: Default, loss=0.00269434, RMSE_E_per_atom=    0.42 meV, RMSE_F=   23.21 meV / A
2026-08-29 08:11:51.055 INFO: Epoch 327: head: Default, loss=0.00269265, RMSE_E_per_atom=    0.41 meV, RMSE_F=   23.21 meV / A
2026-08-29 08:11:58.479 INFO: Epoch 328: head: Default, loss=0.00268989, RMSE_E_per_atom=    0.42 meV, RMSE_F=   23.19 meV / A
2026-08-29 08:12:05.903 INFO: Epoch 329: head: Default, loss=0.00268989, RMSE_E_per_atom=    0.44 meV, RMSE_F=   23.19 meV / A
2026-08-29 08:12:13.254 INFO: Epoch 330: head: Default, loss=0.00269028, RMSE_E_per_atom=    0.44 meV, RMSE_F=   23.20 meV / A
2026-08-29 08:12:20.649 INFO: Epoch 331: head: Default, loss=0.00268866, RMSE_E_per_atom=    0.45 meV, RMSE_F=   23.19 meV / A
2026-08-29 08:12:28.033 INFO: Epoch 332: head: Default, loss=0.00268521, RMSE_E_per_atom=    0.46 meV, RMSE_F=   23.17 meV / A
2026-08-29 08:12:35.383 INFO: Epoch 333: head: Default, loss=0.00268384, RMSE_E_per_atom=    0.48 meV, RMSE_F=   23.17 meV / A
2026-08-29 08:12:42.751 INFO: Epoch 334: head: Default, loss=0.00268055, RMSE_E_per_atom=    0.46 meV, RMSE_F=   23.15 meV / A
2026-08-29 08:12:50.143 INFO: Epoch 335: head: Default, loss=0.00268342, RMSE_E_per_atom=    0.41 meV, RMSE_F=   23.17 meV / A
2026-08-29 08:12:57.475 INFO: Epoch 336: head: Default, loss=0.00268070, RMSE_E_per_atom=    0.48 meV, RMSE_F=   23.15 meV / A
2026-08-29 08:13:04.828 INFO: Epoch 337: head: Default, loss=0.00267825, RMSE_E_per_atom=    0.45 meV, RMSE_F=   23.14 meV / A
2026-08-29 08:13:12.251 INFO: Epoch 338: head: Default, loss=0.00267865, RMSE_E_per_atom=    0.43 meV, RMSE_F=   23.15 meV / A
2026-08-29 08:13:19.639 INFO: Epoch 339: head: Default, loss=0.00267818, RMSE_E_per_atom=    0.48 meV, RMSE_F=   23.14 meV / A
2026-08-29 08:13:27.063 INFO: Epoch 340: head: Default, loss=0.00268016, RMSE_E_per_atom=    0.47 meV, RMSE_F=   23.15 meV / A
2026-08-29 08:13:34.435 INFO: Epoch 341: head: Default, loss=0.00268227, RMSE_E_per_atom=    0.45 meV, RMSE_F=   23.16 meV / A
2026-08-29 08:13:41.832 INFO: Epoch 342: head: Default, loss=0.00268318, RMSE_E_per_atom=    0.42 meV, RMSE_F=   23.17 meV / A
2026-08-29 08:13:49.207 INFO: Epoch 343: head: Default, loss=0.00268354, RMSE_E_per_atom=    0.43 meV, RMSE_F=   23.17 meV / A
2026-08-29 08:13:56.534 INFO: Epoch 344: head: Default, loss=0.00268449, RMSE_E_per_atom=    0.42 meV, RMSE_F=   23.17 meV / A
2026-08-29 08:14:03.875 INFO: Epoch 345: head: Default, loss=0.00268530, RMSE_E_per_atom=    0.44 meV, RMSE_F=   23.17 meV / A
2026-08-29 08:14:11.222 INFO: Epoch 346: head: Default, loss=0.00268155, RMSE_E_per_atom=    0.43 meV, RMSE_F=   23.16 meV / A
2026-08-29 08:14:18.570 INFO: Epoch 347: head: Default, loss=0.00267914, RMSE_E_per_atom=    0.41 meV, RMSE_F=   23.15 meV / A
2026-08-29 08:14:25.908 INFO: Epoch 348: head: Default, loss=0.00267883, RMSE_E_per_atom=    0.44 meV, RMSE_F=   23.15 meV / A
2026-08-29 08:14:33.240 INFO: Epoch 349: head: Default, loss=0.00268011, RMSE_E_per_atom=    0.42 meV, RMSE_F=   23.15 meV / A
2026-08-29 08:14:40.569 INFO: Epoch 350: head: Default, loss=0.00268108, RMSE_E_per_atom=    0.42 meV, RMSE_F=   23.16 meV / A
2026-08-29 08:14:47.896 INFO: Epoch 351: head: Default, loss=0.00268060, RMSE_E_per_atom=    0.43 meV, RMSE_F=   23.15 meV / A
2026-08-29 08:14:55.223 INFO: Epoch 352: head: Default, loss=0.00268042, RMSE_E_per_atom=    0.44 meV, RMSE_F=   23.15 meV / A
2026-08-29 08:15:02.564 INFO: Epoch 353: head: Default, loss=0.00267755, RMSE_E_per_atom=    0.44 meV, RMSE_F=   23.14 meV / A
2026-08-29 08:15:09.948 INFO: Epoch 354: head: Default, loss=0.00267601, RMSE_E_per_atom=    0.43 meV, RMSE_F=   23.13 meV / A
2026-08-29 08:15:17.311 INFO: Epoch 355: head: Default, loss=0.00267410, RMSE_E_per_atom=    0.44 meV, RMSE_F=   23.13 meV / A
2026-08-29 08:15:24.712 INFO: Epoch 356: head: Default, loss=0.00267411, RMSE_E_per_atom=    0.40 meV, RMSE_F=   23.13 meV / A
2026-08-29 08:15:32.080 INFO: Epoch 357: head: Default, loss=0.00267251, RMSE_E_per_atom=    0.49 meV, RMSE_F=   23.12 meV / A
2026-08-29 08:15:39.463 INFO: Epoch 358: head: Default, loss=0.00267287, RMSE_E_per_atom=    0.46 meV, RMSE_F=   23.12 meV / A
2026-08-29 08:15:46.818 INFO: Epoch 359: head: Default, loss=0.00266938, RMSE_E_per_atom=    0.50 meV, RMSE_F=   23.11 meV / A
2026-08-29 08:15:54.218 INFO: Epoch 360: head: Default, loss=0.00266966, RMSE_E_per_atom=    0.65 meV, RMSE_F=   23.11 meV / A
2026-08-29 08:16:01.572 INFO: Epoch 361: head: Default, loss=0.00266955, RMSE_E_per_atom=    0.61 meV, RMSE_F=   23.11 meV / A
2026-08-29 08:16:08.933 INFO: Epoch 362: head: Default, loss=0.00266790, RMSE_E_per_atom=    0.70 meV, RMSE_F=   23.10 meV / A
2026-08-29 08:16:16.322 INFO: Epoch 363: head: Default, loss=0.00266513, RMSE_E_per_atom=    0.57 meV, RMSE_F=   23.09 meV / A
2026-08-29 08:16:23.725 INFO: Epoch 364: head: Default, loss=0.00266649, RMSE_E_per_atom=    0.56 meV, RMSE_F=   23.09 meV / A
2026-08-29 08:16:31.081 INFO: Epoch 365: head: Default, loss=0.00266823, RMSE_E_per_atom=    0.50 meV, RMSE_F=   23.10 meV / A
2026-08-29 08:16:38.437 INFO: Epoch 366: head: Default, loss=0.00266768, RMSE_E_per_atom=    0.50 meV, RMSE_F=   23.10 meV / A
2026-08-29 08:16:45.806 INFO: Epoch 367: head: Default, loss=0.00266857, RMSE_E_per_atom=    0.45 meV, RMSE_F=   23.10 meV / A
2026-08-29 08:16:53.184 INFO: Epoch 368: head: Default, loss=0.00267043, RMSE_E_per_atom=    0.43 meV, RMSE_F=   23.11 meV / A
2026-08-29 08:17:00.557 INFO: Epoch 369: head: Default, loss=0.00267181, RMSE_E_per_atom=    0.48 meV, RMSE_F=   23.12 meV / A
2026-08-29 08:17:07.929 INFO: Epoch 370: head: Default, loss=0.00267127, RMSE_E_per_atom=    0.47 meV, RMSE_F=   23.11 meV / A
2026-08-29 08:17:15.312 INFO: Epoch 371: head: Default, loss=0.00267036, RMSE_E_per_atom=    0.45 meV, RMSE_F=   23.11 meV / A
2026-08-29 08:17:22.711 INFO: Epoch 372: head: Default, loss=0.00267220, RMSE_E_per_atom=    0.43 meV, RMSE_F=   23.12 meV / A
2026-08-29 08:17:30.081 INFO: Epoch 373: head: Default, loss=0.00267404, RMSE_E_per_atom=    0.44 meV, RMSE_F=   23.13 meV / A
2026-08-29 08:17:37.471 INFO: Epoch 374: head: Default, loss=0.00267560, RMSE_E_per_atom=    0.43 meV, RMSE_F=   23.13 meV / A
2026-08-29 08:17:44.852 INFO: Epoch 375: head: Default, loss=0.00267444, RMSE_E_per_atom=    0.44 meV, RMSE_F=   23.13 meV / A
2026-08-29 08:17:52.225 INFO: Epoch 376: head: Default, loss=0.00267630, RMSE_E_per_atom=    0.46 meV, RMSE_F=   23.14 meV / A
2026-08-29 08:17:59.746 INFO: Epoch 377: head: Default, loss=0.00267347, RMSE_E_per_atom=    0.42 meV, RMSE_F=   23.12 meV / A
2026-08-29 08:18:07.266 INFO: Epoch 378: head: Default, loss=0.00267408, RMSE_E_per_atom=    0.43 meV, RMSE_F=   23.13 meV / A
2026-08-29 08:18:14.847 INFO: Epoch 379: head: Default, loss=0.00267419, RMSE_E_per_atom=    0.44 meV, RMSE_F=   23.13 meV / A
2026-08-29 08:18:22.344 INFO: Epoch 380: head: Default, loss=0.00267410, RMSE_E_per_atom=    0.44 meV, RMSE_F=   23.13 meV / A
2026-08-29 08:18:29.814 INFO: Epoch 381: head: Default, loss=0.00267270, RMSE_E_per_atom=    0.47 meV, RMSE_F=   23.12 meV / A
2026-08-29 08:18:37.335 INFO: Epoch 382: head: Default, loss=0.00266908, RMSE_E_per_atom=    0.47 meV, RMSE_F=   23.10 meV / A
2026-08-29 08:18:44.865 INFO: Epoch 383: head: Default, loss=0.00266721, RMSE_E_per_atom=    0.47 meV, RMSE_F=   23.10 meV / A
2026-08-29 08:18:52.357 INFO: Epoch 384: head: Default, loss=0.00266752, RMSE_E_per_atom=    0.47 meV, RMSE_F=   23.10 meV / A
2026-08-29 08:18:59.852 INFO: Epoch 385: head: Default, loss=0.00266053, RMSE_E_per_atom=    0.48 meV, RMSE_F=   23.07 meV / A
2026-08-29 08:19:07.373 INFO: Epoch 386: head: Default, loss=0.00265409, RMSE_E_per_atom=    0.75 meV, RMSE_F=   23.04 meV / A
2026-08-29 08:19:14.936 INFO: Epoch 387: head: Default, loss=0.00265380, RMSE_E_per_atom=    0.58 meV, RMSE_F=   23.04 meV / A
2026-08-29 08:19:22.432 INFO: Epoch 388: head: Default, loss=0.00265191, RMSE_E_per_atom=    0.57 meV, RMSE_F=   23.03 meV / A
2026-08-29 08:19:29.898 INFO: Epoch 389: head: Default, loss=0.00265365, RMSE_E_per_atom=    0.57 meV, RMSE_F=   23.04 meV / A
2026-08-29 08:19:37.380 INFO: Epoch 390: head: Default, loss=0.00265643, RMSE_E_per_atom=    0.52 meV, RMSE_F=   23.05 meV / A
2026-08-29 08:19:44.953 INFO: Epoch 391: head: Default, loss=0.00265930, RMSE_E_per_atom=    0.47 meV, RMSE_F=   23.06 meV / A
2026-08-29 08:19:52.527 INFO: Epoch 392: head: Default, loss=0.00266057, RMSE_E_per_atom=    0.49 meV, RMSE_F=   23.07 meV / A
2026-08-29 08:20:00.123 INFO: Epoch 393: head: Default, loss=0.00265953, RMSE_E_per_atom=    0.44 meV, RMSE_F=   23.06 meV / A
2026-08-29 08:20:07.668 INFO: Epoch 394: head: Default, loss=0.00266251, RMSE_E_per_atom=    0.44 meV, RMSE_F=   23.08 meV / A
2026-08-29 08:20:15.186 INFO: Epoch 395: head: Default, loss=0.00266517, RMSE_E_per_atom=    0.43 meV, RMSE_F=   23.09 meV / A
2026-08-29 08:20:22.715 INFO: Epoch 396: head: Default, loss=0.00266770, RMSE_E_per_atom=    0.42 meV, RMSE_F=   23.10 meV / A
2026-08-29 08:20:30.314 INFO: Epoch 397: head: Default, loss=0.00266880, RMSE_E_per_atom=    0.42 meV, RMSE_F=   23.10 meV / A
2026-08-29 08:20:37.651 INFO: Epoch 398: head: Default, loss=0.00267023, RMSE_E_per_atom=    0.41 meV, RMSE_F=   23.11 meV / A
2026-08-29 08:20:44.982 INFO: Epoch 399: head: Default, loss=0.00267099, RMSE_E_per_atom=    0.45 meV, RMSE_F=   23.11 meV / A
2026-08-29 08:20:52.320 INFO: Epoch 400: head: Default, loss=0.00266908, RMSE_E_per_atom=    0.43 meV, RMSE_F=   23.10 meV / A
2026-08-29 08:20:59.643 INFO: Epoch 401: head: Default, loss=0.00266848, RMSE_E_per_atom=    0.40 meV, RMSE_F=   23.10 meV / A
2026-08-29 08:21:06.977 INFO: Epoch 402: head: Default, loss=0.00266853, RMSE_E_per_atom=    0.42 meV, RMSE_F=   23.10 meV / A
2026-08-29 08:21:14.342 INFO: Epoch 403: head: Default, loss=0.00266753, RMSE_E_per_atom=    0.40 meV, RMSE_F=   23.10 meV / A
2026-08-29 08:21:21.728 INFO: Epoch 404: head: Default, loss=0.00266553, RMSE_E_per_atom=    0.40 meV, RMSE_F=   23.09 meV / A
2026-08-29 08:21:29.062 INFO: Epoch 405: head: Default, loss=0.00266391, RMSE_E_per_atom=    0.41 meV, RMSE_F=   23.08 meV / A
2026-08-29 08:21:36.397 INFO: Epoch 406: head: Default, loss=0.00266338, RMSE_E_per_atom=    0.45 meV, RMSE_F=   23.08 meV / A
2026-08-29 08:21:43.730 INFO: Epoch 407: head: Default, loss=0.00266421, RMSE_E_per_atom=    0.42 meV, RMSE_F=   23.08 meV / A
2026-08-29 08:21:51.082 INFO: Epoch 408: head: Default, loss=0.00266302, RMSE_E_per_atom=    0.43 meV, RMSE_F=   23.08 meV / A
2026-08-29 08:21:58.418 INFO: Epoch 409: head: Default, loss=0.00266434, RMSE_E_per_atom=    0.43 meV, RMSE_F=   23.08 meV / A
2026-08-29 08:22:05.756 INFO: Epoch 410: head: Default, loss=0.00266419, RMSE_E_per_atom=    0.45 meV, RMSE_F=   23.08 meV / A
2026-08-29 08:22:13.096 INFO: Epoch 411: head: Default, loss=0.00266149, RMSE_E_per_atom=    0.41 meV, RMSE_F=   23.07 meV / A
2026-08-29 08:22:20.447 INFO: Epoch 412: head: Default, loss=0.00265936, RMSE_E_per_atom=    0.43 meV, RMSE_F=   23.06 meV / A
2026-08-29 08:22:27.777 INFO: Epoch 413: head: Default, loss=0.00266262, RMSE_E_per_atom=    0.41 meV, RMSE_F=   23.08 meV / A
2026-08-29 08:22:35.113 INFO: Epoch 414: head: Default, loss=0.00266326, RMSE_E_per_atom=    0.41 meV, RMSE_F=   23.08 meV / A
2026-08-29 08:22:42.467 INFO: Epoch 415: head: Default, loss=0.00266272, RMSE_E_per_atom=    0.39 meV, RMSE_F=   23.08 meV / A
2026-08-29 08:22:49.830 INFO: Epoch 416: head: Default, loss=0.00266143, RMSE_E_per_atom=    0.43 meV, RMSE_F=   23.07 meV / A
2026-08-29 08:22:57.192 INFO: Epoch 417: head: Default, loss=0.00266448, RMSE_E_per_atom=    0.46 meV, RMSE_F=   23.08 meV / A
2026-08-29 08:23:04.554 INFO: Epoch 418: head: Default, loss=0.00266180, RMSE_E_per_atom=    0.51 meV, RMSE_F=   23.07 meV / A
2026-08-29 08:23:11.921 INFO: Epoch 419: head: Default, loss=0.00265713, RMSE_E_per_atom=    0.46 meV, RMSE_F=   23.05 meV / A
2026-08-29 08:23:19.287 INFO: Epoch 420: head: Default, loss=0.00265625, RMSE_E_per_atom=    0.45 meV, RMSE_F=   23.05 meV / A
2026-08-29 08:23:26.649 INFO: Epoch 421: head: Default, loss=0.00265868, RMSE_E_per_atom=    0.43 meV, RMSE_F=   23.06 meV / A
2026-08-29 08:23:34.032 INFO: Epoch 422: head: Default, loss=0.00266107, RMSE_E_per_atom=    0.43 meV, RMSE_F=   23.07 meV / A
2026-08-29 08:23:41.392 INFO: Epoch 423: head: Default, loss=0.00266405, RMSE_E_per_atom=    0.43 meV, RMSE_F=   23.08 meV / A
2026-08-29 08:23:48.753 INFO: Epoch 424: head: Default, loss=0.00266159, RMSE_E_per_atom=    0.44 meV, RMSE_F=   23.07 meV / A
2026-08-29 08:23:56.127 INFO: Epoch 425: head: Default, loss=0.00266419, RMSE_E_per_atom=    0.44 meV, RMSE_F=   23.08 meV / A
2026-08-29 08:24:03.489 INFO: Epoch 426: head: Default, loss=0.00266697, RMSE_E_per_atom=    0.40 meV, RMSE_F=   23.10 meV / A
2026-08-29 08:24:10.853 INFO: Epoch 427: head: Default, loss=0.00266744, RMSE_E_per_atom=    0.43 meV, RMSE_F=   23.10 meV / A
2026-08-29 08:24:18.222 INFO: Epoch 428: head: Default, loss=0.00267060, RMSE_E_per_atom=    0.42 meV, RMSE_F=   23.11 meV / A
2026-08-29 08:24:25.598 INFO: Epoch 429: head: Default, loss=0.00267311, RMSE_E_per_atom=    0.40 meV, RMSE_F=   23.12 meV / A
2026-08-29 08:24:32.961 INFO: Epoch 430: head: Default, loss=0.00266968, RMSE_E_per_atom=    0.44 meV, RMSE_F=   23.11 meV / A
2026-08-29 08:24:40.321 INFO: Epoch 431: head: Default, loss=0.00266885, RMSE_E_per_atom=    0.44 meV, RMSE_F=   23.10 meV / A
2026-08-29 08:24:47.682 INFO: Epoch 432: head: Default, loss=0.00266030, RMSE_E_per_atom=    0.45 meV, RMSE_F=   23.07 meV / A
2026-08-29 08:24:55.051 INFO: Epoch 433: head: Default, loss=0.00266049, RMSE_E_per_atom=    0.42 meV, RMSE_F=   23.07 meV / A
2026-08-29 08:25:02.414 INFO: Epoch 434: head: Default, loss=0.00266193, RMSE_E_per_atom=    0.45 meV, RMSE_F=   23.07 meV / A
2026-08-29 08:25:09.788 INFO: Epoch 435: head: Default, loss=0.00266212, RMSE_E_per_atom=    0.43 meV, RMSE_F=   23.07 meV / A
2026-08-29 08:25:17.154 INFO: Epoch 436: head: Default, loss=0.00266161, RMSE_E_per_atom=    0.41 meV, RMSE_F=   23.07 meV / A
2026-08-29 08:25:24.535 INFO: Epoch 437: head: Default, loss=0.00266277, RMSE_E_per_atom=    0.41 meV, RMSE_F=   23.08 meV / A
2026-08-29 08:25:31.899 INFO: Epoch 438: head: Default, loss=0.00266437, RMSE_E_per_atom=    0.40 meV, RMSE_F=   23.08 meV / A
2026-08-29 08:25:39.267 INFO: Epoch 439: head: Default, loss=0.00266352, RMSE_E_per_atom=    0.42 meV, RMSE_F=   23.08 meV / A
2026-08-29 08:25:46.641 INFO: Epoch 440: head: Default, loss=0.00266042, RMSE_E_per_atom=    0.42 meV, RMSE_F=   23.07 meV / A
2026-08-29 08:25:54.005 INFO: Epoch 441: head: Default, loss=0.00266135, RMSE_E_per_atom=    0.40 meV, RMSE_F=   23.07 meV / A
2026-08-29 08:26:01.371 INFO: Epoch 442: head: Default, loss=0.00266392, RMSE_E_per_atom=    0.40 meV, RMSE_F=   23.08 meV / A
2026-08-29 08:26:08.738 INFO: Epoch 443: head: Default, loss=0.00266852, RMSE_E_per_atom=    0.41 meV, RMSE_F=   23.10 meV / A
2026-08-29 08:26:16.117 INFO: Epoch 444: head: Default, loss=0.00267148, RMSE_E_per_atom=    0.42 meV, RMSE_F=   23.11 meV / A
2026-08-29 08:26:23.485 INFO: Epoch 445: head: Default, loss=0.00267371, RMSE_E_per_atom=    0.40 meV, RMSE_F=   23.12 meV / A
2026-08-29 08:26:30.873 INFO: Epoch 446: head: Default, loss=0.00267801, RMSE_E_per_atom=    0.41 meV, RMSE_F=   23.14 meV / A
2026-08-29 08:26:38.236 INFO: Epoch 447: head: Default, loss=0.00267913, RMSE_E_per_atom=    0.40 meV, RMSE_F=   23.15 meV / A
2026-08-29 08:26:45.601 INFO: Epoch 448: head: Default, loss=0.00268015, RMSE_E_per_atom=    0.38 meV, RMSE_F=   23.15 meV / A
2026-08-29 08:26:52.962 INFO: Epoch 449: head: Default, loss=0.00268249, RMSE_E_per_atom=    0.41 meV, RMSE_F=   23.16 meV / A
2026-08-29 08:27:00.334 INFO: Epoch 450: head: Default, loss=0.00268479, RMSE_E_per_atom=    0.39 meV, RMSE_F=   23.17 meV / A
2026-08-29 08:27:07.720 INFO: Epoch 451: head: Default, loss=0.00268330, RMSE_E_per_atom=    0.40 meV, RMSE_F=   23.17 meV / A
2026-08-29 08:27:15.088 INFO: Epoch 452: head: Default, loss=0.00268354, RMSE_E_per_atom=    0.39 meV, RMSE_F=   23.17 meV / A
2026-08-29 08:27:22.470 INFO: Epoch 453: head: Default, loss=0.00268284, RMSE_E_per_atom=    0.38 meV, RMSE_F=   23.16 meV / A
2026-08-29 08:27:29.836 INFO: Epoch 454: head: Default, loss=0.00268450, RMSE_E_per_atom=    0.39 meV, RMSE_F=   23.17 meV / A
2026-08-29 08:27:37.200 INFO: Epoch 455: head: Default, loss=0.00268465, RMSE_E_per_atom=    0.39 meV, RMSE_F=   23.17 meV / A
2026-08-29 08:27:44.563 INFO: Epoch 456: head: Default, loss=0.00268370, RMSE_E_per_atom=    0.39 meV, RMSE_F=   23.17 meV / A
2026-08-29 08:27:51.936 INFO: Epoch 457: head: Default, loss=0.00268510, RMSE_E_per_atom=    0.39 meV, RMSE_F=   23.17 meV / A
2026-08-29 08:27:59.307 INFO: Epoch 458: head: Default, loss=0.00268610, RMSE_E_per_atom=    0.38 meV, RMSE_F=   23.18 meV / A
2026-08-29 08:28:06.673 INFO: Epoch 459: head: Default, loss=0.00268455, RMSE_E_per_atom=    0.40 meV, RMSE_F=   23.17 meV / A
2026-08-29 08:28:14.037 INFO: Epoch 460: head: Default, loss=0.00268418, RMSE_E_per_atom=    0.40 meV, RMSE_F=   23.17 meV / A
2026-08-29 08:28:21.415 INFO: Epoch 461: head: Default, loss=0.00268313, RMSE_E_per_atom=    0.39 meV, RMSE_F=   23.17 meV / A
2026-08-29 08:28:28.787 INFO: Epoch 462: head: Default, loss=0.00268069, RMSE_E_per_atom=    0.40 meV, RMSE_F=   23.15 meV / A
2026-08-29 08:28:36.152 INFO: Epoch 463: head: Default, loss=0.00268083, RMSE_E_per_atom=    0.39 meV, RMSE_F=   23.16 meV / A
2026-08-29 08:28:43.528 INFO: Epoch 464: head: Default, loss=0.00268068, RMSE_E_per_atom=    0.40 meV, RMSE_F=   23.15 meV / A
2026-08-29 08:28:50.902 INFO: Epoch 465: head: Default, loss=0.00267969, RMSE_E_per_atom=    0.40 meV, RMSE_F=   23.15 meV / A
2026-08-29 08:28:58.264 INFO: Epoch 466: head: Default, loss=0.00268261, RMSE_E_per_atom=    0.39 meV, RMSE_F=   23.16 meV / A
2026-08-29 08:29:05.630 INFO: Epoch 467: head: Default, loss=0.00268478, RMSE_E_per_atom=    0.41 meV, RMSE_F=   23.17 meV / A
2026-08-29 08:29:13.010 INFO: Epoch 468: head: Default, loss=0.00268767, RMSE_E_per_atom=    0.39 meV, RMSE_F=   23.18 meV / A
2026-08-29 08:29:20.399 INFO: Epoch 469: head: Default, loss=0.00268867, RMSE_E_per_atom=    0.39 meV, RMSE_F=   23.19 meV / A
2026-08-29 08:29:27.766 INFO: Epoch 470: head: Default, loss=0.00268902, RMSE_E_per_atom=    0.39 meV, RMSE_F=   23.19 meV / A
2026-08-29 08:29:35.136 INFO: Epoch 471: head: Default, loss=0.00268943, RMSE_E_per_atom=    0.38 meV, RMSE_F=   23.19 meV / A
2026-08-29 08:29:42.506 INFO: Epoch 472: head: Default, loss=0.00269113, RMSE_E_per_atom=    0.39 meV, RMSE_F=   23.20 meV / A
2026-08-29 08:29:49.871 INFO: Epoch 473: head: Default, loss=0.00268853, RMSE_E_per_atom=    0.40 meV, RMSE_F=   23.19 meV / A
2026-08-29 08:29:57.234 INFO: Epoch 474: head: Default, loss=0.00269226, RMSE_E_per_atom=    0.41 meV, RMSE_F=   23.20 meV / A
2026-08-29 08:30:04.904 INFO: Epoch 475: head: Default, loss=0.00269083, RMSE_E_per_atom=    0.39 meV, RMSE_F=   23.20 meV / A
2026-08-29 08:30:12.291 INFO: Epoch 476: head: Default, loss=0.00269395, RMSE_E_per_atom=    0.39 meV, RMSE_F=   23.21 meV / A
2026-08-29 08:30:19.656 INFO: Epoch 477: head: Default, loss=0.00269092, RMSE_E_per_atom=    0.37 meV, RMSE_F=   23.20 meV / A
2026-08-29 08:30:27.024 INFO: Epoch 478: head: Default, loss=0.00268954, RMSE_E_per_atom=    0.37 meV, RMSE_F=   23.19 meV / A
2026-08-29 08:30:34.394 INFO: Epoch 479: head: Default, loss=0.00268923, RMSE_E_per_atom=    0.38 meV, RMSE_F=   23.19 meV / A
2026-08-29 08:30:41.768 INFO: Epoch 480: head: Default, loss=0.00268556, RMSE_E_per_atom=    0.39 meV, RMSE_F=   23.18 meV / A
2026-08-29 08:30:49.134 INFO: Epoch 481: head: Default, loss=0.00268506, RMSE_E_per_atom=    0.37 meV, RMSE_F=   23.17 meV / A
2026-08-29 08:30:56.505 INFO: Epoch 482: head: Default, loss=0.00268295, RMSE_E_per_atom=    0.39 meV, RMSE_F=   23.16 meV / A
2026-08-29 08:31:03.874 INFO: Epoch 483: head: Default, loss=0.00268371, RMSE_E_per_atom=    0.39 meV, RMSE_F=   23.17 meV / A
2026-08-29 08:31:11.240 INFO: Epoch 484: head: Default, loss=0.00268011, RMSE_E_per_atom=    0.39 meV, RMSE_F=   23.15 meV / A
2026-08-29 08:31:18.607 INFO: Epoch 485: head: Default, loss=0.00268303, RMSE_E_per_atom=    0.41 meV, RMSE_F=   23.16 meV / A
2026-08-29 08:31:25.969 INFO: Epoch 486: head: Default, loss=0.00268309, RMSE_E_per_atom=    0.41 meV, RMSE_F=   23.16 meV / A
2026-08-29 08:31:33.309 INFO: Epoch 487: head: Default, loss=0.00268428, RMSE_E_per_atom=    0.37 meV, RMSE_F=   23.17 meV / A
2026-08-29 08:31:40.641 INFO: Epoch 488: head: Default, loss=0.00268265, RMSE_E_per_atom=    0.39 meV, RMSE_F=   23.16 meV / A
2026-08-29 08:31:47.978 INFO: Epoch 489: head: Default, loss=0.00268625, RMSE_E_per_atom=    0.41 meV, RMSE_F=   23.18 meV / A
2026-08-29 08:31:55.306 INFO: Epoch 490: head: Default, loss=0.00268523, RMSE_E_per_atom=    0.39 meV, RMSE_F=   23.17 meV / A
2026-08-29 08:32:02.632 INFO: Epoch 491: head: Default, loss=0.00268889, RMSE_E_per_atom=    0.38 meV, RMSE_F=   23.19 meV / A
2026-08-29 08:32:09.962 INFO: Epoch 492: head: Default, loss=0.00269192, RMSE_E_per_atom=    0.40 meV, RMSE_F=   23.20 meV / A
2026-08-29 08:32:17.292 INFO: Epoch 493: head: Default, loss=0.00269482, RMSE_E_per_atom=    0.38 meV, RMSE_F=   23.22 meV / A
2026-08-29 08:32:24.635 INFO: Epoch 494: head: Default, loss=0.00269786, RMSE_E_per_atom=    0.39 meV, RMSE_F=   23.23 meV / A
2026-08-29 08:32:31.962 INFO: Epoch 495: head: Default, loss=0.00270095, RMSE_E_per_atom=    0.39 meV, RMSE_F=   23.24 meV / A
2026-08-29 08:32:39.303 INFO: Epoch 496: head: Default, loss=0.00270398, RMSE_E_per_atom=    0.38 meV, RMSE_F=   23.25 meV / A
2026-08-29 08:32:46.637 INFO: Epoch 497: head: Default, loss=0.00270629, RMSE_E_per_atom=    0.38 meV, RMSE_F=   23.26 meV / A
2026-08-29 08:32:53.970 INFO: Epoch 498: head: Default, loss=0.00270474, RMSE_E_per_atom=    0.38 meV, RMSE_F=   23.26 meV / A
2026-08-29 08:33:01.447 INFO: Epoch 499: head: Default, loss=0.00270579, RMSE_E_per_atom=    0.39 meV, RMSE_F=   23.26 meV / A
2026-08-29 08:33:01.448 INFO: Training complete
2026-08-29 08:33:01.448 INFO: 
2026-08-29 08:33:01.448 INFO: ===========RESULTS===========
2026-08-29 08:33:22.723 INFO: Loading checkpoint: ./checkpoints/MACE_FPS_150_DFT_Li3PS4_run-123_epoch-388.pt
2026-08-29 08:33:22.824 INFO: Loaded Stage one model from epoch 388 for evaluation
2026-08-29 08:33:22.824 INFO: Saving model to checkpoints/MACE_FPS_150_DFT_Li3PS4_run-123.model
2026-08-29 08:33:23.010 INFO: Compiling model, saving metadata to MACE_FPS_150_DFT_Li3PS4_compiled.model
2026-08-29 08:33:23.655 INFO: Computing metrics for training, validation, and test sets
2026-08-29 08:33:23.655 INFO: Skipping evaluation for heads: ['pt_head']
2026-08-29 08:33:23.656 INFO: Evaluating train_Default ...
2026-08-29 08:33:24.565 INFO: Evaluating valid_Default ...
2026-08-29 08:33:30.013 INFO: Error-table on TRAIN and VALID:
+---------------+---------------------+------------------+-------------------+
|  config_type  | RMSE E / meV / atom | RMSE F / meV / A | relative F RMSE % |
+---------------+---------------------+------------------+-------------------+
| train_Default |            0.5      |         14.2     |          2.17     |
| valid_Default |            0.6      |         23.0     |          3.70     |
+---------------+---------------------+------------------+-------------------+
2026-08-29 08:33:30.013 INFO: Evaluating Default_Default ...
2026-08-29 08:39:24.284 INFO: Error-table on TEST:
+-----------------+---------------------+------------------+-------------------+
|   config_type   | RMSE E / meV / atom | RMSE F / meV / A | relative F RMSE % |
+-----------------+---------------------+------------------+-------------------+
| Default_Default |            0.6      |         23.0     |          3.68     |
+-----------------+---------------------+------------------+-------------------+
2026-08-29 08:39:24.323 INFO: Done
